/nas-ctm01/homes/fmferreira/.conda/envs/ai4lungs/lib/python3.11/site-packages/torchmetrics/utilities/imports.py:22: UserWarning: pkg_resources is deprecated as an API. See https://setuptools.pypa.io/en/latest/pkg_resources.html. The pkg_resources package is slated for removal as early as 2025-11-30. Refrain from using this package or pin to Setuptools<81.
  from pkg_resources import DistributionNotFound, get_distribution
/nas-ctm01/homes/fmferreira/.conda/envs/ai4lungs/lib/python3.11/site-packages/timm/models/layers/__init__.py:48: FutureWarning: Importing from timm.models.layers is deprecated, please import via timm.layers
  warnings.warn(f"Importing from {__name__} is deprecated, please import via timm.layers", FutureWarning)
/nas-ctm01/homes/fmferreira/.conda/envs/ai4lungs/lib/python3.11/site-packages/lightning_fabric/plugins/environments/slurm.py:204: The `srun` command is available on your system but is not used. HINT: If your intention is to run Lightning on SLURM, prepend your python command with `srun` like so: srun python encoder_survivalhead.py --config-name config_ws.yaml ...
GPU available: True (cuda), used: True
TPU available: False, using: 0 TPU cores
You are using a CUDA device ('NVIDIA A100 80GB PCIe') that has Tensor Cores. To properly utilize them, you should set `torch.set_float32_matmul_precision('medium' | 'high')` which will trade-off precision for performance. For more details, read https://pytorch.org/docs/stable/generated/torch.set_float32_matmul_precision.html#torch.set_float32_matmul_precision
/nas-ctm01/homes/fmferreira/.conda/envs/ai4lungs/lib/python3.11/site-packages/wandb/apis/public.py:3106: UserWarning: pkg_resources is deprecated as an API. See https://setuptools.pypa.io/en/latest/pkg_resources.html. The pkg_resources package is slated for removal as early as 2025-11-30. Refrain from using this package or pin to Setuptools<81.
  from pkg_resources import parse_version
wandb: Currently logged in as: franciscosacouto (franciscosacouto-inesc-tec). Use `wandb login --relogin` to force relogin
wandb: - Waiting for wandb.init()...wandb: \ Waiting for wandb.init()...wandb: wandb version 0.25.0 is available!  To upgrade, please run:
wandb:  $ pip install wandb --upgrade
wandb: Tracking run with wandb version 0.15.2
wandb: Run data is saved locally in ./wandb/run-20260302_183406-raqahckw
wandb: Run `wandb offline` to turn off syncing.
wandb: Syncing run test_multimodal_Fold_1
wandb: ⭐️ View project at https://wandb.ai/franciscosacouto-inesc-tec/test_encoder
wandb: 🚀 View run at https://wandb.ai/franciscosacouto-inesc-tec/test_encoder/runs/raqahckw
/nas-ctm01/homes/fmferreira/.conda/envs/ai4lungs/lib/python3.11/site-packages/pytorch_lightning/callbacks/model_checkpoint.py:881: Checkpoint directory /nas-ctm01/homes/fmferreira/AI4LUNGS/checkpoints/fold_00 exists and is not empty.
LOCAL_RANK: 0 - CUDA_VISIBLE_DEVICES: [0]
/nas-ctm01/homes/fmferreira/.conda/envs/ai4lungs/lib/python3.11/site-packages/pytorch_lightning/loops/fit_loop.py:534: Found 690 module(s) in eval mode at the start of training. This may lead to unexpected behavior during training. If this is intentional, you can ignore this warning.
Restoring states from the checkpoint path at /nas-ctm01/homes/fmferreira/AI4LUNGS/checkpoints/fold_00/besttest_multimodal-epoch=29-val_loss=0.61.ckpt
LOCAL_RANK: 0 - CUDA_VISIBLE_DEVICES: [0]
Loaded model weights from the checkpoint at /nas-ctm01/homes/fmferreira/AI4LUNGS/checkpoints/fold_00/besttest_multimodal-epoch=29-val_loss=0.61.ckpt
wandb: Waiting for W&B process to finish... (success).
wandb: 
wandb: Run history:
wandb:               epoch ▁▁▁▁▂▂▂▂▂▃▃▃▃▃▃▄▄▄▄▄▅▅▅▅▅▅▆▆▆▆▆▆▇▇▇▇▇███
wandb:          test_auroc ▁
wandb:   test_balanced_acc ▁
wandb:         test_cindex ▁
wandb:       test_f1_score ▁
wandb:            test_ibs ▁
wandb:      test_precision ▁
wandb:         test_recall ▁
wandb:    train_loss_epoch █▇▇▇▆▆▆▆▆▅▅▆▅▅▅▄▄▄▄▄▃▃▃▃▃▃▅▃▃▃▂▂▂▂▃▂▂▁▂▃
wandb:     train_loss_step █▆▇▆▄▃▆▇▅▅▅▄▆▅▅▃▅▅▅▆▇▁▃▄▇█▁▂▃▄▃▃▂▅▆▄▂▃▂▄
wandb: trainer/global_step ▁▁▁▁▂▂▂▂▂▃▃▃▃▃▃▄▄▄▄▄▄▅▅▅▅▆▆▆▆▆▆▇▇▇▇▇████
wandb:           val_auroc ▁▂▁▃▃▃▄▄▄▅▄▄▅▄▄▅▅▅▅▅▆▅▅▆▅▆▇▇▇▇█▇████████
wandb:    val_balanced_acc ▅▅▅▅▅▅▅▄█▆▇▅▅▆▆▅▄▃▂▄▃▃▃▂▂▃▃▁▁▃▃▄▃▄▃▄▃▃▁▃
wandb:          val_cindex ▂▂▁▃▂▂▃▄▄▄▄▄▅▄▅▅▄▄▅▅▅▆▆▆▆▇▇▇▇▇█▇████▇▇▇▇
wandb:        val_f1_score ███████▇▇▆▆▅▅▅▄▄▄▃▂▃▃▂▂▂▂▂▁▁▁▂▂▃▂▃▂▂▁▁▁▂
wandb:             val_ibs ▇████▇▆▅▃▃▃▂▁▁▁▁▂▂▂▂▂▂▁▃▂▂▂▃▂▃▃▃▄▃▂▃▄▅▅▅
wandb:            val_loss ▇▇████▇▆▅▅▅▄▃▃▃▃▄▃▃▃▄▃▃▄▄▃▁▂▂▂▂▃▄▃▂▃▄▅▇▆
wandb:       val_precision ▁▁▁▁▁▁▁▇███▇▇██▇▇▇▇▇▇▇▇▇▇▇▇▆▆▇▇▇▇▇▇▇▇▇▆▇
wandb:          val_recall ▅▅▅▅▅▅▅▄█▆▇▅▅▆▆▅▄▃▂▄▃▃▃▂▂▃▃▁▁▃▃▄▃▄▃▄▃▃▁▃
wandb: 
wandb: Run summary:
wandb:               epoch 45
wandb:          test_auroc 0.5463
wandb:   test_balanced_acc 0.49167
wandb:         test_cindex 0.54056
wandb:       test_f1_score 0.26667
wandb:            test_ibs 0.1317
wandb:      test_precision 0.49273
wandb:         test_recall 0.49167
wandb:    train_loss_epoch 0.37216
wandb:     train_loss_step 0.44019
wandb: trainer/global_step 450
wandb:           val_auroc 0.54054
wandb:    val_balanced_acc 0.46759
wandb:          val_cindex 0.50826
wandb:        val_f1_score 0.19231
wandb:             val_ibs 0.13255
wandb:            val_loss 0.67884
wandb:       val_precision 0.46585
wandb:          val_recall 0.46759
wandb: 
wandb: 🚀 View run test_multimodal_Fold_1 at: https://wandb.ai/franciscosacouto-inesc-tec/test_encoder/runs/raqahckw
wandb: Synced 6 W&B file(s), 11 media file(s), 0 artifact file(s) and 0 other file(s)
wandb: Find logs at: ./wandb/run-20260302_183406-raqahckw/logs
/nas-ctm01/homes/fmferreira/.conda/envs/ai4lungs/lib/python3.11/site-packages/lightning_fabric/plugins/environments/slurm.py:204: The `srun` command is available on your system but is not used. HINT: If your intention is to run Lightning on SLURM, prepend your python command with `srun` like so: srun python encoder_survivalhead.py --config-name config_ws.yaml ...
GPU available: True (cuda), used: True
TPU available: False, using: 0 TPU cores
wandb: - Waiting for wandb.init()...wandb: \ Waiting for wandb.init()...wandb: | Waiting for wandb.init()...wandb: wandb version 0.25.0 is available!  To upgrade, please run:
wandb:  $ pip install wandb --upgrade
wandb: Tracking run with wandb version 0.15.2
wandb: Run data is saved locally in ./wandb/run-20260302_184117-sravczb5
wandb: Run `wandb offline` to turn off syncing.
wandb: Syncing run test_multimodal_Fold_2
wandb: ⭐️ View project at https://wandb.ai/franciscosacouto-inesc-tec/test_encoder
wandb: 🚀 View run at https://wandb.ai/franciscosacouto-inesc-tec/test_encoder/runs/sravczb5
/nas-ctm01/homes/fmferreira/.conda/envs/ai4lungs/lib/python3.11/site-packages/pytorch_lightning/callbacks/model_checkpoint.py:881: Checkpoint directory /nas-ctm01/homes/fmferreira/AI4LUNGS/checkpoints/fold_01 exists and is not empty.
LOCAL_RANK: 0 - CUDA_VISIBLE_DEVICES: [0]
/nas-ctm01/homes/fmferreira/.conda/envs/ai4lungs/lib/python3.11/site-packages/pytorch_lightning/loops/fit_loop.py:534: Found 690 module(s) in eval mode at the start of training. This may lead to unexpected behavior during training. If this is intentional, you can ignore this warning.
Restoring states from the checkpoint path at /nas-ctm01/homes/fmferreira/AI4LUNGS/checkpoints/fold_01/besttest_multimodal-epoch=12-val_loss=0.68.ckpt
LOCAL_RANK: 0 - CUDA_VISIBLE_DEVICES: [0]
Loaded model weights from the checkpoint at /nas-ctm01/homes/fmferreira/AI4LUNGS/checkpoints/fold_01/besttest_multimodal-epoch=12-val_loss=0.68.ckpt
wandb: Waiting for W&B process to finish... (success).
wandb: - 0.373 MB of 0.373 MB uploaded (0.000 MB deduped)wandb: \ 0.373 MB of 0.373 MB uploaded (0.000 MB deduped)wandb: | 0.373 MB of 0.373 MB uploaded (0.000 MB deduped)wandb: / 0.373 MB of 0.373 MB uploaded (0.000 MB deduped)wandb: - 0.373 MB of 0.373 MB uploaded (0.000 MB deduped)wandb: 
wandb: Run history:
wandb:               epoch ▁▁▁▁▁▂▂▂▂▃▃▃▃▃▃▃▄▄▄▄▅▅▅▅▅▅▅▆▆▆▆▇▇▇▇▇▇▇██
wandb:          test_auroc ▁
wandb:   test_balanced_acc ▁
wandb:         test_cindex ▁
wandb:       test_f1_score ▁
wandb:            test_ibs ▁
wandb:      test_precision ▁
wandb:         test_recall ▁
wandb:    train_loss_epoch █▇▆▆▆▆▆▄▅▅▅▄▄▃▃▃▃▃▂▃▂▂▂▂▂▂▁▁
wandb:     train_loss_step ▇█▅▆▆▆█▃▅▅▃▆▄▄▅▅▃▃▃▃▃▇▃▇▃▄▄▁
wandb: trainer/global_step ▁▁▁▂▂▂▂▂▂▃▃▃▃▃▄▄▄▄▄▄▅▅▅▅▅▆▆▆▆▆▆▇▇▇▇▇████
wandb:           val_auroc ▅██▇▆▇▇▆▆▆▆▆▆▆▆▅▄▄▄▃▃▃▂▁▂▂▂▃
wandb:    val_balanced_acc ▅▅▅▅▅▅▅▅▆▆█▆▅▅▅▄▅▅▄▃▃▄▄▂▃▄▁▃
wandb:          val_cindex ▇▆█▇▆▆▅▄▄▆▅▅▅▅▅▄▄▃▃▁▁▁▁▂▃▂▂▂
wandb:        val_f1_score ▇▇▇▇▇▇▇▇▇▇█▆▅▅▅▅▅▅▄▄▃▄▄▂▃▄▁▃
wandb:             val_ibs ▅▆▇██▇▆▅▃▂▁▁▁▁▂▃▄▅▄▄▄▃▃▄▄▅▄▄
wandb:            val_loss ▅▆▇▇█▇▆▅▄▂▂▁▁▁▂▄▇█▆▅▅▄▄▆▆█▇▇
wandb:       val_precision ▁▁▁▁▁▁▁▆█▇█▇▇▇▇▇▇▇▇▇▇▇▇▆▇▇▆▇
wandb:          val_recall ▅▅▅▅▅▅▅▅▆▆█▆▅▅▅▄▅▅▄▃▃▄▄▂▃▄▁▃
wandb: 
wandb: Run summary:
wandb:               epoch 28
wandb:          test_auroc 0.50463
wandb:   test_balanced_acc 0.48333
wandb:         test_cindex 0.49356
wandb:       test_f1_score 0.35135
wandb:            test_ibs 0.13967
wandb:      test_precision 0.48575
wandb:         test_recall 0.48333
wandb:    train_loss_epoch 0.42608
wandb:     train_loss_step 0.34068
wandb: trainer/global_step 280
wandb:           val_auroc 0.46801
wandb:    val_balanced_acc 0.46528
wandb:          val_cindex 0.45499
wandb:        val_f1_score 0.32609
wandb:             val_ibs 0.14294
wandb:            val_loss 0.72729
wandb:       val_precision 0.47253
wandb:          val_recall 0.46528
wandb: 
wandb: 🚀 View run test_multimodal_Fold_2 at: https://wandb.ai/franciscosacouto-inesc-tec/test_encoder/runs/sravczb5
wandb: Synced 6 W&B file(s), 8 media file(s), 0 artifact file(s) and 0 other file(s)
wandb: Find logs at: ./wandb/run-20260302_184117-sravczb5/logs
/nas-ctm01/homes/fmferreira/.conda/envs/ai4lungs/lib/python3.11/site-packages/lightning_fabric/plugins/environments/slurm.py:204: The `srun` command is available on your system but is not used. HINT: If your intention is to run Lightning on SLURM, prepend your python command with `srun` like so: srun python encoder_survivalhead.py --config-name config_ws.yaml ...
GPU available: True (cuda), used: True
TPU available: False, using: 0 TPU cores
wandb: - Waiting for wandb.init()...wandb: \ Waiting for wandb.init()...wandb: | Waiting for wandb.init()...wandb: wandb version 0.25.0 is available!  To upgrade, please run:
wandb:  $ pip install wandb --upgrade
wandb: Tracking run with wandb version 0.15.2
wandb: Run data is saved locally in ./wandb/run-20260302_184707-5cxgtee6
wandb: Run `wandb offline` to turn off syncing.
wandb: Syncing run test_multimodal_Fold_3
wandb: ⭐️ View project at https://wandb.ai/franciscosacouto-inesc-tec/test_encoder
wandb: 🚀 View run at https://wandb.ai/franciscosacouto-inesc-tec/test_encoder/runs/5cxgtee6
/nas-ctm01/homes/fmferreira/.conda/envs/ai4lungs/lib/python3.11/site-packages/pytorch_lightning/callbacks/model_checkpoint.py:881: Checkpoint directory /nas-ctm01/homes/fmferreira/AI4LUNGS/checkpoints/fold_02 exists and is not empty.
LOCAL_RANK: 0 - CUDA_VISIBLE_DEVICES: [0]
/nas-ctm01/homes/fmferreira/.conda/envs/ai4lungs/lib/python3.11/site-packages/pytorch_lightning/loops/fit_loop.py:534: Found 690 module(s) in eval mode at the start of training. This may lead to unexpected behavior during training. If this is intentional, you can ignore this warning.
Restoring states from the checkpoint path at /nas-ctm01/homes/fmferreira/AI4LUNGS/checkpoints/fold_02/besttest_multimodal-epoch=09-val_loss=0.68.ckpt
LOCAL_RANK: 0 - CUDA_VISIBLE_DEVICES: [0]
Loaded model weights from the checkpoint at /nas-ctm01/homes/fmferreira/AI4LUNGS/checkpoints/fold_02/besttest_multimodal-epoch=09-val_loss=0.68.ckpt
wandb: Waiting for W&B process to finish... (success).
wandb: 
wandb: Run history:
wandb:               epoch ▁▁▁▁▂▂▂▂▂▂▃▃▃▃▃▄▄▄▄▄▄▅▅▅▅▅▅▆▆▆▆▆▇▇▇▇▇▇██
wandb:          test_auroc ▁
wandb:   test_balanced_acc ▁
wandb:         test_cindex ▁
wandb:       test_f1_score ▁
wandb:            test_ibs ▁
wandb:      test_precision ▁
wandb:         test_recall ▁
wandb:    train_loss_epoch █▇▇▆▆▆▅▅▅▄▅▄▄▄▄▄▃▃▂▂▂▂▁▂▁
wandb:     train_loss_step █▆▆▇▆▆▆▅▄▃▅▆▅▅▅▅▅▄▄▆▄▄▁▅▃
wandb: trainer/global_step ▁▁▁▁▂▂▂▂▂▂▃▃▃▃▄▄▄▄▄▄▄▅▅▅▅▅▆▆▆▆▇▇▇▇▇▇████
wandb:           val_auroc ▅▅█▇▆▄▄▃▃▂▂▂▂▂▁▂▂▂▁▁▁▁▂▂▁
wandb:    val_balanced_acc ███████▅▃▂▁▁▄▅▆▆▆▆▆▆█▅▂▁▆
wandb:          val_cindex ▁▂▅█▆▃▃▃▃▂▁▃▃▃▂▃▄▃▄▄▄▃▃▃▃
wandb:        val_f1_score ███████▇▄▂▂▂▂▃▃▃▃▃▃▃▄▂▁▁▃
wandb:             val_ibs ▃▃▃▃▃▃▂▂▁▁▃▃▃▃▃▄▄▅▆▆▆▇▇█▇
wandb:            val_loss ▂▂▃▃▃▃▂▂▁▁▂▂▂▃▃▃▃▃▄▅▅▆▇█▇
wandb:       val_precision ▁▁▁▁▁▁▁▇▇▇▇▇▇█████████▇▇█
wandb:          val_recall ███████▅▃▂▁▁▄▅▆▆▆▆▆▆█▅▂▁▆
wandb: 
wandb: Run summary:
wandb:               epoch 25
wandb:          test_auroc 0.37778
wandb:   test_balanced_acc 0.40833
wandb:         test_cindex 0.40334
wandb:       test_f1_score 0.25397
wandb:            test_ibs 0.13879
wandb:      test_precision 0.43086
wandb:         test_recall 0.40833
wandb:    train_loss_epoch 0.37461
wandb:     train_loss_step 0.36074
wandb: trainer/global_step 250
wandb:           val_auroc 0.39397
wandb:    val_balanced_acc 0.47356
wandb:          val_cindex 0.42014
wandb:        val_f1_score 0.28169
wandb:             val_ibs 0.15882
wandb:            val_loss 0.82735
wandb:       val_precision 0.47996
wandb:          val_recall 0.47356
wandb: 
wandb: 🚀 View run test_multimodal_Fold_3 at: https://wandb.ai/franciscosacouto-inesc-tec/test_encoder/runs/5cxgtee6
wandb: Synced 6 W&B file(s), 7 media file(s), 0 artifact file(s) and 0 other file(s)
wandb: Find logs at: ./wandb/run-20260302_184707-5cxgtee6/logs
