
CondaError: Run 'conda init' before 'conda activate'

/nas-ctm01/homes/fmferreira/.conda/envs/ai4lungs/lib/python3.11/site-packages/lightning_fabric/__init__.py:40: pkg_resources is deprecated as an API. See https://setuptools.pypa.io/en/latest/pkg_resources.html. The pkg_resources package is slated for removal as early as 2025-11-30. Refrain from using this package or pin to Setuptools<81.
/nas-ctm01/homes/fmferreira/.conda/envs/ai4lungs/lib/python3.11/site-packages/timm/models/layers/__init__.py:48: FutureWarning: Importing from timm.models.layers is deprecated, please import via timm.layers
  warnings.warn(f"Importing from {__name__} is deprecated, please import via timm.layers", FutureWarning)
/nas-ctm01/homes/fmferreira/.conda/envs/ai4lungs/lib/python3.11/site-packages/albumentations/core/validation.py:114: UserWarning: ShiftScaleRotate is a special case of Affine transform. Please use Affine transform instead.
  original_init(self, **validated_kwargs)
/nas-ctm01/homes/fmferreira/AI4LUNGS/ct_image_augmenter.py:100: UserWarning: Argument(s) 'max_holes, max_height, max_width' are not valid for transform CoarseDropout
  A.CoarseDropout(max_holes=8, max_height=8, max_width=8, p=0.7)
/nas-ctm01/homes/fmferreira/AI4LUNGS/ct_image_augmenter.py:114: UserWarning: Argument(s) 'mean' are not valid for transform GaussNoise
  A.GaussNoise(std_range= (0.1, 0.15), mean = (0.0, 0.0), p=1.0), # Introduces too much noise
/nas-ctm01/homes/fmferreira/AI4LUNGS/ct_image_augmenter.py:41: UserWarning: Argument(s) 'always_apply' are not valid for transform BasicTransform
  super().__init__(always_apply=always_apply, p=p)
/nas-ctm01/homes/fmferreira/AI4LUNGS/ct_image_augmenter.py:133: UserWarning: Argument(s) 'shift_limit' are not valid for transform OpticalDistortion
  A.OpticalDistortion(distort_limit=0.2, shift_limit=0.0, p=0.7)
/nas-ctm01/homes/fmferreira/.conda/envs/ai4lungs/lib/python3.11/site-packages/torch/utils/checkpoint.py:429: UserWarning: torch.utils.checkpoint: please pass in use_reentrant=True or use_reentrant=False explicitly. The default value of use_reentrant will be updated to be False in the future. To maintain current behavior, pass use_reentrant=True. It is recommended that you use use_reentrant=False. Refer to docs for more details on the differences between the two variants.
  warnings.warn(
/nas-ctm01/homes/fmferreira/.conda/envs/ai4lungs/lib/python3.11/site-packages/torch/utils/checkpoint.py:61: UserWarning: None of the inputs have requires_grad=True. Gradients will be None
  warnings.warn(
/nas-ctm01/homes/fmferreira/.conda/envs/ai4lungs/lib/python3.11/site-packages/lightning_fabric/plugins/environments/slurm.py:191: The `srun` command is available on your system but is not used. HINT: If your intention is to run Lightning on SLURM, prepend your python command with `srun` like so: srun python encoder_survivalhead.py --config-name config_ws.yaml ...
GPU available: True (cuda), used: True
TPU available: False, using: 0 TPU cores
IPU available: False, using: 0 IPUs
HPU available: False, using: 0 HPUs
You are using a CUDA device ('NVIDIA A100 80GB PCIe') that has Tensor Cores. To properly utilize them, you should set `torch.set_float32_matmul_precision('medium' | 'high')` which will trade-off precision for performance. For more details, read https://pytorch.org/docs/stable/generated/torch.set_float32_matmul_precision.html#torch.set_float32_matmul_precision
/nas-ctm01/homes/fmferreira/.conda/envs/ai4lungs/lib/python3.11/site-packages/wandb/apis/public.py:3106: UserWarning: pkg_resources is deprecated as an API. See https://setuptools.pypa.io/en/latest/pkg_resources.html. The pkg_resources package is slated for removal as early as 2025-11-30. Refrain from using this package or pin to Setuptools<81.
  from pkg_resources import parse_version
wandb: Currently logged in as: franciscosacouto (franciscosacouto-inesc-tec). Use `wandb login --relogin` to force relogin
wandb: wandb version 0.24.0 is available!  To upgrade, please run:
wandb:  $ pip install wandb --upgrade
wandb: Tracking run with wandb version 0.15.2
wandb: Run data is saved locally in ./wandb/run-20260122_130345-t6cfp9zl
wandb: Run `wandb offline` to turn off syncing.
wandb: Syncing run whole_slice_unfreezed_e-4_captum_Fold_1
wandb: ⭐️ View project at https://wandb.ai/franciscosacouto-inesc-tec/evaluate_region_of_interest
wandb: 🚀 View run at https://wandb.ai/franciscosacouto-inesc-tec/evaluate_region_of_interest/runs/t6cfp9zl
/nas-ctm01/homes/fmferreira/.conda/envs/ai4lungs/lib/python3.11/site-packages/pytorch_lightning/callbacks/model_checkpoint.py:639: Checkpoint directory /nas-ctm01/homes/fmferreira/AI4LUNGS/checkpoints/fold_00 exists and is not empty.
LOCAL_RANK: 0 - CUDA_VISIBLE_DEVICES: [0]

  | Name           | Type             | Params
----------------------------------------------------
0 | survival_head  | Sequential       | 283 K 
1 | vision_encoder | DaViT            | 360 M 
2 | f1score        | BinaryF1Score    | 0     
3 | stats_metric   | BinaryStatScores | 0     
----------------------------------------------------
360 M     Trainable params
0         Non-trainable params
360 M     Total params
1,443.678 Total estimated model params size (MB)
/nas-ctm01/homes/fmferreira/.conda/envs/ai4lungs/lib/python3.11/site-packages/torch/utils/checkpoint.py:429: UserWarning: torch.utils.checkpoint: please pass in use_reentrant=True or use_reentrant=False explicitly. The default value of use_reentrant will be updated to be False in the future. To maintain current behavior, pass use_reentrant=True. It is recommended that you use use_reentrant=False. Refer to docs for more details on the differences between the two variants.
  warnings.warn(
/nas-ctm01/homes/fmferreira/.conda/envs/ai4lungs/lib/python3.11/site-packages/torch/utils/checkpoint.py:61: UserWarning: None of the inputs have requires_grad=True. Gradients will be None
  warnings.warn(
/nas-ctm01/homes/fmferreira/.conda/envs/ai4lungs/lib/python3.11/site-packages/torch/utils/checkpoint.py:429: UserWarning: torch.utils.checkpoint: please pass in use_reentrant=True or use_reentrant=False explicitly. The default value of use_reentrant will be updated to be False in the future. To maintain current behavior, pass use_reentrant=True. It is recommended that you use use_reentrant=False. Refer to docs for more details on the differences between the two variants.
  warnings.warn(
/nas-ctm01/homes/fmferreira/.conda/envs/ai4lungs/lib/python3.11/site-packages/torch/utils/checkpoint.py:61: UserWarning: None of the inputs have requires_grad=True. Gradients will be None
  warnings.warn(
/nas-ctm01/homes/fmferreira/.conda/envs/ai4lungs/lib/python3.11/site-packages/torch/utils/checkpoint.py:429: UserWarning: torch.utils.checkpoint: please pass in use_reentrant=True or use_reentrant=False explicitly. The default value of use_reentrant will be updated to be False in the future. To maintain current behavior, pass use_reentrant=True. It is recommended that you use use_reentrant=False. Refer to docs for more details on the differences between the two variants.
  warnings.warn(
/nas-ctm01/homes/fmferreira/.conda/envs/ai4lungs/lib/python3.11/site-packages/torch/utils/checkpoint.py:61: UserWarning: None of the inputs have requires_grad=True. Gradients will be None
  warnings.warn(
/nas-ctm01/homes/fmferreira/.conda/envs/ai4lungs/lib/python3.11/site-packages/torch/utils/checkpoint.py:429: UserWarning: torch.utils.checkpoint: please pass in use_reentrant=True or use_reentrant=False explicitly. The default value of use_reentrant will be updated to be False in the future. To maintain current behavior, pass use_reentrant=True. It is recommended that you use use_reentrant=False. Refer to docs for more details on the differences between the two variants.
  warnings.warn(
/nas-ctm01/homes/fmferreira/.conda/envs/ai4lungs/lib/python3.11/site-packages/torch/utils/checkpoint.py:61: UserWarning: None of the inputs have requires_grad=True. Gradients will be None
  warnings.warn(
/nas-ctm01/homes/fmferreira/.conda/envs/ai4lungs/lib/python3.11/site-packages/torch/utils/checkpoint.py:429: UserWarning: torch.utils.checkpoint: please pass in use_reentrant=True or use_reentrant=False explicitly. The default value of use_reentrant will be updated to be False in the future. To maintain current behavior, pass use_reentrant=True. It is recommended that you use use_reentrant=False. Refer to docs for more details on the differences between the two variants.
  warnings.warn(
/nas-ctm01/homes/fmferreira/.conda/envs/ai4lungs/lib/python3.11/site-packages/torch/utils/checkpoint.py:61: UserWarning: None of the inputs have requires_grad=True. Gradients will be None
  warnings.warn(
/nas-ctm01/homes/fmferreira/.conda/envs/ai4lungs/lib/python3.11/site-packages/torch/utils/checkpoint.py:429: UserWarning: torch.utils.checkpoint: please pass in use_reentrant=True or use_reentrant=False explicitly. The default value of use_reentrant will be updated to be False in the future. To maintain current behavior, pass use_reentrant=True. It is recommended that you use use_reentrant=False. Refer to docs for more details on the differences between the two variants.
  warnings.warn(
/nas-ctm01/homes/fmferreira/.conda/envs/ai4lungs/lib/python3.11/site-packages/torch/utils/checkpoint.py:61: UserWarning: None of the inputs have requires_grad=True. Gradients will be None
  warnings.warn(
Restoring states from the checkpoint path at /nas-ctm01/homes/fmferreira/AI4LUNGS/checkpoints/fold_00/bestwhole_slice_unfreezed_e-4_captum-epoch=03-val_loss=0.54.ckpt
LOCAL_RANK: 0 - CUDA_VISIBLE_DEVICES: [0]
Loaded model weights from the checkpoint at /nas-ctm01/homes/fmferreira/AI4LUNGS/checkpoints/fold_00/bestwhole_slice_unfreezed_e-4_captum-epoch=03-val_loss=0.54.ckpt
/nas-ctm01/homes/fmferreira/.conda/envs/ai4lungs/lib/python3.11/site-packages/torch/utils/checkpoint.py:429: UserWarning: torch.utils.checkpoint: please pass in use_reentrant=True or use_reentrant=False explicitly. The default value of use_reentrant will be updated to be False in the future. To maintain current behavior, pass use_reentrant=True. It is recommended that you use use_reentrant=False. Refer to docs for more details on the differences between the two variants.
  warnings.warn(
Error executing job with overrides: []
Traceback (most recent call last):
  File "/nas-ctm01/homes/fmferreira/AI4LUNGS/encoder_survivalhead.py", line 290, in main
    run_gradient_explanation(best_lightning_model, dataloader_test, fold_id)
  File "/nas-ctm01/homes/fmferreira/AI4LUNGS/explain.py", line 37, in run_gradient_explanation
    attributions = nt.attribute(input_tensor, nt_samples=10, nt_type='smoothgrad_sq', stdevs=0.02)
                   ^^^^^^^^^^^^^^^^^^^^^^^^^^^^^^^^^^^^^^^^^^^^^^^^^^^^^^^^^^^^^^^^^^^^^^^^^^^^^^^
  File "/nas-ctm01/homes/fmferreira/.conda/envs/ai4lungs/lib/python3.11/site-packages/captum/log/__init__.py", line 42, in wrapper
    return func(*args, **kwargs)
           ^^^^^^^^^^^^^^^^^^^^^
  File "/nas-ctm01/homes/fmferreira/.conda/envs/ai4lungs/lib/python3.11/site-packages/captum/attr/_core/noise_tunnel.py", line 365, in attribute
    ) = compute_partial_attribution(inputs_with_noise, kwargs_copy)
        ^^^^^^^^^^^^^^^^^^^^^^^^^^^^^^^^^^^^^^^^^^^^^^^^^^^^^^^^^^^
  File "/nas-ctm01/homes/fmferreira/.conda/envs/ai4lungs/lib/python3.11/site-packages/captum/attr/_core/noise_tunnel.py", line 253, in compute_partial_attribution
    attributions = attr_func.__wrapped__(  # type: ignore
                   ^^^^^^^^^^^^^^^^^^^^^^^^^^^^^^^^^^^^^^
  File "/nas-ctm01/homes/fmferreira/.conda/envs/ai4lungs/lib/python3.11/site-packages/captum/attr/_core/integrated_gradients.py", line 286, in attribute
    attributions = self._attribute(
                   ^^^^^^^^^^^^^^^^
  File "/nas-ctm01/homes/fmferreira/.conda/envs/ai4lungs/lib/python3.11/site-packages/captum/attr/_core/integrated_gradients.py", line 351, in _attribute
    grads = self.gradient_func(
            ^^^^^^^^^^^^^^^^^^^
  File "/nas-ctm01/homes/fmferreira/.conda/envs/ai4lungs/lib/python3.11/site-packages/captum/_utils/gradient.py", line 112, in compute_gradients
    outputs = _run_forward(forward_fn, inputs, target_ind, additional_forward_args)
              ^^^^^^^^^^^^^^^^^^^^^^^^^^^^^^^^^^^^^^^^^^^^^^^^^^^^^^^^^^^^^^^^^^^^^
  File "/nas-ctm01/homes/fmferreira/.conda/envs/ai4lungs/lib/python3.11/site-packages/captum/_utils/common.py", line 531, in _run_forward
    output = forward_func(
             ^^^^^^^^^^^^^
  File "/nas-ctm01/homes/fmferreira/AI4LUNGS/explain.py", line 28, in forward_risk
    log_params = lightning_model(input_data)
                 ^^^^^^^^^^^^^^^^^^^^^^^^^^^
  File "/nas-ctm01/homes/fmferreira/.conda/envs/ai4lungs/lib/python3.11/site-packages/torch/nn/modules/module.py", line 1518, in _wrapped_call_impl
    return self._call_impl(*args, **kwargs)
           ^^^^^^^^^^^^^^^^^^^^^^^^^^^^^^^^
  File "/nas-ctm01/homes/fmferreira/.conda/envs/ai4lungs/lib/python3.11/site-packages/torch/nn/modules/module.py", line 1527, in _call_impl
    return forward_call(*args, **kwargs)
           ^^^^^^^^^^^^^^^^^^^^^^^^^^^^^
  File "/nas-ctm01/homes/fmferreira/AI4LUNGS/FM_MLP.py", line 88, in forward
    outputs = self.vision_encoder(x)
              ^^^^^^^^^^^^^^^^^^^^^^
  File "/nas-ctm01/homes/fmferreira/.conda/envs/ai4lungs/lib/python3.11/site-packages/torch/nn/modules/module.py", line 1518, in _wrapped_call_impl
    return self._call_impl(*args, **kwargs)
           ^^^^^^^^^^^^^^^^^^^^^^^^^^^^^^^^
  File "/nas-ctm01/homes/fmferreira/.conda/envs/ai4lungs/lib/python3.11/site-packages/torch/nn/modules/module.py", line 1527, in _call_impl
    return forward_call(*args, **kwargs)
           ^^^^^^^^^^^^^^^^^^^^^^^^^^^^^
  File "/nas-ctm01/homes/fmferreira/MedImageInsights/MedImageInsight/ImageEncoder/davit_v1.py", line 632, in forward
    x = self.forward_features(x)
        ^^^^^^^^^^^^^^^^^^^^^^^^
  File "/nas-ctm01/homes/fmferreira/MedImageInsights/MedImageInsight/ImageEncoder/davit_v1.py", line 621, in forward_features
    x, input_size = checkpoint.checkpoint(block, x, input_size)
                    ^^^^^^^^^^^^^^^^^^^^^^^^^^^^^^^^^^^^^^^^^^^
  File "/nas-ctm01/homes/fmferreira/.conda/envs/ai4lungs/lib/python3.11/site-packages/torch/_compile.py", line 24, in inner
    return torch._dynamo.disable(fn, recursive)(*args, **kwargs)
           ^^^^^^^^^^^^^^^^^^^^^^^^^^^^^^^^^^^^^^^^^^^^^^^^^^^^^
  File "/nas-ctm01/homes/fmferreira/.conda/envs/ai4lungs/lib/python3.11/site-packages/torch/_dynamo/eval_frame.py", line 328, in _fn
    return fn(*args, **kwargs)
           ^^^^^^^^^^^^^^^^^^^
  File "/nas-ctm01/homes/fmferreira/.conda/envs/ai4lungs/lib/python3.11/site-packages/torch/_dynamo/external_utils.py", line 17, in inner
    return fn(*args, **kwargs)
           ^^^^^^^^^^^^^^^^^^^
  File "/nas-ctm01/homes/fmferreira/.conda/envs/ai4lungs/lib/python3.11/site-packages/torch/utils/checkpoint.py", line 451, in checkpoint
    return CheckpointFunction.apply(function, preserve, *args)
           ^^^^^^^^^^^^^^^^^^^^^^^^^^^^^^^^^^^^^^^^^^^^^^^^^^^
  File "/nas-ctm01/homes/fmferreira/.conda/envs/ai4lungs/lib/python3.11/site-packages/torch/autograd/function.py", line 539, in apply
    return super().apply(*args, **kwargs)  # type: ignore[misc]
           ^^^^^^^^^^^^^^^^^^^^^^^^^^^^^^
  File "/nas-ctm01/homes/fmferreira/.conda/envs/ai4lungs/lib/python3.11/site-packages/torch/utils/checkpoint.py", line 230, in forward
    outputs = run_function(*args)
              ^^^^^^^^^^^^^^^^^^^
  File "/nas-ctm01/homes/fmferreira/.conda/envs/ai4lungs/lib/python3.11/site-packages/torch/nn/modules/module.py", line 1518, in _wrapped_call_impl
    return self._call_impl(*args, **kwargs)
           ^^^^^^^^^^^^^^^^^^^^^^^^^^^^^^^^
  File "/nas-ctm01/homes/fmferreira/.conda/envs/ai4lungs/lib/python3.11/site-packages/torch/nn/modules/module.py", line 1527, in _call_impl
    return forward_call(*args, **kwargs)
           ^^^^^^^^^^^^^^^^^^^^^^^^^^^^^
  File "/nas-ctm01/homes/fmferreira/MedImageInsights/MedImageInsight/ImageEncoder/davit_v1.py", line 27, in forward
    inputs = module(*inputs)
             ^^^^^^^^^^^^^^^
  File "/nas-ctm01/homes/fmferreira/.conda/envs/ai4lungs/lib/python3.11/site-packages/torch/nn/modules/module.py", line 1518, in _wrapped_call_impl
    return self._call_impl(*args, **kwargs)
           ^^^^^^^^^^^^^^^^^^^^^^^^^^^^^^^^
  File "/nas-ctm01/homes/fmferreira/.conda/envs/ai4lungs/lib/python3.11/site-packages/torch/nn/modules/module.py", line 1527, in _call_impl
    return forward_call(*args, **kwargs)
           ^^^^^^^^^^^^^^^^^^^^^^^^^^^^^
  File "/nas-ctm01/homes/fmferreira/MedImageInsights/MedImageInsight/ImageEncoder/davit_v1.py", line 27, in forward
    inputs = module(*inputs)
             ^^^^^^^^^^^^^^^
  File "/nas-ctm01/homes/fmferreira/.conda/envs/ai4lungs/lib/python3.11/site-packages/torch/nn/modules/module.py", line 1518, in _wrapped_call_impl
    return self._call_impl(*args, **kwargs)
           ^^^^^^^^^^^^^^^^^^^^^^^^^^^^^^^^
  File "/nas-ctm01/homes/fmferreira/.conda/envs/ai4lungs/lib/python3.11/site-packages/torch/nn/modules/module.py", line 1527, in _call_impl
    return forward_call(*args, **kwargs)
           ^^^^^^^^^^^^^^^^^^^^^^^^^^^^^
  File "/nas-ctm01/homes/fmferreira/MedImageInsights/MedImageInsight/ImageEncoder/davit_v1.py", line 365, in forward
    x, size = self.window_attn(x, size)
              ^^^^^^^^^^^^^^^^^^^^^^^^^
  File "/nas-ctm01/homes/fmferreira/.conda/envs/ai4lungs/lib/python3.11/site-packages/torch/nn/modules/module.py", line 1518, in _wrapped_call_impl
    return self._call_impl(*args, **kwargs)
           ^^^^^^^^^^^^^^^^^^^^^^^^^^^^^^^^
  File "/nas-ctm01/homes/fmferreira/.conda/envs/ai4lungs/lib/python3.11/site-packages/torch/nn/modules/module.py", line 1527, in _call_impl
    return forward_call(*args, **kwargs)
           ^^^^^^^^^^^^^^^^^^^^^^^^^^^^^
  File "/nas-ctm01/homes/fmferreira/MedImageInsights/MedImageInsight/ImageEncoder/davit_v1.py", line 43, in forward
    x, size = self.fn(self.norm(x), *args, **kwargs)
              ^^^^^^^^^^^^^^^^^^^^^^^^^^^^^^^^^^^^^^
  File "/nas-ctm01/homes/fmferreira/.conda/envs/ai4lungs/lib/python3.11/site-packages/torch/nn/modules/module.py", line 1518, in _wrapped_call_impl
    return self._call_impl(*args, **kwargs)
           ^^^^^^^^^^^^^^^^^^^^^^^^^^^^^^^^
  File "/nas-ctm01/homes/fmferreira/.conda/envs/ai4lungs/lib/python3.11/site-packages/torch/nn/modules/module.py", line 1527, in _call_impl
    return forward_call(*args, **kwargs)
           ^^^^^^^^^^^^^^^^^^^^^^^^^^^^^
  File "/nas-ctm01/homes/fmferreira/MedImageInsights/MedImageInsight/ImageEncoder/davit_v1.py", line 319, in forward
    attn = (q @ k.transpose(-2, -1))
            ~~^~~~~~~~~~~~~~~~~~~~~
torch.cuda.OutOfMemoryError: CUDA out of memory. Tried to allocate 8.31 GiB. GPU 0 has a total capacty of 79.25 GiB of which 1.75 GiB is free. Process 473788 has 77.49 GiB memory in use. Of the allocated memory 76.77 GiB is allocated by PyTorch, and 104.80 MiB is reserved by PyTorch but unallocated. If reserved but unallocated memory is large try setting max_split_size_mb to avoid fragmentation.  See documentation for Memory Management and PYTORCH_CUDA_ALLOC_CONF

Set the environment variable HYDRA_FULL_ERROR=1 for a complete stack trace.
wandb: Waiting for W&B process to finish... (failed 1). Press Control-C to abort syncing.
wandb: 
wandb: Run history:
wandb:               epoch ▁▁▁▁▁▂▂▂▂▂▂▃▃▃▃▄▄▄▄▄▄▅▅▅▅▅▅▆▆▆▆▇▇▇▇▇▇███
wandb:          test_auroc ▁
wandb:   test_balanced_acc ▁
wandb:         test_cindex ▁
wandb:       test_f1_score ▁
wandb:            test_ibs ▁
wandb:      test_precision ▁
wandb:         test_recall ▁
wandb:    train_loss_epoch ▃▃▂▂▂▂▁▂▁▁▁▁█▃▂▂▁▁▁
wandb:     train_loss_step █▆▇▄▄▅▄▂▃▁▁▂▅▆▆▅▂▃▂
wandb: trainer/global_step ▁▁▁▁▁▂▂▂▂▃▃▃▃▃▃▄▄▄▄▅▅▅▅▅▅▆▆▆▆▆▆▇▇▇▇█████
wandb:           val_auroc ▇▇▄▆▆▃▆▇▄█▆▇█▅▂▁▃▅▅
wandb:    val_balanced_acc ▄▃▁▂▂▃█▄▂▆▇▇▅▃▃▄▅▅▄
wandb:          val_cindex ▆▇▃▆▇▄▅▇▅█▆█▆▄▂▁▃▅▅
wandb:        val_f1_score ▇▅▅▂▄▃█▁▃▅▅▃█▇▃▂▃▃▃
wandb:             val_ibs ▂▁▂▁▂▃▅▄▃▂▂▃█▃▃▃▃▃▃
wandb:            val_loss ▁▁▁▁▁▂▂▇▃▄▂▆▃▂▂▅▅▆█
wandb:       val_precision ▂▂▁▁▁▂▃█▁▃▄█▄▁▂▄▄▃▃
wandb:          val_recall ▄▃▁▂▂▃█▄▂▆▇▇▅▃▃▄▅▅▄
wandb: 
wandb: Run summary:
wandb:               epoch 19
wandb:          test_auroc 0.71667
wandb:   test_balanced_acc 0.55
wandb:         test_cindex 0.6793
wandb:       test_f1_score 0.23077
wandb:            test_ibs 0.11275
wandb:      test_precision 0.63514
wandb:         test_recall 0.55
wandb:    train_loss_epoch 0.05651
wandb:     train_loss_step 0.07908
wandb: trainer/global_step 190
wandb:           val_auroc 0.56306
wandb:    val_balanced_acc 0.52431
wandb:          val_cindex 0.54996
wandb:        val_f1_score 0.17143
wandb:             val_ibs 0.14189
wandb:            val_loss 2.65212
wandb:       val_precision 0.56629
wandb:          val_recall 0.52431
wandb: 
wandb: 🚀 View run whole_slice_unfreezed_e-4_captum_Fold_1 at: https://wandb.ai/franciscosacouto-inesc-tec/evaluate_region_of_interest/runs/t6cfp9zl
wandb: Synced 6 W&B file(s), 6 media file(s), 0 artifact file(s) and 0 other file(s)
wandb: Find logs at: ./wandb/run-20260122_130345-t6cfp9zl/logs
