/nas-ctm01/homes/fmferreira/.conda/envs/ai4lungs/lib/python3.11/site-packages/torchmetrics/utilities/imports.py:22: UserWarning: pkg_resources is deprecated as an API. See https://setuptools.pypa.io/en/latest/pkg_resources.html. The pkg_resources package is slated for removal as early as 2025-11-30. Refrain from using this package or pin to Setuptools<81.
  from pkg_resources import DistributionNotFound, get_distribution
/nas-ctm01/homes/fmferreira/.conda/envs/ai4lungs/lib/python3.11/site-packages/timm/models/layers/__init__.py:48: FutureWarning: Importing from timm.models.layers is deprecated, please import via timm.layers
  warnings.warn(f"Importing from {__name__} is deprecated, please import via timm.layers", FutureWarning)
/nas-ctm01/homes/fmferreira/.conda/envs/ai4lungs/lib/python3.11/site-packages/torch/utils/checkpoint.py:429: UserWarning: torch.utils.checkpoint: please pass in use_reentrant=True or use_reentrant=False explicitly. The default value of use_reentrant will be updated to be False in the future. To maintain current behavior, pass use_reentrant=True. It is recommended that you use use_reentrant=False. Refer to docs for more details on the differences between the two variants.
  warnings.warn(
/nas-ctm01/homes/fmferreira/.conda/envs/ai4lungs/lib/python3.11/site-packages/torch/utils/checkpoint.py:61: UserWarning: None of the inputs have requires_grad=True. Gradients will be None
  warnings.warn(
Token indices sequence length is longer than the specified maximum sequence length for this model (135 > 77). Running this sequence through the model will result in indexing errors
/nas-ctm01/homes/fmferreira/.conda/envs/ai4lungs/lib/python3.11/site-packages/lightning_fabric/plugins/environments/slurm.py:204: The `srun` command is available on your system but is not used. HINT: If your intention is to run Lightning on SLURM, prepend your python command with `srun` like so: srun python encoder_survivalhead.py --config-name config_ws.yaml ...
GPU available: True (cuda), used: True
TPU available: False, using: 0 TPU cores
You are using a CUDA device ('NVIDIA A100 80GB PCIe') that has Tensor Cores. To properly utilize them, you should set `torch.set_float32_matmul_precision('medium' | 'high')` which will trade-off precision for performance. For more details, read https://pytorch.org/docs/stable/generated/torch.set_float32_matmul_precision.html#torch.set_float32_matmul_precision
/nas-ctm01/homes/fmferreira/.conda/envs/ai4lungs/lib/python3.11/site-packages/wandb/apis/public.py:3106: UserWarning: pkg_resources is deprecated as an API. See https://setuptools.pypa.io/en/latest/pkg_resources.html. The pkg_resources package is slated for removal as early as 2025-11-30. Refrain from using this package or pin to Setuptools<81.
  from pkg_resources import parse_version
wandb: Currently logged in as: franciscosacouto (franciscosacouto-inesc-tec). Use `wandb login --relogin` to force relogin
wandb: - Waiting for wandb.init()...wandb: \ Waiting for wandb.init()...wandb: wandb version 0.25.1 is available!  To upgrade, please run:
wandb:  $ pip install wandb --upgrade
wandb: Tracking run with wandb version 0.15.2
wandb: Run data is saved locally in ./wandb/run-20260326_110044-493u2c10
wandb: Run `wandb offline` to turn off syncing.
wandb: Syncing run pre_CoOp_Fold_1
wandb: ⭐️ View project at https://wandb.ai/franciscosacouto-inesc-tec/Text
wandb: 🚀 View run at https://wandb.ai/franciscosacouto-inesc-tec/Text/runs/493u2c10
/nas-ctm01/homes/fmferreira/.conda/envs/ai4lungs/lib/python3.11/site-packages/pytorch_lightning/callbacks/model_checkpoint.py:881: Checkpoint directory /nas-ctm01/homes/fmferreira/AI4LUNGS/checkpoints/fold_00 exists and is not empty.
LOCAL_RANK: 0 - CUDA_VISIBLE_DEVICES: [0]
/nas-ctm01/homes/fmferreira/.conda/envs/ai4lungs/lib/python3.11/site-packages/torch/utils/checkpoint.py:429: UserWarning: torch.utils.checkpoint: please pass in use_reentrant=True or use_reentrant=False explicitly. The default value of use_reentrant will be updated to be False in the future. To maintain current behavior, pass use_reentrant=True. It is recommended that you use use_reentrant=False. Refer to docs for more details on the differences between the two variants.
  warnings.warn(
/nas-ctm01/homes/fmferreira/.conda/envs/ai4lungs/lib/python3.11/site-packages/torch/utils/checkpoint.py:61: UserWarning: None of the inputs have requires_grad=True. Gradients will be None
  warnings.warn(
/nas-ctm01/homes/fmferreira/.conda/envs/ai4lungs/lib/python3.11/site-packages/pytorch_lightning/utilities/data.py:79: Trying to infer the `batch_size` from an ambiguous collection. The batch size we found is 32. To avoid any miscalculations, use `self.log(..., batch_size=batch_size)`.
/nas-ctm01/homes/fmferreira/.conda/envs/ai4lungs/lib/python3.11/site-packages/pytorch_lightning/loops/fit_loop.py:317: The number of training batches (7) is smaller than the logging interval Trainer(log_every_n_steps=10). Set a lower value for log_every_n_steps if you want to see logs for the training epoch.
/nas-ctm01/homes/fmferreira/.conda/envs/ai4lungs/lib/python3.11/site-packages/pytorch_lightning/loops/fit_loop.py:534: Found 164 module(s) in eval mode at the start of training. This may lead to unexpected behavior during training. If this is intentional, you can ignore this warning.
/nas-ctm01/homes/fmferreira/.conda/envs/ai4lungs/lib/python3.11/site-packages/torch/utils/checkpoint.py:429: UserWarning: torch.utils.checkpoint: please pass in use_reentrant=True or use_reentrant=False explicitly. The default value of use_reentrant will be updated to be False in the future. To maintain current behavior, pass use_reentrant=True. It is recommended that you use use_reentrant=False. Refer to docs for more details on the differences between the two variants.
  warnings.warn(
/nas-ctm01/homes/fmferreira/.conda/envs/ai4lungs/lib/python3.11/site-packages/pytorch_lightning/utilities/data.py:79: Trying to infer the `batch_size` from an ambiguous collection. The batch size we found is 21. To avoid any miscalculations, use `self.log(..., batch_size=batch_size)`.
/nas-ctm01/homes/fmferreira/.conda/envs/ai4lungs/lib/python3.11/site-packages/torch/utils/checkpoint.py:61: UserWarning: None of the inputs have requires_grad=True. Gradients will be None
  warnings.warn(
/nas-ctm01/homes/fmferreira/.conda/envs/ai4lungs/lib/python3.11/site-packages/pytorch_lightning/utilities/data.py:79: Trying to infer the `batch_size` from an ambiguous collection. The batch size we found is 11. To avoid any miscalculations, use `self.log(..., batch_size=batch_size)`.
/nas-ctm01/homes/fmferreira/.conda/envs/ai4lungs/lib/python3.11/site-packages/torch/utils/checkpoint.py:429: UserWarning: torch.utils.checkpoint: please pass in use_reentrant=True or use_reentrant=False explicitly. The default value of use_reentrant will be updated to be False in the future. To maintain current behavior, pass use_reentrant=True. It is recommended that you use use_reentrant=False. Refer to docs for more details on the differences between the two variants.
  warnings.warn(
/nas-ctm01/homes/fmferreira/.conda/envs/ai4lungs/lib/python3.11/site-packages/torch/utils/checkpoint.py:61: UserWarning: None of the inputs have requires_grad=True. Gradients will be None
  warnings.warn(
/nas-ctm01/homes/fmferreira/.conda/envs/ai4lungs/lib/python3.11/site-packages/torch/utils/checkpoint.py:429: UserWarning: torch.utils.checkpoint: please pass in use_reentrant=True or use_reentrant=False explicitly. The default value of use_reentrant will be updated to be False in the future. To maintain current behavior, pass use_reentrant=True. It is recommended that you use use_reentrant=False. Refer to docs for more details on the differences between the two variants.
  warnings.warn(
/nas-ctm01/homes/fmferreira/.conda/envs/ai4lungs/lib/python3.11/site-packages/torch/utils/checkpoint.py:61: UserWarning: None of the inputs have requires_grad=True. Gradients will be None
  warnings.warn(
/nas-ctm01/homes/fmferreira/.conda/envs/ai4lungs/lib/python3.11/site-packages/torch/utils/checkpoint.py:429: UserWarning: torch.utils.checkpoint: please pass in use_reentrant=True or use_reentrant=False explicitly. The default value of use_reentrant will be updated to be False in the future. To maintain current behavior, pass use_reentrant=True. It is recommended that you use use_reentrant=False. Refer to docs for more details on the differences between the two variants.
  warnings.warn(
/nas-ctm01/homes/fmferreira/.conda/envs/ai4lungs/lib/python3.11/site-packages/torch/utils/checkpoint.py:61: UserWarning: None of the inputs have requires_grad=True. Gradients will be None
  warnings.warn(
/nas-ctm01/homes/fmferreira/.conda/envs/ai4lungs/lib/python3.11/site-packages/torch/utils/checkpoint.py:429: UserWarning: torch.utils.checkpoint: please pass in use_reentrant=True or use_reentrant=False explicitly. The default value of use_reentrant will be updated to be False in the future. To maintain current behavior, pass use_reentrant=True. It is recommended that you use use_reentrant=False. Refer to docs for more details on the differences between the two variants.
  warnings.warn(
/nas-ctm01/homes/fmferreira/.conda/envs/ai4lungs/lib/python3.11/site-packages/torch/utils/checkpoint.py:61: UserWarning: None of the inputs have requires_grad=True. Gradients will be None
  warnings.warn(
Restoring states from the checkpoint path at /nas-ctm01/homes/fmferreira/AI4LUNGS/checkpoints/fold_00/bestpre_CoOp-epoch=04-val_loss=0.52.ckpt
LOCAL_RANK: 0 - CUDA_VISIBLE_DEVICES: [0]
Loaded model weights from the checkpoint at /nas-ctm01/homes/fmferreira/AI4LUNGS/checkpoints/fold_00/bestpre_CoOp-epoch=04-val_loss=0.52.ckpt
wandb: Waiting for W&B process to finish... (success).
wandb: 
wandb: Run history:
wandb:               epoch ▁▁▁▁▂▂▂▂▂▂▃▃▃▃▃▃▄▄▄▄▅▅▅▅▅▅▆▆▆▆▆▆▇▇▇▇▇███
wandb:          test_auroc ▁
wandb:   test_balanced_acc ▁
wandb:         test_cindex ▁
wandb:       test_f1_score ▁
wandb:            test_ibs ▁
wandb:      test_precision ▁
wandb:         test_recall ▁
wandb:    train_loss_epoch ██▇▅▄▄▃▃▃▂▂▁▂▂▁▁▂▁▁▃
wandb:     train_loss_step █▇▅▄▂▄▂▂▂▁▁▂▂▁
wandb: trainer/global_step ▁▁▁▁▂▂▂▂▂▃▃▃▃▃▄▄▄▄▄▄▅▅▅▅▅▆▆▆▆▆▆▇▇▇▇█████
wandb:           val_auroc ▁▃▄▆▆▄▆▆▅▇█▇▇▇▆▆▇▇▇▇
wandb:    val_balanced_acc ▁▃▄▅█▃▅█▆▆▆▆▆▆▅▆▅▅▅█
wandb:          val_cindex ▁▃▄▅▆▃▆▅▅▇█▇▇▇▆▆▇██▇
wandb:        val_f1_score ▃▄▅▄█▂▂█▃▄▃▃▂▂▁▅▂▂▂█
wandb:             val_ibs █▆▅▃▁▄▂▃▃▄▅▄▅▄▄▃▃▄▄▅
wandb:            val_loss ▂▂▂▂▁▂▂▁▂▄█▆▆▅▄▃▄▄▅▄
wandb:       val_precision ▁▅▅▅▆▅▆▆▆▇███▇▇▆▆▆▆▆
wandb:          val_recall ▁▃▄▅█▃▅█▆▆▆▆▆▆▅▆▅▅▅█
wandb: 
wandb: Run summary:
wandb:               epoch 20
wandb:          test_auroc 0.67222
wandb:   test_balanced_acc 0.54167
wandb:         test_cindex 0.70129
wandb:       test_f1_score 0.30769
wandb:            test_ibs 0.10581
wandb:      test_precision 0.54314
wandb:         test_recall 0.54167
wandb:    train_loss_epoch 0.09238
wandb:     train_loss_step -0.07654
wandb: trainer/global_step 140
wandb:           val_auroc 0.69319
wandb:    val_balanced_acc 0.65926
wandb:          val_cindex 0.65483
wandb:        val_f1_score 0.49123
wandb:             val_ibs 0.13051
wandb:            val_loss 0.9257
wandb:       val_precision 0.64892
wandb:          val_recall 0.65926
wandb: 
wandb: 🚀 View run pre_CoOp_Fold_1 at: https://wandb.ai/franciscosacouto-inesc-tec/Text/runs/493u2c10
wandb: Synced 6 W&B file(s), 6 media file(s), 0 artifact file(s) and 0 other file(s)
wandb: Find logs at: ./wandb/run-20260326_110044-493u2c10/logs
/nas-ctm01/homes/fmferreira/.conda/envs/ai4lungs/lib/python3.11/site-packages/lightning_fabric/plugins/environments/slurm.py:204: The `srun` command is available on your system but is not used. HINT: If your intention is to run Lightning on SLURM, prepend your python command with `srun` like so: srun python encoder_survivalhead.py --config-name config_ws.yaml ...
GPU available: True (cuda), used: True
TPU available: False, using: 0 TPU cores
wandb: - Waiting for wandb.init()...wandb: \ Waiting for wandb.init()...wandb: wandb version 0.25.1 is available!  To upgrade, please run:
wandb:  $ pip install wandb --upgrade
wandb: Tracking run with wandb version 0.15.2
wandb: Run data is saved locally in ./wandb/run-20260326_112825-qkuskv33
wandb: Run `wandb offline` to turn off syncing.
wandb: Syncing run pre_CoOp_Fold_2
wandb: ⭐️ View project at https://wandb.ai/franciscosacouto-inesc-tec/Text
wandb: 🚀 View run at https://wandb.ai/franciscosacouto-inesc-tec/Text/runs/qkuskv33
/nas-ctm01/homes/fmferreira/.conda/envs/ai4lungs/lib/python3.11/site-packages/pytorch_lightning/callbacks/model_checkpoint.py:881: Checkpoint directory /nas-ctm01/homes/fmferreira/AI4LUNGS/checkpoints/fold_01 exists and is not empty.
LOCAL_RANK: 0 - CUDA_VISIBLE_DEVICES: [0]
/nas-ctm01/homes/fmferreira/.conda/envs/ai4lungs/lib/python3.11/site-packages/torch/utils/checkpoint.py:429: UserWarning: torch.utils.checkpoint: please pass in use_reentrant=True or use_reentrant=False explicitly. The default value of use_reentrant will be updated to be False in the future. To maintain current behavior, pass use_reentrant=True. It is recommended that you use use_reentrant=False. Refer to docs for more details on the differences between the two variants.
  warnings.warn(
/nas-ctm01/homes/fmferreira/.conda/envs/ai4lungs/lib/python3.11/site-packages/torch/utils/checkpoint.py:61: UserWarning: None of the inputs have requires_grad=True. Gradients will be None
  warnings.warn(
/nas-ctm01/homes/fmferreira/.conda/envs/ai4lungs/lib/python3.11/site-packages/pytorch_lightning/loops/fit_loop.py:317: The number of training batches (7) is smaller than the logging interval Trainer(log_every_n_steps=10). Set a lower value for log_every_n_steps if you want to see logs for the training epoch.
/nas-ctm01/homes/fmferreira/.conda/envs/ai4lungs/lib/python3.11/site-packages/pytorch_lightning/loops/fit_loop.py:534: Found 164 module(s) in eval mode at the start of training. This may lead to unexpected behavior during training. If this is intentional, you can ignore this warning.
/nas-ctm01/homes/fmferreira/.conda/envs/ai4lungs/lib/python3.11/site-packages/torch/utils/checkpoint.py:429: UserWarning: torch.utils.checkpoint: please pass in use_reentrant=True or use_reentrant=False explicitly. The default value of use_reentrant will be updated to be False in the future. To maintain current behavior, pass use_reentrant=True. It is recommended that you use use_reentrant=False. Refer to docs for more details on the differences between the two variants.
  warnings.warn(
/nas-ctm01/homes/fmferreira/.conda/envs/ai4lungs/lib/python3.11/site-packages/torch/utils/checkpoint.py:61: UserWarning: None of the inputs have requires_grad=True. Gradients will be None
  warnings.warn(
/nas-ctm01/homes/fmferreira/.conda/envs/ai4lungs/lib/python3.11/site-packages/torch/utils/checkpoint.py:429: UserWarning: torch.utils.checkpoint: please pass in use_reentrant=True or use_reentrant=False explicitly. The default value of use_reentrant will be updated to be False in the future. To maintain current behavior, pass use_reentrant=True. It is recommended that you use use_reentrant=False. Refer to docs for more details on the differences between the two variants.
  warnings.warn(
/nas-ctm01/homes/fmferreira/.conda/envs/ai4lungs/lib/python3.11/site-packages/torch/utils/checkpoint.py:61: UserWarning: None of the inputs have requires_grad=True. Gradients will be None
  warnings.warn(
/nas-ctm01/homes/fmferreira/.conda/envs/ai4lungs/lib/python3.11/site-packages/torch/utils/checkpoint.py:429: UserWarning: torch.utils.checkpoint: please pass in use_reentrant=True or use_reentrant=False explicitly. The default value of use_reentrant will be updated to be False in the future. To maintain current behavior, pass use_reentrant=True. It is recommended that you use use_reentrant=False. Refer to docs for more details on the differences between the two variants.
  warnings.warn(
/nas-ctm01/homes/fmferreira/.conda/envs/ai4lungs/lib/python3.11/site-packages/torch/utils/checkpoint.py:61: UserWarning: None of the inputs have requires_grad=True. Gradients will be None
  warnings.warn(
/nas-ctm01/homes/fmferreira/.conda/envs/ai4lungs/lib/python3.11/site-packages/torch/utils/checkpoint.py:429: UserWarning: torch.utils.checkpoint: please pass in use_reentrant=True or use_reentrant=False explicitly. The default value of use_reentrant will be updated to be False in the future. To maintain current behavior, pass use_reentrant=True. It is recommended that you use use_reentrant=False. Refer to docs for more details on the differences between the two variants.
  warnings.warn(
/nas-ctm01/homes/fmferreira/.conda/envs/ai4lungs/lib/python3.11/site-packages/torch/utils/checkpoint.py:61: UserWarning: None of the inputs have requires_grad=True. Gradients will be None
  warnings.warn(
/nas-ctm01/homes/fmferreira/.conda/envs/ai4lungs/lib/python3.11/site-packages/torch/utils/checkpoint.py:429: UserWarning: torch.utils.checkpoint: please pass in use_reentrant=True or use_reentrant=False explicitly. The default value of use_reentrant will be updated to be False in the future. To maintain current behavior, pass use_reentrant=True. It is recommended that you use use_reentrant=False. Refer to docs for more details on the differences between the two variants.
  warnings.warn(
/nas-ctm01/homes/fmferreira/.conda/envs/ai4lungs/lib/python3.11/site-packages/torch/utils/checkpoint.py:61: UserWarning: None of the inputs have requires_grad=True. Gradients will be None
  warnings.warn(
Restoring states from the checkpoint path at /nas-ctm01/homes/fmferreira/AI4LUNGS/checkpoints/fold_01/bestpre_CoOp-epoch=05-val_loss=0.31.ckpt
LOCAL_RANK: 0 - CUDA_VISIBLE_DEVICES: [0]
Loaded model weights from the checkpoint at /nas-ctm01/homes/fmferreira/AI4LUNGS/checkpoints/fold_01/bestpre_CoOp-epoch=05-val_loss=0.31.ckpt
/nas-ctm01/homes/fmferreira/.conda/envs/ai4lungs/lib/python3.11/site-packages/torch/utils/checkpoint.py:429: UserWarning: torch.utils.checkpoint: please pass in use_reentrant=True or use_reentrant=False explicitly. The default value of use_reentrant will be updated to be False in the future. To maintain current behavior, pass use_reentrant=True. It is recommended that you use use_reentrant=False. Refer to docs for more details on the differences between the two variants.
  warnings.warn(
/nas-ctm01/homes/fmferreira/.conda/envs/ai4lungs/lib/python3.11/site-packages/torch/utils/checkpoint.py:61: UserWarning: None of the inputs have requires_grad=True. Gradients will be None
  warnings.warn(
wandb: Waiting for W&B process to finish... (success).
wandb: 
wandb: Run history:
wandb:               epoch ▁▁▁▁▂▂▂▂▂▂▃▃▃▃▃▄▄▄▄▄▄▅▅▅▅▅▆▆▆▆▆▆▇▇▇▇▇▇██
wandb:          test_auroc ▁
wandb:   test_balanced_acc ▁
wandb:         test_cindex ▁
wandb:       test_f1_score ▁
wandb:            test_ibs ▁
wandb:      test_precision ▁
wandb:         test_recall ▁
wandb:    train_loss_epoch ▂▂▂▂▂▂▁▁█▁▂▂▂▁▁▁▁▁▁▁▁
wandb:     train_loss_step █▄▄▄▁▂▄▄▄▃▃▃▂▃
wandb: trainer/global_step ▁▁▁▁▂▂▂▂▂▃▃▃▃▃▃▄▄▄▄▄▅▅▅▅▆▆▆▆▆▆▇▇▇▇▇█████
wandb:           val_auroc ████▄▇▄▃▃▁▂▂▂▃▂▃▃▃▃▃▃
wandb:    val_balanced_acc ▅▆█▃▂▃▆▁▃▅▄▃▃▂▂▂▂▁▂▃▃
wandb:          val_cindex ▆▇▆█▄▇▄▃▃▂▁▁▂▂▁▂▁▂▂▂▂
wandb:        val_f1_score ▄▆█▁▃▄▆▁▃▃▃▂▂▂▂▂▂▁▂▃▃
wandb:             val_ibs █▃▁▆▄▁▂▆▅▄▄▄▄▄▆▆▇▇▆▆▆
wandb:            val_loss ▃▂▁▃▁▁▃▆▄▂▂▂▂▃▄▅▇█▇▆▆
wandb:       val_precision ▃▇█▁▆▅▆▃▂▃▁▁▁▁▂▂▃▂▂▃▃
wandb:          val_recall ▅▆█▃▂▃▆▁▃▅▄▃▃▂▂▂▂▁▂▃▃
wandb: 
wandb: Run summary:
wandb:               epoch 21
wandb:          test_auroc 0.80556
wandb:   test_balanced_acc 0.70833
wandb:         test_cindex 0.75739
wandb:       test_f1_score 0.5641
wandb:            test_ibs 0.10646
wandb:      test_precision 0.7157
wandb:         test_recall 0.70833
wandb:    train_loss_epoch -0.05659
wandb:     train_loss_step 0.07701
wandb: trainer/global_step 147
wandb:           val_auroc 0.83935
wandb:    val_balanced_acc 0.73958
wandb:          val_cindex 0.79116
wandb:        val_f1_score 0.6
wandb:             val_ibs 0.10694
wandb:            val_loss 1.06522
wandb:       val_precision 0.71192
wandb:          val_recall 0.73958
wandb: 
wandb: 🚀 View run pre_CoOp_Fold_2 at: https://wandb.ai/franciscosacouto-inesc-tec/Text/runs/qkuskv33
wandb: Synced 6 W&B file(s), 7 media file(s), 0 artifact file(s) and 0 other file(s)
wandb: Find logs at: ./wandb/run-20260326_112825-qkuskv33/logs
/nas-ctm01/homes/fmferreira/.conda/envs/ai4lungs/lib/python3.11/site-packages/lightning_fabric/plugins/environments/slurm.py:204: The `srun` command is available on your system but is not used. HINT: If your intention is to run Lightning on SLURM, prepend your python command with `srun` like so: srun python encoder_survivalhead.py --config-name config_ws.yaml ...
GPU available: True (cuda), used: True
TPU available: False, using: 0 TPU cores
wandb: - Waiting for wandb.init()...wandb: \ Waiting for wandb.init()...wandb: wandb version 0.25.1 is available!  To upgrade, please run:
wandb:  $ pip install wandb --upgrade
wandb: Tracking run with wandb version 0.15.2
wandb: Run data is saved locally in ./wandb/run-20260326_115748-v02eogro
wandb: Run `wandb offline` to turn off syncing.
wandb: Syncing run pre_CoOp_Fold_3
wandb: ⭐️ View project at https://wandb.ai/franciscosacouto-inesc-tec/Text
wandb: 🚀 View run at https://wandb.ai/franciscosacouto-inesc-tec/Text/runs/v02eogro
/nas-ctm01/homes/fmferreira/.conda/envs/ai4lungs/lib/python3.11/site-packages/pytorch_lightning/callbacks/model_checkpoint.py:881: Checkpoint directory /nas-ctm01/homes/fmferreira/AI4LUNGS/checkpoints/fold_02 exists and is not empty.
LOCAL_RANK: 0 - CUDA_VISIBLE_DEVICES: [0]
/nas-ctm01/homes/fmferreira/.conda/envs/ai4lungs/lib/python3.11/site-packages/torch/utils/checkpoint.py:429: UserWarning: torch.utils.checkpoint: please pass in use_reentrant=True or use_reentrant=False explicitly. The default value of use_reentrant will be updated to be False in the future. To maintain current behavior, pass use_reentrant=True. It is recommended that you use use_reentrant=False. Refer to docs for more details on the differences between the two variants.
  warnings.warn(
/nas-ctm01/homes/fmferreira/.conda/envs/ai4lungs/lib/python3.11/site-packages/torch/utils/checkpoint.py:61: UserWarning: None of the inputs have requires_grad=True. Gradients will be None
  warnings.warn(
/nas-ctm01/homes/fmferreira/.conda/envs/ai4lungs/lib/python3.11/site-packages/pytorch_lightning/loops/fit_loop.py:317: The number of training batches (7) is smaller than the logging interval Trainer(log_every_n_steps=10). Set a lower value for log_every_n_steps if you want to see logs for the training epoch.
/nas-ctm01/homes/fmferreira/.conda/envs/ai4lungs/lib/python3.11/site-packages/pytorch_lightning/loops/fit_loop.py:534: Found 164 module(s) in eval mode at the start of training. This may lead to unexpected behavior during training. If this is intentional, you can ignore this warning.
/nas-ctm01/homes/fmferreira/.conda/envs/ai4lungs/lib/python3.11/site-packages/torch/utils/checkpoint.py:429: UserWarning: torch.utils.checkpoint: please pass in use_reentrant=True or use_reentrant=False explicitly. The default value of use_reentrant will be updated to be False in the future. To maintain current behavior, pass use_reentrant=True. It is recommended that you use use_reentrant=False. Refer to docs for more details on the differences between the two variants.
  warnings.warn(
/nas-ctm01/homes/fmferreira/.conda/envs/ai4lungs/lib/python3.11/site-packages/pytorch_lightning/utilities/data.py:79: Trying to infer the `batch_size` from an ambiguous collection. The batch size we found is 22. To avoid any miscalculations, use `self.log(..., batch_size=batch_size)`.
/nas-ctm01/homes/fmferreira/.conda/envs/ai4lungs/lib/python3.11/site-packages/torch/utils/checkpoint.py:61: UserWarning: None of the inputs have requires_grad=True. Gradients will be None
  warnings.warn(
/nas-ctm01/homes/fmferreira/.conda/envs/ai4lungs/lib/python3.11/site-packages/pytorch_lightning/utilities/data.py:79: Trying to infer the `batch_size` from an ambiguous collection. The batch size we found is 10. To avoid any miscalculations, use `self.log(..., batch_size=batch_size)`.
/nas-ctm01/homes/fmferreira/.conda/envs/ai4lungs/lib/python3.11/site-packages/torch/utils/checkpoint.py:429: UserWarning: torch.utils.checkpoint: please pass in use_reentrant=True or use_reentrant=False explicitly. The default value of use_reentrant will be updated to be False in the future. To maintain current behavior, pass use_reentrant=True. It is recommended that you use use_reentrant=False. Refer to docs for more details on the differences between the two variants.
  warnings.warn(
/nas-ctm01/homes/fmferreira/.conda/envs/ai4lungs/lib/python3.11/site-packages/torch/utils/checkpoint.py:61: UserWarning: None of the inputs have requires_grad=True. Gradients will be None
  warnings.warn(
/nas-ctm01/homes/fmferreira/.conda/envs/ai4lungs/lib/python3.11/site-packages/torch/utils/checkpoint.py:429: UserWarning: torch.utils.checkpoint: please pass in use_reentrant=True or use_reentrant=False explicitly. The default value of use_reentrant will be updated to be False in the future. To maintain current behavior, pass use_reentrant=True. It is recommended that you use use_reentrant=False. Refer to docs for more details on the differences between the two variants.
  warnings.warn(
/nas-ctm01/homes/fmferreira/.conda/envs/ai4lungs/lib/python3.11/site-packages/torch/utils/checkpoint.py:61: UserWarning: None of the inputs have requires_grad=True. Gradients will be None
  warnings.warn(
/nas-ctm01/homes/fmferreira/.conda/envs/ai4lungs/lib/python3.11/site-packages/torch/utils/checkpoint.py:429: UserWarning: torch.utils.checkpoint: please pass in use_reentrant=True or use_reentrant=False explicitly. The default value of use_reentrant will be updated to be False in the future. To maintain current behavior, pass use_reentrant=True. It is recommended that you use use_reentrant=False. Refer to docs for more details on the differences between the two variants.
  warnings.warn(
/nas-ctm01/homes/fmferreira/.conda/envs/ai4lungs/lib/python3.11/site-packages/torch/utils/checkpoint.py:61: UserWarning: None of the inputs have requires_grad=True. Gradients will be None
  warnings.warn(
/nas-ctm01/homes/fmferreira/.conda/envs/ai4lungs/lib/python3.11/site-packages/torch/utils/checkpoint.py:429: UserWarning: torch.utils.checkpoint: please pass in use_reentrant=True or use_reentrant=False explicitly. The default value of use_reentrant will be updated to be False in the future. To maintain current behavior, pass use_reentrant=True. It is recommended that you use use_reentrant=False. Refer to docs for more details on the differences between the two variants.
  warnings.warn(
/nas-ctm01/homes/fmferreira/.conda/envs/ai4lungs/lib/python3.11/site-packages/torch/utils/checkpoint.py:61: UserWarning: None of the inputs have requires_grad=True. Gradients will be None
  warnings.warn(
Restoring states from the checkpoint path at /nas-ctm01/homes/fmferreira/AI4LUNGS/checkpoints/fold_02/bestpre_CoOp-epoch=03-val_loss=0.18.ckpt
LOCAL_RANK: 0 - CUDA_VISIBLE_DEVICES: [0]
Loaded model weights from the checkpoint at /nas-ctm01/homes/fmferreira/AI4LUNGS/checkpoints/fold_02/bestpre_CoOp-epoch=03-val_loss=0.18.ckpt
wandb: Waiting for W&B process to finish... (success).
wandb: - 0.261 MB of 0.261 MB uploaded (0.000 MB deduped)wandb: \ 0.261 MB of 0.261 MB uploaded (0.000 MB deduped)wandb: | 0.261 MB of 0.261 MB uploaded (0.000 MB deduped)wandb: / 0.261 MB of 0.261 MB uploaded (0.000 MB deduped)wandb: - 0.261 MB of 0.261 MB uploaded (0.000 MB deduped)wandb: \ 0.261 MB of 0.261 MB uploaded (0.000 MB deduped)wandb: | 0.261 MB of 0.261 MB uploaded (0.000 MB deduped)wandb: / 0.261 MB of 0.261 MB uploaded (0.000 MB deduped)wandb: - 0.261 MB of 0.261 MB uploaded (0.000 MB deduped)wandb: \ 0.261 MB of 0.261 MB uploaded (0.000 MB deduped)wandb: 
wandb: Run history:
wandb:               epoch ▁▁▁▁▂▂▂▂▂▂▃▃▃▃▄▄▄▄▄▄▄▅▅▅▅▅▅▆▆▆▆▇▇▇▇▇▇███
wandb:          test_auroc ▁
wandb:   test_balanced_acc ▁
wandb:         test_cindex ▁
wandb:       test_f1_score ▁
wandb:            test_ibs ▁
wandb:      test_precision ▁
wandb:         test_recall ▁
wandb:    train_loss_epoch █▆▄▄▃▃▄▂▂▃▂▁▁▁▅▃▂▁▁
wandb:     train_loss_step █▄▅▄▄▅▅▅▁▄▄▃▁
wandb: trainer/global_step ▁▁▁▁▂▂▂▂▃▃▃▃▃▃▃▄▄▄▄▄▄▅▅▅▅▆▆▆▆▆▇▇▇▇▇█████
wandb:           val_auroc ███▇▇▇▇▆▅▁▆▇▇▆█▂▂▅▆
wandb:    val_balanced_acc ▆▆▆▆████▆▄▆▄▇▆▂▁▄▅▆
wandb:          val_cindex ▇▆▆▆▇██▇▅▁▆▇▇▅▆▁▁▄▅
wandb:        val_f1_score ▄▄▄▆█▇▆█▅▂▇▅▆▅▃▁▄▅▆
wandb:             val_ibs ▆▃▂▂▁▁▂▁▃▅▃▄▂▃▇█▅▄▃
wandb:            val_loss ▅▃▂▁▂▁▁▁▃▄▂▄▂▂▅█▆▄▃
wandb:       val_precision ▃▃▃▅▇▆▅█▄▁▇▆▆▄█▅▅▅▆
wandb:          val_recall ▆▆▆▆████▆▄▆▄▇▆▂▁▄▅▆
wandb: 
wandb: Run summary:
wandb:               epoch 19
wandb:          test_auroc 0.80648
wandb:   test_balanced_acc 0.65833
wandb:         test_cindex 0.74905
wandb:       test_f1_score 0.48889
wandb:            test_ibs 0.11301
wandb:      test_precision 0.63818
wandb:         test_recall 0.65833
wandb:    train_loss_epoch -0.09118
wandb:     train_loss_step -0.18669
wandb: trainer/global_step 133
wandb:           val_auroc 0.92308
wandb:    val_balanced_acc 0.85385
wandb:          val_cindex 0.87779
wandb:        val_f1_score 0.76364
wandb:             val_ibs 0.07228
wandb:            val_loss 0.3284
wandb:       val_precision 0.8296
wandb:          val_recall 0.85385
wandb: 
wandb: 🚀 View run pre_CoOp_Fold_3 at: https://wandb.ai/franciscosacouto-inesc-tec/Text/runs/v02eogro
wandb: Synced 6 W&B file(s), 6 media file(s), 0 artifact file(s) and 0 other file(s)
wandb: Find logs at: ./wandb/run-20260326_115748-v02eogro/logs
/nas-ctm01/homes/fmferreira/.conda/envs/ai4lungs/lib/python3.11/site-packages/torchmetrics/utilities/imports.py:22: UserWarning: pkg_resources is deprecated as an API. See https://setuptools.pypa.io/en/latest/pkg_resources.html. The pkg_resources package is slated for removal as early as 2025-11-30. Refrain from using this package or pin to Setuptools<81.
  from pkg_resources import DistributionNotFound, get_distribution
/nas-ctm01/homes/fmferreira/.conda/envs/ai4lungs/lib/python3.11/site-packages/timm/models/layers/__init__.py:48: FutureWarning: Importing from timm.models.layers is deprecated, please import via timm.layers
  warnings.warn(f"Importing from {__name__} is deprecated, please import via timm.layers", FutureWarning)
/nas-ctm01/homes/fmferreira/.conda/envs/ai4lungs/lib/python3.11/site-packages/torch/utils/checkpoint.py:429: UserWarning: torch.utils.checkpoint: please pass in use_reentrant=True or use_reentrant=False explicitly. The default value of use_reentrant will be updated to be False in the future. To maintain current behavior, pass use_reentrant=True. It is recommended that you use use_reentrant=False. Refer to docs for more details on the differences between the two variants.
  warnings.warn(
/nas-ctm01/homes/fmferreira/.conda/envs/ai4lungs/lib/python3.11/site-packages/torch/utils/checkpoint.py:61: UserWarning: None of the inputs have requires_grad=True. Gradients will be None
  warnings.warn(
Token indices sequence length is longer than the specified maximum sequence length for this model (207 > 77). Running this sequence through the model will result in indexing errors
/nas-ctm01/homes/fmferreira/.conda/envs/ai4lungs/lib/python3.11/site-packages/lightning_fabric/plugins/environments/slurm.py:204: The `srun` command is available on your system but is not used. HINT: If your intention is to run Lightning on SLURM, prepend your python command with `srun` like so: srun python encoder_survivalhead.py --config-name config_ws_ad.y ...
GPU available: True (cuda), used: True
TPU available: False, using: 0 TPU cores
You are using a CUDA device ('NVIDIA A100 80GB PCIe') that has Tensor Cores. To properly utilize them, you should set `torch.set_float32_matmul_precision('medium' | 'high')` which will trade-off precision for performance. For more details, read https://pytorch.org/docs/stable/generated/torch.set_float32_matmul_precision.html#torch.set_float32_matmul_precision
/nas-ctm01/homes/fmferreira/.conda/envs/ai4lungs/lib/python3.11/site-packages/wandb/apis/public.py:3106: UserWarning: pkg_resources is deprecated as an API. See https://setuptools.pypa.io/en/latest/pkg_resources.html. The pkg_resources package is slated for removal as early as 2025-11-30. Refrain from using this package or pin to Setuptools<81.
  from pkg_resources import parse_version
wandb: Currently logged in as: franciscosacouto (franciscosacouto-inesc-tec). Use `wandb login --relogin` to force relogin
wandb: wandb version 0.25.1 is available!  To upgrade, please run:
wandb:  $ pip install wandb --upgrade
wandb: Tracking run with wandb version 0.15.2
wandb: Run data is saved locally in ./wandb/run-20260326_122455-py8uggiy
wandb: Run `wandb offline` to turn off syncing.
wandb: Syncing run ad_CoOp_Fold_1
wandb: ⭐️ View project at https://wandb.ai/franciscosacouto-inesc-tec/Text
wandb: 🚀 View run at https://wandb.ai/franciscosacouto-inesc-tec/Text/runs/py8uggiy
/nas-ctm01/homes/fmferreira/.conda/envs/ai4lungs/lib/python3.11/site-packages/pytorch_lightning/callbacks/model_checkpoint.py:881: Checkpoint directory /nas-ctm01/homes/fmferreira/AI4LUNGS/checkpoints/fold_00 exists and is not empty.
LOCAL_RANK: 0 - CUDA_VISIBLE_DEVICES: [0]
/nas-ctm01/homes/fmferreira/.conda/envs/ai4lungs/lib/python3.11/site-packages/torch/utils/checkpoint.py:429: UserWarning: torch.utils.checkpoint: please pass in use_reentrant=True or use_reentrant=False explicitly. The default value of use_reentrant will be updated to be False in the future. To maintain current behavior, pass use_reentrant=True. It is recommended that you use use_reentrant=False. Refer to docs for more details on the differences between the two variants.
  warnings.warn(
/nas-ctm01/homes/fmferreira/.conda/envs/ai4lungs/lib/python3.11/site-packages/torch/utils/checkpoint.py:61: UserWarning: None of the inputs have requires_grad=True. Gradients will be None
  warnings.warn(
/nas-ctm01/homes/fmferreira/.conda/envs/ai4lungs/lib/python3.11/site-packages/pytorch_lightning/utilities/data.py:79: Trying to infer the `batch_size` from an ambiguous collection. The batch size we found is 32. To avoid any miscalculations, use `self.log(..., batch_size=batch_size)`.
/nas-ctm01/homes/fmferreira/.conda/envs/ai4lungs/lib/python3.11/site-packages/pytorch_lightning/loops/fit_loop.py:317: The number of training batches (7) is smaller than the logging interval Trainer(log_every_n_steps=10). Set a lower value for log_every_n_steps if you want to see logs for the training epoch.
/nas-ctm01/homes/fmferreira/.conda/envs/ai4lungs/lib/python3.11/site-packages/pytorch_lightning/loops/fit_loop.py:534: Found 164 module(s) in eval mode at the start of training. This may lead to unexpected behavior during training. If this is intentional, you can ignore this warning.
/nas-ctm01/homes/fmferreira/.conda/envs/ai4lungs/lib/python3.11/site-packages/torch/utils/checkpoint.py:429: UserWarning: torch.utils.checkpoint: please pass in use_reentrant=True or use_reentrant=False explicitly. The default value of use_reentrant will be updated to be False in the future. To maintain current behavior, pass use_reentrant=True. It is recommended that you use use_reentrant=False. Refer to docs for more details on the differences between the two variants.
  warnings.warn(
/nas-ctm01/homes/fmferreira/.conda/envs/ai4lungs/lib/python3.11/site-packages/pytorch_lightning/utilities/data.py:79: Trying to infer the `batch_size` from an ambiguous collection. The batch size we found is 21. To avoid any miscalculations, use `self.log(..., batch_size=batch_size)`.
/nas-ctm01/homes/fmferreira/.conda/envs/ai4lungs/lib/python3.11/site-packages/torch/utils/checkpoint.py:61: UserWarning: None of the inputs have requires_grad=True. Gradients will be None
  warnings.warn(
/nas-ctm01/homes/fmferreira/.conda/envs/ai4lungs/lib/python3.11/site-packages/pytorch_lightning/utilities/data.py:79: Trying to infer the `batch_size` from an ambiguous collection. The batch size we found is 11. To avoid any miscalculations, use `self.log(..., batch_size=batch_size)`.
/nas-ctm01/homes/fmferreira/.conda/envs/ai4lungs/lib/python3.11/site-packages/torch/utils/checkpoint.py:429: UserWarning: torch.utils.checkpoint: please pass in use_reentrant=True or use_reentrant=False explicitly. The default value of use_reentrant will be updated to be False in the future. To maintain current behavior, pass use_reentrant=True. It is recommended that you use use_reentrant=False. Refer to docs for more details on the differences between the two variants.
  warnings.warn(
/nas-ctm01/homes/fmferreira/.conda/envs/ai4lungs/lib/python3.11/site-packages/torch/utils/checkpoint.py:61: UserWarning: None of the inputs have requires_grad=True. Gradients will be None
  warnings.warn(
/nas-ctm01/homes/fmferreira/.conda/envs/ai4lungs/lib/python3.11/site-packages/torch/utils/checkpoint.py:429: UserWarning: torch.utils.checkpoint: please pass in use_reentrant=True or use_reentrant=False explicitly. The default value of use_reentrant will be updated to be False in the future. To maintain current behavior, pass use_reentrant=True. It is recommended that you use use_reentrant=False. Refer to docs for more details on the differences between the two variants.
  warnings.warn(
/nas-ctm01/homes/fmferreira/.conda/envs/ai4lungs/lib/python3.11/site-packages/torch/utils/checkpoint.py:61: UserWarning: None of the inputs have requires_grad=True. Gradients will be None
  warnings.warn(
/nas-ctm01/homes/fmferreira/.conda/envs/ai4lungs/lib/python3.11/site-packages/torch/utils/checkpoint.py:429: UserWarning: torch.utils.checkpoint: please pass in use_reentrant=True or use_reentrant=False explicitly. The default value of use_reentrant will be updated to be False in the future. To maintain current behavior, pass use_reentrant=True. It is recommended that you use use_reentrant=False. Refer to docs for more details on the differences between the two variants.
  warnings.warn(
/nas-ctm01/homes/fmferreira/.conda/envs/ai4lungs/lib/python3.11/site-packages/torch/utils/checkpoint.py:61: UserWarning: None of the inputs have requires_grad=True. Gradients will be None
  warnings.warn(
/nas-ctm01/homes/fmferreira/.conda/envs/ai4lungs/lib/python3.11/site-packages/torch/utils/checkpoint.py:429: UserWarning: torch.utils.checkpoint: please pass in use_reentrant=True or use_reentrant=False explicitly. The default value of use_reentrant will be updated to be False in the future. To maintain current behavior, pass use_reentrant=True. It is recommended that you use use_reentrant=False. Refer to docs for more details on the differences between the two variants.
  warnings.warn(
/nas-ctm01/homes/fmferreira/.conda/envs/ai4lungs/lib/python3.11/site-packages/torch/utils/checkpoint.py:61: UserWarning: None of the inputs have requires_grad=True. Gradients will be None
  warnings.warn(
Restoring states from the checkpoint path at /nas-ctm01/homes/fmferreira/AI4LUNGS/checkpoints/fold_00/bestad_CoOp-epoch=05-val_loss=0.39.ckpt
LOCAL_RANK: 0 - CUDA_VISIBLE_DEVICES: [0]
Loaded model weights from the checkpoint at /nas-ctm01/homes/fmferreira/AI4LUNGS/checkpoints/fold_00/bestad_CoOp-epoch=05-val_loss=0.39.ckpt
/nas-ctm01/homes/fmferreira/.conda/envs/ai4lungs/lib/python3.11/site-packages/torch/utils/checkpoint.py:429: UserWarning: torch.utils.checkpoint: please pass in use_reentrant=True or use_reentrant=False explicitly. The default value of use_reentrant will be updated to be False in the future. To maintain current behavior, pass use_reentrant=True. It is recommended that you use use_reentrant=False. Refer to docs for more details on the differences between the two variants.
  warnings.warn(
/nas-ctm01/homes/fmferreira/.conda/envs/ai4lungs/lib/python3.11/site-packages/torch/utils/checkpoint.py:61: UserWarning: None of the inputs have requires_grad=True. Gradients will be None
  warnings.warn(
wandb: Waiting for W&B process to finish... (success).
wandb: - 0.319 MB of 0.319 MB uploaded (0.000 MB deduped)wandb: \ 0.319 MB of 0.319 MB uploaded (0.000 MB deduped)wandb: | 0.319 MB of 0.319 MB uploaded (0.000 MB deduped)wandb: / 0.319 MB of 0.319 MB uploaded (0.000 MB deduped)wandb: - 0.319 MB of 0.319 MB uploaded (0.000 MB deduped)wandb: \ 0.319 MB of 0.319 MB uploaded (0.000 MB deduped)wandb: 
wandb: Run history:
wandb:               epoch ▁▁▁▁▂▂▂▂▂▂▃▃▃▃▃▄▄▄▄▄▄▅▅▅▅▅▆▆▆▆▆▆▇▇▇▇▇▇██
wandb:          test_auroc ▁
wandb:   test_balanced_acc ▁
wandb:         test_cindex ▁
wandb:       test_f1_score ▁
wandb:            test_ibs ▁
wandb:      test_precision ▁
wandb:         test_recall ▁
wandb:    train_loss_epoch ▂▂▂▂▁▁▁▁▁▁▁▁▁▁▁▁▁▁█▁▁
wandb:     train_loss_step ▅▅▃▃▁▄▂█▄▂▂▂▁▃
wandb: trainer/global_step ▁▁▁▁▂▂▂▂▂▃▃▃▃▃▃▄▄▄▄▄▅▅▅▅▆▆▆▆▆▆▇▇▇▇▇█████
wandb:           val_auroc ▁▂▄▆▅▇█▇▆▇█▆▆▆▇▇▅▆▅▃▃
wandb:    val_balanced_acc ▁▁▄▇▄▅▄█▆▇▅▅▄▄▃▅▆▅▅▃▂
wandb:          val_cindex ▁▁▅▇▄▇█▇▆▇█▆▆▆▆▇▆▆▆▂▂
wandb:        val_f1_score ▄▄▅▆▅▅▃█▆▇▅▅▅▃▂▅▆▅▅▂▁
wandb:             val_ibs █▇▆▄█▂▃▁▃▂▅▃▄▅▃▃▄▄▅▆▅
wandb:            val_loss ▇▆▅▄█▁▂▂▃▁▆▃▂▆▄▄▄▄▇▅▄
wandb:       val_precision ▁▄▆▆▆█▇▇▆▇█▆▆▇▆▇▆▆▇▆▆
wandb:          val_recall ▁▁▄▇▄▅▄█▆▇▅▅▄▄▃▅▆▅▅▃▂
wandb: 
wandb: Run summary:
wandb:               epoch 21
wandb:          test_auroc 0.76204
wandb:   test_balanced_acc 0.625
wandb:         test_cindex 0.75739
wandb:       test_f1_score 0.41379
wandb:            test_ibs 0.10663
wandb:      test_precision 0.73474
wandb:         test_recall 0.625
wandb:    train_loss_epoch 0.21734
wandb:     train_loss_step 0.08559
wandb: trainer/global_step 147
wandb:           val_auroc 0.58959
wandb:    val_balanced_acc 0.54282
wandb:          val_cindex 0.59166
wandb:        val_f1_score 0.22222
wandb:             val_ibs 0.12445
wandb:            val_loss 0.57336
wandb:       val_precision 0.60488
wandb:          val_recall 0.54282
wandb: 
wandb: 🚀 View run ad_CoOp_Fold_1 at: https://wandb.ai/franciscosacouto-inesc-tec/Text/runs/py8uggiy
wandb: Synced 6 W&B file(s), 7 media file(s), 0 artifact file(s) and 0 other file(s)
wandb: Find logs at: ./wandb/run-20260326_122455-py8uggiy/logs
/nas-ctm01/homes/fmferreira/.conda/envs/ai4lungs/lib/python3.11/site-packages/lightning_fabric/plugins/environments/slurm.py:204: The `srun` command is available on your system but is not used. HINT: If your intention is to run Lightning on SLURM, prepend your python command with `srun` like so: srun python encoder_survivalhead.py --config-name config_ws_ad.y ...
GPU available: True (cuda), used: True
TPU available: False, using: 0 TPU cores
wandb: - Waiting for wandb.init()...wandb: \ Waiting for wandb.init()...wandb: wandb version 0.25.1 is available!  To upgrade, please run:
wandb:  $ pip install wandb --upgrade
wandb: Tracking run with wandb version 0.15.2
wandb: Run data is saved locally in ./wandb/run-20260326_125758-s49m5nsg
wandb: Run `wandb offline` to turn off syncing.
wandb: Syncing run ad_CoOp_Fold_2
wandb: ⭐️ View project at https://wandb.ai/franciscosacouto-inesc-tec/Text
wandb: 🚀 View run at https://wandb.ai/franciscosacouto-inesc-tec/Text/runs/s49m5nsg
/nas-ctm01/homes/fmferreira/.conda/envs/ai4lungs/lib/python3.11/site-packages/pytorch_lightning/callbacks/model_checkpoint.py:881: Checkpoint directory /nas-ctm01/homes/fmferreira/AI4LUNGS/checkpoints/fold_01 exists and is not empty.
LOCAL_RANK: 0 - CUDA_VISIBLE_DEVICES: [0]
/nas-ctm01/homes/fmferreira/.conda/envs/ai4lungs/lib/python3.11/site-packages/torch/utils/checkpoint.py:429: UserWarning: torch.utils.checkpoint: please pass in use_reentrant=True or use_reentrant=False explicitly. The default value of use_reentrant will be updated to be False in the future. To maintain current behavior, pass use_reentrant=True. It is recommended that you use use_reentrant=False. Refer to docs for more details on the differences between the two variants.
  warnings.warn(
/nas-ctm01/homes/fmferreira/.conda/envs/ai4lungs/lib/python3.11/site-packages/torch/utils/checkpoint.py:61: UserWarning: None of the inputs have requires_grad=True. Gradients will be None
  warnings.warn(
/nas-ctm01/homes/fmferreira/.conda/envs/ai4lungs/lib/python3.11/site-packages/pytorch_lightning/loops/fit_loop.py:317: The number of training batches (7) is smaller than the logging interval Trainer(log_every_n_steps=10). Set a lower value for log_every_n_steps if you want to see logs for the training epoch.
/nas-ctm01/homes/fmferreira/.conda/envs/ai4lungs/lib/python3.11/site-packages/pytorch_lightning/loops/fit_loop.py:534: Found 164 module(s) in eval mode at the start of training. This may lead to unexpected behavior during training. If this is intentional, you can ignore this warning.
/nas-ctm01/homes/fmferreira/.conda/envs/ai4lungs/lib/python3.11/site-packages/torch/utils/checkpoint.py:429: UserWarning: torch.utils.checkpoint: please pass in use_reentrant=True or use_reentrant=False explicitly. The default value of use_reentrant will be updated to be False in the future. To maintain current behavior, pass use_reentrant=True. It is recommended that you use use_reentrant=False. Refer to docs for more details on the differences between the two variants.
  warnings.warn(
/nas-ctm01/homes/fmferreira/.conda/envs/ai4lungs/lib/python3.11/site-packages/torch/utils/checkpoint.py:61: UserWarning: None of the inputs have requires_grad=True. Gradients will be None
  warnings.warn(
/nas-ctm01/homes/fmferreira/.conda/envs/ai4lungs/lib/python3.11/site-packages/torch/utils/checkpoint.py:429: UserWarning: torch.utils.checkpoint: please pass in use_reentrant=True or use_reentrant=False explicitly. The default value of use_reentrant will be updated to be False in the future. To maintain current behavior, pass use_reentrant=True. It is recommended that you use use_reentrant=False. Refer to docs for more details on the differences between the two variants.
  warnings.warn(
/nas-ctm01/homes/fmferreira/.conda/envs/ai4lungs/lib/python3.11/site-packages/torch/utils/checkpoint.py:61: UserWarning: None of the inputs have requires_grad=True. Gradients will be None
  warnings.warn(
/nas-ctm01/homes/fmferreira/.conda/envs/ai4lungs/lib/python3.11/site-packages/torch/utils/checkpoint.py:429: UserWarning: torch.utils.checkpoint: please pass in use_reentrant=True or use_reentrant=False explicitly. The default value of use_reentrant will be updated to be False in the future. To maintain current behavior, pass use_reentrant=True. It is recommended that you use use_reentrant=False. Refer to docs for more details on the differences between the two variants.
  warnings.warn(
/nas-ctm01/homes/fmferreira/.conda/envs/ai4lungs/lib/python3.11/site-packages/torch/utils/checkpoint.py:61: UserWarning: None of the inputs have requires_grad=True. Gradients will be None
  warnings.warn(
/nas-ctm01/homes/fmferreira/.conda/envs/ai4lungs/lib/python3.11/site-packages/torch/utils/checkpoint.py:429: UserWarning: torch.utils.checkpoint: please pass in use_reentrant=True or use_reentrant=False explicitly. The default value of use_reentrant will be updated to be False in the future. To maintain current behavior, pass use_reentrant=True. It is recommended that you use use_reentrant=False. Refer to docs for more details on the differences between the two variants.
  warnings.warn(
/nas-ctm01/homes/fmferreira/.conda/envs/ai4lungs/lib/python3.11/site-packages/torch/utils/checkpoint.py:61: UserWarning: None of the inputs have requires_grad=True. Gradients will be None
  warnings.warn(
/nas-ctm01/homes/fmferreira/.conda/envs/ai4lungs/lib/python3.11/site-packages/torch/utils/checkpoint.py:429: UserWarning: torch.utils.checkpoint: please pass in use_reentrant=True or use_reentrant=False explicitly. The default value of use_reentrant will be updated to be False in the future. To maintain current behavior, pass use_reentrant=True. It is recommended that you use use_reentrant=False. Refer to docs for more details on the differences between the two variants.
  warnings.warn(
/nas-ctm01/homes/fmferreira/.conda/envs/ai4lungs/lib/python3.11/site-packages/torch/utils/checkpoint.py:61: UserWarning: None of the inputs have requires_grad=True. Gradients will be None
  warnings.warn(
Restoring states from the checkpoint path at /nas-ctm01/homes/fmferreira/AI4LUNGS/checkpoints/fold_01/bestad_CoOp-epoch=02-val_loss=0.30.ckpt
LOCAL_RANK: 0 - CUDA_VISIBLE_DEVICES: [0]
Loaded model weights from the checkpoint at /nas-ctm01/homes/fmferreira/AI4LUNGS/checkpoints/fold_01/bestad_CoOp-epoch=02-val_loss=0.30.ckpt
wandb: Waiting for W&B process to finish... (success).
wandb: 
wandb: Run history:
wandb:               epoch ▁▁▁▁▁▂▂▂▂▃▃▃▃▃▃▄▄▄▄▄▅▅▅▅▅▅▆▆▆▆▆▆▆▇▇▇▇███
wandb:          test_auroc ▁
wandb:   test_balanced_acc ▁
wandb:         test_cindex ▁
wandb:       test_f1_score ▁
wandb:            test_ibs ▁
wandb:      test_precision ▁
wandb:         test_recall ▁
wandb:    train_loss_epoch █▅▃▃▃▇▄▄▄▄▂▂▂▂▁▁▁▁
wandb:     train_loss_step ▂▁▁█▂▂▂▁▁▁▁▁
wandb: trainer/global_step ▁▁▁▁▂▂▂▂▂▃▃▃▃▃▃▄▄▄▄▅▅▅▅▅▅▅▆▆▆▆▇▇▇▇▇█████
wandb:           val_auroc ▇██▆▄▄▂▄▅▄▃▃▂▁▁▂▃▃
wandb:    val_balanced_acc ███▇█▆▁▄█▇▆▆▆▄▅▇█▇
wandb:          val_cindex ███▅▄▄▃▅▅▄▃▃▂▁▁▂▄▃
wandb:        val_f1_score ▆█▇▆▆▅▁▃▇▇▇▇▇▄▆███
wandb:             val_ibs ▇▃▁▃▃▃█▅▃▂▂▂▃▄▄▂▁▂
wandb:            val_loss ▁▁▁▁▁▁▂▁▁▂▃▄▆█▆▄▅▆
wandb:       val_precision ▄▆▅▄▄▃▁▂▄▅▆▇▇██▇▆▇
wandb:          val_recall ███▇█▆▁▄█▇▆▆▆▄▅▇█▇
wandb: 
wandb: Run summary:
wandb:               epoch 18
wandb:          test_auroc 0.82593
wandb:   test_balanced_acc 0.70833
wandb:         test_cindex 0.79757
wandb:       test_f1_score 0.55319
wandb:            test_ibs 0.09001
wandb:      test_precision 0.6747
wandb:         test_recall 0.70833
wandb:    train_loss_epoch -0.01657
wandb:     train_loss_step 0.07494
wandb: trainer/global_step 126
wandb:           val_auroc 0.86965
wandb:    val_balanced_acc 0.81435
wandb:          val_cindex 0.82198
wandb:        val_f1_score 0.73077
wandb:             val_ibs 0.0788
wandb:            val_loss 2.90756
wandb:       val_precision 0.83122
wandb:          val_recall 0.81435
wandb: 
wandb: 🚀 View run ad_CoOp_Fold_2 at: https://wandb.ai/franciscosacouto-inesc-tec/Text/runs/s49m5nsg
wandb: Synced 6 W&B file(s), 6 media file(s), 0 artifact file(s) and 0 other file(s)
wandb: Find logs at: ./wandb/run-20260326_125758-s49m5nsg/logs
/nas-ctm01/homes/fmferreira/.conda/envs/ai4lungs/lib/python3.11/site-packages/lightning_fabric/plugins/environments/slurm.py:204: The `srun` command is available on your system but is not used. HINT: If your intention is to run Lightning on SLURM, prepend your python command with `srun` like so: srun python encoder_survivalhead.py --config-name config_ws_ad.y ...
GPU available: True (cuda), used: True
TPU available: False, using: 0 TPU cores
wandb: - Waiting for wandb.init()...wandb: \ Waiting for wandb.init()...wandb: | Waiting for wandb.init()...wandb: wandb version 0.25.1 is available!  To upgrade, please run:
wandb:  $ pip install wandb --upgrade
wandb: Tracking run with wandb version 0.15.2
wandb: Run data is saved locally in ./wandb/run-20260326_132640-p35d6p6n
wandb: Run `wandb offline` to turn off syncing.
wandb: Syncing run ad_CoOp_Fold_3
wandb: ⭐️ View project at https://wandb.ai/franciscosacouto-inesc-tec/Text
wandb: 🚀 View run at https://wandb.ai/franciscosacouto-inesc-tec/Text/runs/p35d6p6n
/nas-ctm01/homes/fmferreira/.conda/envs/ai4lungs/lib/python3.11/site-packages/pytorch_lightning/callbacks/model_checkpoint.py:881: Checkpoint directory /nas-ctm01/homes/fmferreira/AI4LUNGS/checkpoints/fold_02 exists and is not empty.
LOCAL_RANK: 0 - CUDA_VISIBLE_DEVICES: [0]
/nas-ctm01/homes/fmferreira/.conda/envs/ai4lungs/lib/python3.11/site-packages/torch/utils/checkpoint.py:429: UserWarning: torch.utils.checkpoint: please pass in use_reentrant=True or use_reentrant=False explicitly. The default value of use_reentrant will be updated to be False in the future. To maintain current behavior, pass use_reentrant=True. It is recommended that you use use_reentrant=False. Refer to docs for more details on the differences between the two variants.
  warnings.warn(
/nas-ctm01/homes/fmferreira/.conda/envs/ai4lungs/lib/python3.11/site-packages/torch/utils/checkpoint.py:61: UserWarning: None of the inputs have requires_grad=True. Gradients will be None
  warnings.warn(
/nas-ctm01/homes/fmferreira/.conda/envs/ai4lungs/lib/python3.11/site-packages/pytorch_lightning/loops/fit_loop.py:317: The number of training batches (7) is smaller than the logging interval Trainer(log_every_n_steps=10). Set a lower value for log_every_n_steps if you want to see logs for the training epoch.
/nas-ctm01/homes/fmferreira/.conda/envs/ai4lungs/lib/python3.11/site-packages/pytorch_lightning/loops/fit_loop.py:534: Found 164 module(s) in eval mode at the start of training. This may lead to unexpected behavior during training. If this is intentional, you can ignore this warning.
/nas-ctm01/homes/fmferreira/.conda/envs/ai4lungs/lib/python3.11/site-packages/torch/utils/checkpoint.py:429: UserWarning: torch.utils.checkpoint: please pass in use_reentrant=True or use_reentrant=False explicitly. The default value of use_reentrant will be updated to be False in the future. To maintain current behavior, pass use_reentrant=True. It is recommended that you use use_reentrant=False. Refer to docs for more details on the differences between the two variants.
  warnings.warn(
/nas-ctm01/homes/fmferreira/.conda/envs/ai4lungs/lib/python3.11/site-packages/pytorch_lightning/utilities/data.py:79: Trying to infer the `batch_size` from an ambiguous collection. The batch size we found is 22. To avoid any miscalculations, use `self.log(..., batch_size=batch_size)`.
/nas-ctm01/homes/fmferreira/.conda/envs/ai4lungs/lib/python3.11/site-packages/torch/utils/checkpoint.py:61: UserWarning: None of the inputs have requires_grad=True. Gradients will be None
  warnings.warn(
/nas-ctm01/homes/fmferreira/.conda/envs/ai4lungs/lib/python3.11/site-packages/pytorch_lightning/utilities/data.py:79: Trying to infer the `batch_size` from an ambiguous collection. The batch size we found is 10. To avoid any miscalculations, use `self.log(..., batch_size=batch_size)`.
/nas-ctm01/homes/fmferreira/.conda/envs/ai4lungs/lib/python3.11/site-packages/torch/utils/checkpoint.py:429: UserWarning: torch.utils.checkpoint: please pass in use_reentrant=True or use_reentrant=False explicitly. The default value of use_reentrant will be updated to be False in the future. To maintain current behavior, pass use_reentrant=True. It is recommended that you use use_reentrant=False. Refer to docs for more details on the differences between the two variants.
  warnings.warn(
/nas-ctm01/homes/fmferreira/.conda/envs/ai4lungs/lib/python3.11/site-packages/torch/utils/checkpoint.py:61: UserWarning: None of the inputs have requires_grad=True. Gradients will be None
  warnings.warn(
/nas-ctm01/homes/fmferreira/.conda/envs/ai4lungs/lib/python3.11/site-packages/torch/utils/checkpoint.py:429: UserWarning: torch.utils.checkpoint: please pass in use_reentrant=True or use_reentrant=False explicitly. The default value of use_reentrant will be updated to be False in the future. To maintain current behavior, pass use_reentrant=True. It is recommended that you use use_reentrant=False. Refer to docs for more details on the differences between the two variants.
  warnings.warn(
/nas-ctm01/homes/fmferreira/.conda/envs/ai4lungs/lib/python3.11/site-packages/torch/utils/checkpoint.py:61: UserWarning: None of the inputs have requires_grad=True. Gradients will be None
  warnings.warn(
/nas-ctm01/homes/fmferreira/.conda/envs/ai4lungs/lib/python3.11/site-packages/torch/utils/checkpoint.py:429: UserWarning: torch.utils.checkpoint: please pass in use_reentrant=True or use_reentrant=False explicitly. The default value of use_reentrant will be updated to be False in the future. To maintain current behavior, pass use_reentrant=True. It is recommended that you use use_reentrant=False. Refer to docs for more details on the differences between the two variants.
  warnings.warn(
/nas-ctm01/homes/fmferreira/.conda/envs/ai4lungs/lib/python3.11/site-packages/torch/utils/checkpoint.py:61: UserWarning: None of the inputs have requires_grad=True. Gradients will be None
  warnings.warn(
/nas-ctm01/homes/fmferreira/.conda/envs/ai4lungs/lib/python3.11/site-packages/torch/utils/checkpoint.py:429: UserWarning: torch.utils.checkpoint: please pass in use_reentrant=True or use_reentrant=False explicitly. The default value of use_reentrant will be updated to be False in the future. To maintain current behavior, pass use_reentrant=True. It is recommended that you use use_reentrant=False. Refer to docs for more details on the differences between the two variants.
  warnings.warn(
/nas-ctm01/homes/fmferreira/.conda/envs/ai4lungs/lib/python3.11/site-packages/torch/utils/checkpoint.py:61: UserWarning: None of the inputs have requires_grad=True. Gradients will be None
  warnings.warn(
/nas-ctm01/homes/fmferreira/.conda/envs/ai4lungs/lib/python3.11/site-packages/torch/utils/checkpoint.py:429: UserWarning: torch.utils.checkpoint: please pass in use_reentrant=True or use_reentrant=False explicitly. The default value of use_reentrant will be updated to be False in the future. To maintain current behavior, pass use_reentrant=True. It is recommended that you use use_reentrant=False. Refer to docs for more details on the differences between the two variants.
  warnings.warn(
/nas-ctm01/homes/fmferreira/.conda/envs/ai4lungs/lib/python3.11/site-packages/torch/utils/checkpoint.py:61: UserWarning: None of the inputs have requires_grad=True. Gradients will be None
  warnings.warn(
/nas-ctm01/homes/fmferreira/.conda/envs/ai4lungs/lib/python3.11/site-packages/torch/utils/checkpoint.py:429: UserWarning: torch.utils.checkpoint: please pass in use_reentrant=True or use_reentrant=False explicitly. The default value of use_reentrant will be updated to be False in the future. To maintain current behavior, pass use_reentrant=True. It is recommended that you use use_reentrant=False. Refer to docs for more details on the differences between the two variants.
  warnings.warn(
/nas-ctm01/homes/fmferreira/.conda/envs/ai4lungs/lib/python3.11/site-packages/torch/utils/checkpoint.py:61: UserWarning: None of the inputs have requires_grad=True. Gradients will be None
  warnings.warn(
Restoring states from the checkpoint path at /nas-ctm01/homes/fmferreira/AI4LUNGS/checkpoints/fold_02/bestad_CoOp-epoch=12-val_loss=0.14.ckpt
LOCAL_RANK: 0 - CUDA_VISIBLE_DEVICES: [0]
Loaded model weights from the checkpoint at /nas-ctm01/homes/fmferreira/AI4LUNGS/checkpoints/fold_02/bestad_CoOp-epoch=12-val_loss=0.14.ckpt
wandb: Waiting for W&B process to finish... (success).
wandb: 
wandb: Run history:
wandb:               epoch ▁▁▁▁▁▂▂▂▂▃▃▃▃▃▃▃▄▄▄▄▅▅▅▅▅▅▅▆▆▆▆▇▇▇▇▇▇▇██
wandb:          test_auroc ▁
wandb:   test_balanced_acc ▁
wandb:         test_cindex ▁
wandb:       test_f1_score ▁
wandb:            test_ibs ▁
wandb:      test_precision ▁
wandb:         test_recall ▁
wandb:    train_loss_epoch ▄▃▃▂▂▁█▂▂▂▂▂▁▁▁▁▃▂▂▂▂▁▂▁▂▁▁▁
wandb:     train_loss_step █▇▅▃▃▆▄▃▅▃▁▅▅▄▃▄▁▃▁
wandb: trainer/global_step ▁▁▁▂▂▂▂▂▂▃▃▃▃▃▄▄▄▄▄▄▅▅▅▅▅▆▆▆▆▆▆▇▇▇▇▇▇███
wandb:           val_auroc ▇█▂▇▇▇▇▄▃▅▇▇▇▇▇▆▃▁▄▅▅▆▆▆▅▆▇▇
wandb:    val_balanced_acc ▄█▅▇▇▆▄▁▂▆▇▆▇▇▇▆▄▄▆▆▆▇▆▆▄▅█▇
wandb:          val_cindex ██▁▇█▇▇▃▃▄▅▆▇▇▆▆▃▂▄▄▄▅▅▅▄▅▅▅
wandb:        val_f1_score ▃▆▃▇▇▇▃▁▁▄▅▅▇▇▇▆▃▃▅▆▅▆▇▇▄▅█▇
wandb:             val_ibs ▅▂▅▂▂▂▄█▆▃▂▁▁▁▁▁▄▃▂▂▂▁▁▂▃▃▁▁
wandb:            val_loss ▅▃▅▁▁▂▄█▆▃▂▁▁▁▁▁▄▄▂▂▂▁▃▅█▆▃▂
wandb:       val_precision ▂▅▂▆▇█▂▁▁▃▄▄▆▆▆▆▂▂▄▅▄▄▇█▆▇▇▆
wandb:          val_recall ▄█▅▇▇▆▄▁▂▆▇▆▇▇▇▆▄▄▆▆▆▇▆▆▄▅█▇
wandb: 
wandb: Run summary:
wandb:               epoch 28
wandb:          test_auroc 0.8213
wandb:   test_balanced_acc 0.74167
wandb:         test_cindex 0.8097
wandb:       test_f1_score 0.59574
wandb:            test_ibs 0.09585
wandb:      test_precision 0.70266
wandb:         test_recall 0.74167
wandb:    train_loss_epoch -0.05004
wandb:     train_loss_step -0.08239
wandb: trainer/global_step 196
wandb:           val_auroc 0.95426
wandb:    val_balanced_acc 0.87933
wandb:          val_cindex 0.90898
wandb:        val_f1_score 0.8
wandb:             val_ibs 0.06394
wandb:            val_loss 0.23283
wandb:       val_precision 0.85334
wandb:          val_recall 0.87933
wandb: 
wandb: 🚀 View run ad_CoOp_Fold_3 at: https://wandb.ai/franciscosacouto-inesc-tec/Text/runs/p35d6p6n
wandb: Synced 6 W&B file(s), 8 media file(s), 0 artifact file(s) and 0 other file(s)
wandb: Find logs at: ./wandb/run-20260326_132640-p35d6p6n/logs
/nas-ctm01/homes/fmferreira/.conda/envs/ai4lungs/lib/python3.11/site-packages/torchmetrics/utilities/imports.py:22: UserWarning: pkg_resources is deprecated as an API. See https://setuptools.pypa.io/en/latest/pkg_resources.html. The pkg_resources package is slated for removal as early as 2025-11-30. Refrain from using this package or pin to Setuptools<81.
  from pkg_resources import DistributionNotFound, get_distribution
/nas-ctm01/homes/fmferreira/.conda/envs/ai4lungs/lib/python3.11/site-packages/timm/models/layers/__init__.py:48: FutureWarning: Importing from timm.models.layers is deprecated, please import via timm.layers
  warnings.warn(f"Importing from {__name__} is deprecated, please import via timm.layers", FutureWarning)
/nas-ctm01/homes/fmferreira/.conda/envs/ai4lungs/lib/python3.11/site-packages/torch/utils/checkpoint.py:429: UserWarning: torch.utils.checkpoint: please pass in use_reentrant=True or use_reentrant=False explicitly. The default value of use_reentrant will be updated to be False in the future. To maintain current behavior, pass use_reentrant=True. It is recommended that you use use_reentrant=False. Refer to docs for more details on the differences between the two variants.
  warnings.warn(
/nas-ctm01/homes/fmferreira/.conda/envs/ai4lungs/lib/python3.11/site-packages/torch/utils/checkpoint.py:61: UserWarning: None of the inputs have requires_grad=True. Gradients will be None
  warnings.warn(
Token indices sequence length is longer than the specified maximum sequence length for this model (250 > 77). Running this sequence through the model will result in indexing errors
/nas-ctm01/homes/fmferreira/.conda/envs/ai4lungs/lib/python3.11/site-packages/lightning_fabric/plugins/environments/slurm.py:204: The `srun` command is available on your system but is not used. HINT: If your intention is to run Lightning on SLURM, prepend your python command with `srun` like so: srun python encoder_survivalhead.py --config-name config_ws_fi.y ...
GPU available: True (cuda), used: True
TPU available: False, using: 0 TPU cores
You are using a CUDA device ('NVIDIA A100 80GB PCIe') that has Tensor Cores. To properly utilize them, you should set `torch.set_float32_matmul_precision('medium' | 'high')` which will trade-off precision for performance. For more details, read https://pytorch.org/docs/stable/generated/torch.set_float32_matmul_precision.html#torch.set_float32_matmul_precision
/nas-ctm01/homes/fmferreira/.conda/envs/ai4lungs/lib/python3.11/site-packages/wandb/apis/public.py:3106: UserWarning: pkg_resources is deprecated as an API. See https://setuptools.pypa.io/en/latest/pkg_resources.html. The pkg_resources package is slated for removal as early as 2025-11-30. Refrain from using this package or pin to Setuptools<81.
  from pkg_resources import parse_version
wandb: Currently logged in as: franciscosacouto (franciscosacouto-inesc-tec). Use `wandb login --relogin` to force relogin
wandb: - Waiting for wandb.init()...wandb: \ Waiting for wandb.init()...wandb: wandb version 0.25.1 is available!  To upgrade, please run:
wandb:  $ pip install wandb --upgrade
wandb: Tracking run with wandb version 0.15.2
wandb: Run data is saved locally in ./wandb/run-20260326_141040-48hwohoz
wandb: Run `wandb offline` to turn off syncing.
wandb: Syncing run FI_CoOp_Fold_1
wandb: ⭐️ View project at https://wandb.ai/franciscosacouto-inesc-tec/Text
wandb: 🚀 View run at https://wandb.ai/franciscosacouto-inesc-tec/Text/runs/48hwohoz
/nas-ctm01/homes/fmferreira/.conda/envs/ai4lungs/lib/python3.11/site-packages/pytorch_lightning/callbacks/model_checkpoint.py:881: Checkpoint directory /nas-ctm01/homes/fmferreira/AI4LUNGS/checkpoints/fold_00 exists and is not empty.
LOCAL_RANK: 0 - CUDA_VISIBLE_DEVICES: [0]
/nas-ctm01/homes/fmferreira/.conda/envs/ai4lungs/lib/python3.11/site-packages/torch/utils/checkpoint.py:429: UserWarning: torch.utils.checkpoint: please pass in use_reentrant=True or use_reentrant=False explicitly. The default value of use_reentrant will be updated to be False in the future. To maintain current behavior, pass use_reentrant=True. It is recommended that you use use_reentrant=False. Refer to docs for more details on the differences between the two variants.
  warnings.warn(
/nas-ctm01/homes/fmferreira/.conda/envs/ai4lungs/lib/python3.11/site-packages/torch/utils/checkpoint.py:61: UserWarning: None of the inputs have requires_grad=True. Gradients will be None
  warnings.warn(
/nas-ctm01/homes/fmferreira/.conda/envs/ai4lungs/lib/python3.11/site-packages/pytorch_lightning/utilities/data.py:79: Trying to infer the `batch_size` from an ambiguous collection. The batch size we found is 32. To avoid any miscalculations, use `self.log(..., batch_size=batch_size)`.
/nas-ctm01/homes/fmferreira/.conda/envs/ai4lungs/lib/python3.11/site-packages/pytorch_lightning/loops/fit_loop.py:317: The number of training batches (7) is smaller than the logging interval Trainer(log_every_n_steps=10). Set a lower value for log_every_n_steps if you want to see logs for the training epoch.
/nas-ctm01/homes/fmferreira/.conda/envs/ai4lungs/lib/python3.11/site-packages/pytorch_lightning/loops/fit_loop.py:534: Found 164 module(s) in eval mode at the start of training. This may lead to unexpected behavior during training. If this is intentional, you can ignore this warning.
/nas-ctm01/homes/fmferreira/.conda/envs/ai4lungs/lib/python3.11/site-packages/torch/utils/checkpoint.py:429: UserWarning: torch.utils.checkpoint: please pass in use_reentrant=True or use_reentrant=False explicitly. The default value of use_reentrant will be updated to be False in the future. To maintain current behavior, pass use_reentrant=True. It is recommended that you use use_reentrant=False. Refer to docs for more details on the differences between the two variants.
  warnings.warn(
/nas-ctm01/homes/fmferreira/.conda/envs/ai4lungs/lib/python3.11/site-packages/pytorch_lightning/utilities/data.py:79: Trying to infer the `batch_size` from an ambiguous collection. The batch size we found is 21. To avoid any miscalculations, use `self.log(..., batch_size=batch_size)`.
/nas-ctm01/homes/fmferreira/.conda/envs/ai4lungs/lib/python3.11/site-packages/torch/utils/checkpoint.py:61: UserWarning: None of the inputs have requires_grad=True. Gradients will be None
  warnings.warn(
/nas-ctm01/homes/fmferreira/.conda/envs/ai4lungs/lib/python3.11/site-packages/pytorch_lightning/utilities/data.py:79: Trying to infer the `batch_size` from an ambiguous collection. The batch size we found is 11. To avoid any miscalculations, use `self.log(..., batch_size=batch_size)`.
/nas-ctm01/homes/fmferreira/.conda/envs/ai4lungs/lib/python3.11/site-packages/torch/utils/checkpoint.py:429: UserWarning: torch.utils.checkpoint: please pass in use_reentrant=True or use_reentrant=False explicitly. The default value of use_reentrant will be updated to be False in the future. To maintain current behavior, pass use_reentrant=True. It is recommended that you use use_reentrant=False. Refer to docs for more details on the differences between the two variants.
  warnings.warn(
/nas-ctm01/homes/fmferreira/.conda/envs/ai4lungs/lib/python3.11/site-packages/torch/utils/checkpoint.py:61: UserWarning: None of the inputs have requires_grad=True. Gradients will be None
  warnings.warn(
/nas-ctm01/homes/fmferreira/.conda/envs/ai4lungs/lib/python3.11/site-packages/torch/utils/checkpoint.py:429: UserWarning: torch.utils.checkpoint: please pass in use_reentrant=True or use_reentrant=False explicitly. The default value of use_reentrant will be updated to be False in the future. To maintain current behavior, pass use_reentrant=True. It is recommended that you use use_reentrant=False. Refer to docs for more details on the differences between the two variants.
  warnings.warn(
/nas-ctm01/homes/fmferreira/.conda/envs/ai4lungs/lib/python3.11/site-packages/torch/utils/checkpoint.py:61: UserWarning: None of the inputs have requires_grad=True. Gradients will be None
  warnings.warn(
/nas-ctm01/homes/fmferreira/.conda/envs/ai4lungs/lib/python3.11/site-packages/torch/utils/checkpoint.py:429: UserWarning: torch.utils.checkpoint: please pass in use_reentrant=True or use_reentrant=False explicitly. The default value of use_reentrant will be updated to be False in the future. To maintain current behavior, pass use_reentrant=True. It is recommended that you use use_reentrant=False. Refer to docs for more details on the differences between the two variants.
  warnings.warn(
/nas-ctm01/homes/fmferreira/.conda/envs/ai4lungs/lib/python3.11/site-packages/torch/utils/checkpoint.py:61: UserWarning: None of the inputs have requires_grad=True. Gradients will be None
  warnings.warn(
/nas-ctm01/homes/fmferreira/.conda/envs/ai4lungs/lib/python3.11/site-packages/torch/utils/checkpoint.py:429: UserWarning: torch.utils.checkpoint: please pass in use_reentrant=True or use_reentrant=False explicitly. The default value of use_reentrant will be updated to be False in the future. To maintain current behavior, pass use_reentrant=True. It is recommended that you use use_reentrant=False. Refer to docs for more details on the differences between the two variants.
  warnings.warn(
/nas-ctm01/homes/fmferreira/.conda/envs/ai4lungs/lib/python3.11/site-packages/torch/utils/checkpoint.py:61: UserWarning: None of the inputs have requires_grad=True. Gradients will be None
  warnings.warn(
/nas-ctm01/homes/fmferreira/.conda/envs/ai4lungs/lib/python3.11/site-packages/torch/utils/checkpoint.py:429: UserWarning: torch.utils.checkpoint: please pass in use_reentrant=True or use_reentrant=False explicitly. The default value of use_reentrant will be updated to be False in the future. To maintain current behavior, pass use_reentrant=True. It is recommended that you use use_reentrant=False. Refer to docs for more details on the differences between the two variants.
  warnings.warn(
/nas-ctm01/homes/fmferreira/.conda/envs/ai4lungs/lib/python3.11/site-packages/torch/utils/checkpoint.py:61: UserWarning: None of the inputs have requires_grad=True. Gradients will be None
  warnings.warn(
/nas-ctm01/homes/fmferreira/.conda/envs/ai4lungs/lib/python3.11/site-packages/torch/utils/checkpoint.py:429: UserWarning: torch.utils.checkpoint: please pass in use_reentrant=True or use_reentrant=False explicitly. The default value of use_reentrant will be updated to be False in the future. To maintain current behavior, pass use_reentrant=True. It is recommended that you use use_reentrant=False. Refer to docs for more details on the differences between the two variants.
  warnings.warn(
/nas-ctm01/homes/fmferreira/.conda/envs/ai4lungs/lib/python3.11/site-packages/torch/utils/checkpoint.py:61: UserWarning: None of the inputs have requires_grad=True. Gradients will be None
  warnings.warn(
Restoring states from the checkpoint path at /nas-ctm01/homes/fmferreira/AI4LUNGS/checkpoints/fold_00/bestFI_CoOp-epoch=12-val_loss=0.31.ckpt
LOCAL_RANK: 0 - CUDA_VISIBLE_DEVICES: [0]
Loaded model weights from the checkpoint at /nas-ctm01/homes/fmferreira/AI4LUNGS/checkpoints/fold_00/bestFI_CoOp-epoch=12-val_loss=0.31.ckpt
wandb: Waiting for W&B process to finish... (success).
wandb: 
wandb: Run history:
wandb:               epoch ▁▁▁▁▁▂▂▂▂▃▃▃▃▃▃▃▄▄▄▄▅▅▅▅▅▅▅▆▆▆▆▇▇▇▇▇▇▇██
wandb:          test_auroc ▁
wandb:   test_balanced_acc ▁
wandb:         test_cindex ▁
wandb:       test_f1_score ▁
wandb:            test_ibs ▁
wandb:      test_precision ▁
wandb:         test_recall ▁
wandb:    train_loss_epoch █▇▆▅▃▃▄▃▃▅▅▄▃▃▃▂▁▁█▄▄▄▄▂▂▂▂▁
wandb:     train_loss_step ▂▂▁▁▂▂▂▁▁▁▁▁█▁▁▁▁▁▁
wandb: trainer/global_step ▁▁▁▂▂▂▂▂▂▃▃▃▃▃▄▄▄▄▄▄▅▅▅▅▅▆▆▆▆▆▆▇▇▇▇▇▇███
wandb:           val_auroc ▁▄▇▇███▆▇▆▃▇█████▇▆▅▇▇▇▇▇▇▇▇
wandb:    val_balanced_acc ▁▂▇▇█▁▄▅▇▁▁▇▇▆▆▆▄▆▃▁▁▃▆▇▇▇▇▆
wandb:          val_cindex ▁▅▇▇███▆▇▅▁▇▇▇▇▇▇▇▄▄▆▆▆▆▆▆▆▆
wandb:        val_f1_score ▅▅▇▇█▁▅▆▇▅▅▇█▇▇█▅▇▅▂▂▄▇██▇▇▇
wandb:             val_ibs ▂▂▁▁▁▂▁▁▁█▇▁▁▁▁▁▁▁▁▁▁▁▁▁▁▁▁▁
wandb:            val_loss ▁▁▁▁▁▁▁▁▁█▂▁▁▁▁▁▁▁▁▁▁▁▁▁▁▁▁▁
wandb:       val_precision ▁▆▆▆▇▃█▆▆▁▁▇████▇█▆████▇▇▇▇▇
wandb:          val_recall ▁▂▇▇█▁▄▅▇▁▁▇▇▆▆▆▄▆▃▁▁▃▆▇▇▇▇▆
wandb: 
wandb: Run summary:
wandb:               epoch 28
wandb:          test_auroc 0.96019
wandb:   test_balanced_acc 0.83333
wandb:         test_cindex 0.91357
wandb:       test_f1_score 0.77778
wandb:            test_ibs 0.0612
wandb:      test_precision 0.89062
wandb:         test_recall 0.83333
wandb:    train_loss_epoch -0.13822
wandb:     train_loss_step -0.17374
wandb: trainer/global_step 196
wandb:           val_auroc 0.90591
wandb:    val_balanced_acc 0.76505
wandb:          val_cindex 0.83526
wandb:        val_f1_score 0.66667
wandb:             val_ibs 0.08907
wandb:            val_loss 0.64732
wandb:       val_precision 0.817
wandb:          val_recall 0.76505
wandb: 
wandb: 🚀 View run FI_CoOp_Fold_1 at: https://wandb.ai/franciscosacouto-inesc-tec/Text/runs/48hwohoz
wandb: Synced 6 W&B file(s), 8 media file(s), 2 artifact file(s) and 0 other file(s)
wandb: Find logs at: ./wandb/run-20260326_141040-48hwohoz/logs
/nas-ctm01/homes/fmferreira/.conda/envs/ai4lungs/lib/python3.11/site-packages/lightning_fabric/plugins/environments/slurm.py:204: The `srun` command is available on your system but is not used. HINT: If your intention is to run Lightning on SLURM, prepend your python command with `srun` like so: srun python encoder_survivalhead.py --config-name config_ws_fi.y ...
GPU available: True (cuda), used: True
TPU available: False, using: 0 TPU cores
wandb: - Waiting for wandb.init()...wandb: \ Waiting for wandb.init()...wandb: wandb version 0.25.1 is available!  To upgrade, please run:
wandb:  $ pip install wandb --upgrade
wandb: Tracking run with wandb version 0.15.2
wandb: Run data is saved locally in ./wandb/run-20260326_150118-zy4yhtt8
wandb: Run `wandb offline` to turn off syncing.
wandb: Syncing run FI_CoOp_Fold_2
wandb: ⭐️ View project at https://wandb.ai/franciscosacouto-inesc-tec/Text
wandb: 🚀 View run at https://wandb.ai/franciscosacouto-inesc-tec/Text/runs/zy4yhtt8
/nas-ctm01/homes/fmferreira/.conda/envs/ai4lungs/lib/python3.11/site-packages/pytorch_lightning/callbacks/model_checkpoint.py:881: Checkpoint directory /nas-ctm01/homes/fmferreira/AI4LUNGS/checkpoints/fold_01 exists and is not empty.
LOCAL_RANK: 0 - CUDA_VISIBLE_DEVICES: [0]
/nas-ctm01/homes/fmferreira/.conda/envs/ai4lungs/lib/python3.11/site-packages/torch/utils/checkpoint.py:429: UserWarning: torch.utils.checkpoint: please pass in use_reentrant=True or use_reentrant=False explicitly. The default value of use_reentrant will be updated to be False in the future. To maintain current behavior, pass use_reentrant=True. It is recommended that you use use_reentrant=False. Refer to docs for more details on the differences between the two variants.
  warnings.warn(
/nas-ctm01/homes/fmferreira/.conda/envs/ai4lungs/lib/python3.11/site-packages/torch/utils/checkpoint.py:61: UserWarning: None of the inputs have requires_grad=True. Gradients will be None
  warnings.warn(
/nas-ctm01/homes/fmferreira/.conda/envs/ai4lungs/lib/python3.11/site-packages/pytorch_lightning/loops/fit_loop.py:317: The number of training batches (7) is smaller than the logging interval Trainer(log_every_n_steps=10). Set a lower value for log_every_n_steps if you want to see logs for the training epoch.
/nas-ctm01/homes/fmferreira/.conda/envs/ai4lungs/lib/python3.11/site-packages/pytorch_lightning/loops/fit_loop.py:534: Found 164 module(s) in eval mode at the start of training. This may lead to unexpected behavior during training. If this is intentional, you can ignore this warning.
/nas-ctm01/homes/fmferreira/.conda/envs/ai4lungs/lib/python3.11/site-packages/torch/utils/checkpoint.py:429: UserWarning: torch.utils.checkpoint: please pass in use_reentrant=True or use_reentrant=False explicitly. The default value of use_reentrant will be updated to be False in the future. To maintain current behavior, pass use_reentrant=True. It is recommended that you use use_reentrant=False. Refer to docs for more details on the differences between the two variants.
  warnings.warn(
/nas-ctm01/homes/fmferreira/.conda/envs/ai4lungs/lib/python3.11/site-packages/torch/utils/checkpoint.py:61: UserWarning: None of the inputs have requires_grad=True. Gradients will be None
  warnings.warn(
/nas-ctm01/homes/fmferreira/.conda/envs/ai4lungs/lib/python3.11/site-packages/torch/utils/checkpoint.py:429: UserWarning: torch.utils.checkpoint: please pass in use_reentrant=True or use_reentrant=False explicitly. The default value of use_reentrant will be updated to be False in the future. To maintain current behavior, pass use_reentrant=True. It is recommended that you use use_reentrant=False. Refer to docs for more details on the differences between the two variants.
  warnings.warn(
/nas-ctm01/homes/fmferreira/.conda/envs/ai4lungs/lib/python3.11/site-packages/torch/utils/checkpoint.py:61: UserWarning: None of the inputs have requires_grad=True. Gradients will be None
  warnings.warn(
/nas-ctm01/homes/fmferreira/.conda/envs/ai4lungs/lib/python3.11/site-packages/torch/utils/checkpoint.py:429: UserWarning: torch.utils.checkpoint: please pass in use_reentrant=True or use_reentrant=False explicitly. The default value of use_reentrant will be updated to be False in the future. To maintain current behavior, pass use_reentrant=True. It is recommended that you use use_reentrant=False. Refer to docs for more details on the differences between the two variants.
  warnings.warn(
/nas-ctm01/homes/fmferreira/.conda/envs/ai4lungs/lib/python3.11/site-packages/torch/utils/checkpoint.py:61: UserWarning: None of the inputs have requires_grad=True. Gradients will be None
  warnings.warn(
/nas-ctm01/homes/fmferreira/.conda/envs/ai4lungs/lib/python3.11/site-packages/torch/utils/checkpoint.py:429: UserWarning: torch.utils.checkpoint: please pass in use_reentrant=True or use_reentrant=False explicitly. The default value of use_reentrant will be updated to be False in the future. To maintain current behavior, pass use_reentrant=True. It is recommended that you use use_reentrant=False. Refer to docs for more details on the differences between the two variants.
  warnings.warn(
/nas-ctm01/homes/fmferreira/.conda/envs/ai4lungs/lib/python3.11/site-packages/torch/utils/checkpoint.py:61: UserWarning: None of the inputs have requires_grad=True. Gradients will be None
  warnings.warn(
/nas-ctm01/homes/fmferreira/.conda/envs/ai4lungs/lib/python3.11/site-packages/torch/utils/checkpoint.py:429: UserWarning: torch.utils.checkpoint: please pass in use_reentrant=True or use_reentrant=False explicitly. The default value of use_reentrant will be updated to be False in the future. To maintain current behavior, pass use_reentrant=True. It is recommended that you use use_reentrant=False. Refer to docs for more details on the differences between the two variants.
  warnings.warn(
/nas-ctm01/homes/fmferreira/.conda/envs/ai4lungs/lib/python3.11/site-packages/torch/utils/checkpoint.py:61: UserWarning: None of the inputs have requires_grad=True. Gradients will be None
  warnings.warn(
/nas-ctm01/homes/fmferreira/.conda/envs/ai4lungs/lib/python3.11/site-packages/torch/utils/checkpoint.py:429: UserWarning: torch.utils.checkpoint: please pass in use_reentrant=True or use_reentrant=False explicitly. The default value of use_reentrant will be updated to be False in the future. To maintain current behavior, pass use_reentrant=True. It is recommended that you use use_reentrant=False. Refer to docs for more details on the differences between the two variants.
  warnings.warn(
/nas-ctm01/homes/fmferreira/.conda/envs/ai4lungs/lib/python3.11/site-packages/torch/utils/checkpoint.py:61: UserWarning: None of the inputs have requires_grad=True. Gradients will be None
  warnings.warn(
Restoring states from the checkpoint path at /nas-ctm01/homes/fmferreira/AI4LUNGS/checkpoints/fold_01/bestFI_CoOp-epoch=09-val_loss=0.12.ckpt
LOCAL_RANK: 0 - CUDA_VISIBLE_DEVICES: [0]
Loaded model weights from the checkpoint at /nas-ctm01/homes/fmferreira/AI4LUNGS/checkpoints/fold_01/bestFI_CoOp-epoch=09-val_loss=0.12.ckpt
wandb: Waiting for W&B process to finish... (success).
wandb: 
wandb: Run history:
wandb:               epoch ▁▁▁▂▂▂▂▂▂▂▃▃▃▃▄▄▄▄▄▄▄▅▅▅▅▅▅▆▆▆▆▆▇▇▇▇▇▇██
wandb:          test_auroc ▁
wandb:   test_balanced_acc ▁
wandb:         test_cindex ▁
wandb:       test_f1_score ▁
wandb:            test_ibs ▁
wandb:      test_precision ▁
wandb:         test_recall ▁
wandb:    train_loss_epoch █▅▄▃▃▄▄▃▃▁▁▅▆▄▃▃▃▂▂▁▄▂▂▂▂
wandb:     train_loss_step █▆▄▂▆▅▂▁█▅▅▂▃▅▃▃▃
wandb: trainer/global_step ▁▁▁▂▂▂▂▂▂▂▃▃▃▃▄▄▄▄▄▄▄▅▅▅▅▆▆▆▆▆▇▇▇▇▇▇████
wandb:           val_auroc █████▇█████▆▅▆▇▇▇▇▇▇▆▁▅▇▇
wandb:    val_balanced_acc ▅█▇█▂▅▅▂▄▇▇▁▁▁▆▅▆▅▇▇▆▂▅▇▇
wandb:          val_cindex ████▇▇▇████▅▁▃▇▇▇▇▇▇▅▁▅▇▇
wandb:        val_f1_score ▅█▇█▄▅▆▁▅██▃▃▄▇▅▆▆▇▇▆▄▅▇█
wandb:             val_ibs ▂▁▁▁▃▂▁▃▂▁▁█▄▃▁▂▁▂▁▁▂▇▃▁▁
wandb:            val_loss ▁▁▁▁▁▁▁▂▁▁▁█▁▁▁▁▁▁▁▁▁▃▂▁▁
wandb:       val_precision ▆█▇█▅▆▇▇███▁▁▅▇▇██▇▇▆▅▆▇█
wandb:          val_recall ▅█▇█▂▅▅▂▄▇▇▁▁▁▆▅▆▅▇▇▆▂▅▇▇
wandb: 
wandb: Run summary:
wandb:               epoch 25
wandb:          test_auroc 0.93796
wandb:   test_balanced_acc 0.775
wandb:         test_cindex 0.88173
wandb:       test_f1_score 0.66667
wandb:            test_ibs 0.07684
wandb:      test_precision 0.78473
wandb:         test_recall 0.775
wandb:    train_loss_epoch -0.03827
wandb:     train_loss_step -0.02016
wandb: trainer/global_step 175
wandb:           val_auroc 0.9519
wandb:    val_balanced_acc 0.88264
wandb:          val_cindex 0.88524
wandb:        val_f1_score 0.85714
wandb:             val_ibs 0.05767
wandb:            val_loss 1.32527
wandb:       val_precision 0.94198
wandb:          val_recall 0.88264
wandb: 
wandb: 🚀 View run FI_CoOp_Fold_2 at: https://wandb.ai/franciscosacouto-inesc-tec/Text/runs/zy4yhtt8
wandb: Synced 6 W&B file(s), 7 media file(s), 0 artifact file(s) and 0 other file(s)
wandb: Find logs at: ./wandb/run-20260326_150118-zy4yhtt8/logs
/nas-ctm01/homes/fmferreira/.conda/envs/ai4lungs/lib/python3.11/site-packages/lightning_fabric/plugins/environments/slurm.py:204: The `srun` command is available on your system but is not used. HINT: If your intention is to run Lightning on SLURM, prepend your python command with `srun` like so: srun python encoder_survivalhead.py --config-name config_ws_fi.y ...
GPU available: True (cuda), used: True
TPU available: False, using: 0 TPU cores
wandb: - Waiting for wandb.init()...wandb: \ Waiting for wandb.init()...wandb: | Waiting for wandb.init()...wandb: wandb version 0.25.1 is available!  To upgrade, please run:
wandb:  $ pip install wandb --upgrade
wandb: Tracking run with wandb version 0.15.2
wandb: Run data is saved locally in ./wandb/run-20260326_154645-hpfdsv4o
wandb: Run `wandb offline` to turn off syncing.
wandb: Syncing run FI_CoOp_Fold_3
wandb: ⭐️ View project at https://wandb.ai/franciscosacouto-inesc-tec/Text
wandb: 🚀 View run at https://wandb.ai/franciscosacouto-inesc-tec/Text/runs/hpfdsv4o
/nas-ctm01/homes/fmferreira/.conda/envs/ai4lungs/lib/python3.11/site-packages/pytorch_lightning/callbacks/model_checkpoint.py:881: Checkpoint directory /nas-ctm01/homes/fmferreira/AI4LUNGS/checkpoints/fold_02 exists and is not empty.
LOCAL_RANK: 0 - CUDA_VISIBLE_DEVICES: [0]
/nas-ctm01/homes/fmferreira/.conda/envs/ai4lungs/lib/python3.11/site-packages/torch/utils/checkpoint.py:429: UserWarning: torch.utils.checkpoint: please pass in use_reentrant=True or use_reentrant=False explicitly. The default value of use_reentrant will be updated to be False in the future. To maintain current behavior, pass use_reentrant=True. It is recommended that you use use_reentrant=False. Refer to docs for more details on the differences between the two variants.
  warnings.warn(
/nas-ctm01/homes/fmferreira/.conda/envs/ai4lungs/lib/python3.11/site-packages/torch/utils/checkpoint.py:61: UserWarning: None of the inputs have requires_grad=True. Gradients will be None
  warnings.warn(
/nas-ctm01/homes/fmferreira/.conda/envs/ai4lungs/lib/python3.11/site-packages/pytorch_lightning/loops/fit_loop.py:317: The number of training batches (7) is smaller than the logging interval Trainer(log_every_n_steps=10). Set a lower value for log_every_n_steps if you want to see logs for the training epoch.
/nas-ctm01/homes/fmferreira/.conda/envs/ai4lungs/lib/python3.11/site-packages/pytorch_lightning/loops/fit_loop.py:534: Found 164 module(s) in eval mode at the start of training. This may lead to unexpected behavior during training. If this is intentional, you can ignore this warning.
/nas-ctm01/homes/fmferreira/.conda/envs/ai4lungs/lib/python3.11/site-packages/torch/utils/checkpoint.py:429: UserWarning: torch.utils.checkpoint: please pass in use_reentrant=True or use_reentrant=False explicitly. The default value of use_reentrant will be updated to be False in the future. To maintain current behavior, pass use_reentrant=True. It is recommended that you use use_reentrant=False. Refer to docs for more details on the differences between the two variants.
  warnings.warn(
/nas-ctm01/homes/fmferreira/.conda/envs/ai4lungs/lib/python3.11/site-packages/pytorch_lightning/utilities/data.py:79: Trying to infer the `batch_size` from an ambiguous collection. The batch size we found is 22. To avoid any miscalculations, use `self.log(..., batch_size=batch_size)`.
/nas-ctm01/homes/fmferreira/.conda/envs/ai4lungs/lib/python3.11/site-packages/torch/utils/checkpoint.py:61: UserWarning: None of the inputs have requires_grad=True. Gradients will be None
  warnings.warn(
/nas-ctm01/homes/fmferreira/.conda/envs/ai4lungs/lib/python3.11/site-packages/pytorch_lightning/utilities/data.py:79: Trying to infer the `batch_size` from an ambiguous collection. The batch size we found is 10. To avoid any miscalculations, use `self.log(..., batch_size=batch_size)`.
/nas-ctm01/homes/fmferreira/.conda/envs/ai4lungs/lib/python3.11/site-packages/torch/utils/checkpoint.py:429: UserWarning: torch.utils.checkpoint: please pass in use_reentrant=True or use_reentrant=False explicitly. The default value of use_reentrant will be updated to be False in the future. To maintain current behavior, pass use_reentrant=True. It is recommended that you use use_reentrant=False. Refer to docs for more details on the differences between the two variants.
  warnings.warn(
/nas-ctm01/homes/fmferreira/.conda/envs/ai4lungs/lib/python3.11/site-packages/torch/utils/checkpoint.py:61: UserWarning: None of the inputs have requires_grad=True. Gradients will be None
  warnings.warn(
/nas-ctm01/homes/fmferreira/.conda/envs/ai4lungs/lib/python3.11/site-packages/torch/utils/checkpoint.py:429: UserWarning: torch.utils.checkpoint: please pass in use_reentrant=True or use_reentrant=False explicitly. The default value of use_reentrant will be updated to be False in the future. To maintain current behavior, pass use_reentrant=True. It is recommended that you use use_reentrant=False. Refer to docs for more details on the differences between the two variants.
  warnings.warn(
/nas-ctm01/homes/fmferreira/.conda/envs/ai4lungs/lib/python3.11/site-packages/torch/utils/checkpoint.py:61: UserWarning: None of the inputs have requires_grad=True. Gradients will be None
  warnings.warn(
/nas-ctm01/homes/fmferreira/.conda/envs/ai4lungs/lib/python3.11/site-packages/torch/utils/checkpoint.py:429: UserWarning: torch.utils.checkpoint: please pass in use_reentrant=True or use_reentrant=False explicitly. The default value of use_reentrant will be updated to be False in the future. To maintain current behavior, pass use_reentrant=True. It is recommended that you use use_reentrant=False. Refer to docs for more details on the differences between the two variants.
  warnings.warn(
/nas-ctm01/homes/fmferreira/.conda/envs/ai4lungs/lib/python3.11/site-packages/torch/utils/checkpoint.py:61: UserWarning: None of the inputs have requires_grad=True. Gradients will be None
  warnings.warn(
/nas-ctm01/homes/fmferreira/.conda/envs/ai4lungs/lib/python3.11/site-packages/torch/utils/checkpoint.py:429: UserWarning: torch.utils.checkpoint: please pass in use_reentrant=True or use_reentrant=False explicitly. The default value of use_reentrant will be updated to be False in the future. To maintain current behavior, pass use_reentrant=True. It is recommended that you use use_reentrant=False. Refer to docs for more details on the differences between the two variants.
  warnings.warn(
/nas-ctm01/homes/fmferreira/.conda/envs/ai4lungs/lib/python3.11/site-packages/torch/utils/checkpoint.py:61: UserWarning: None of the inputs have requires_grad=True. Gradients will be None
  warnings.warn(
/nas-ctm01/homes/fmferreira/.conda/envs/ai4lungs/lib/python3.11/site-packages/torch/utils/checkpoint.py:429: UserWarning: torch.utils.checkpoint: please pass in use_reentrant=True or use_reentrant=False explicitly. The default value of use_reentrant will be updated to be False in the future. To maintain current behavior, pass use_reentrant=True. It is recommended that you use use_reentrant=False. Refer to docs for more details on the differences between the two variants.
  warnings.warn(
/nas-ctm01/homes/fmferreira/.conda/envs/ai4lungs/lib/python3.11/site-packages/torch/utils/checkpoint.py:61: UserWarning: None of the inputs have requires_grad=True. Gradients will be None
  warnings.warn(
/nas-ctm01/homes/fmferreira/.conda/envs/ai4lungs/lib/python3.11/site-packages/torch/utils/checkpoint.py:429: UserWarning: torch.utils.checkpoint: please pass in use_reentrant=True or use_reentrant=False explicitly. The default value of use_reentrant will be updated to be False in the future. To maintain current behavior, pass use_reentrant=True. It is recommended that you use use_reentrant=False. Refer to docs for more details on the differences between the two variants.
  warnings.warn(
/nas-ctm01/homes/fmferreira/.conda/envs/ai4lungs/lib/python3.11/site-packages/torch/utils/checkpoint.py:61: UserWarning: None of the inputs have requires_grad=True. Gradients will be None
  warnings.warn(
Restoring states from the checkpoint path at /nas-ctm01/homes/fmferreira/AI4LUNGS/checkpoints/fold_02/bestFI_CoOp-epoch=13-val_loss=0.02.ckpt
LOCAL_RANK: 0 - CUDA_VISIBLE_DEVICES: [0]
Loaded model weights from the checkpoint at /nas-ctm01/homes/fmferreira/AI4LUNGS/checkpoints/fold_02/bestFI_CoOp-epoch=13-val_loss=0.02.ckpt
wandb: Waiting for W&B process to finish... (success).
wandb: 
wandb: Run history:
wandb:               epoch ▁▁▁▁▂▂▂▂▂▃▃▃▃▃▃▄▄▄▄▄▅▅▅▅▅▅▆▆▆▆▆▇▇▇▇▇████
wandb:          test_auroc ▁
wandb:   test_balanced_acc ▁
wandb:         test_cindex ▁
wandb:       test_f1_score ▁
wandb:            test_ibs ▁
wandb:      test_precision ▁
wandb:         test_recall ▁
wandb:    train_loss_epoch █▄▄▄▃▃▅▃▂▄▃▃▂▂▅▄▅▄▄▅▃▃▂▂▂▂▁▂▃
wandb:     train_loss_step █▄▃▄▅▂▆▃▁▂▆▆▆▂▂▂▃▂▂▅
wandb: trainer/global_step ▁▁▁▁▂▂▂▂▂▃▃▃▃▃▃▄▄▄▄▄▅▅▅▅▅▅▆▆▆▆▆▇▇▇▇▇████
wandb:           val_auroc ██▆▇██▇▅▇▇▇▇▇▆▅▁▂▂▃▅▆▆▅▆▆▇▇▇▅
wandb:    val_balanced_acc ▆▇▅▅██▂▄▇▆█▇▇▇▇▃▁▃▅▆▆▆▇▆▇███▇
wandb:          val_cindex ▇▇▆▇██▆▅▆▆▇▆▆▇▄▁▁▂▃▅▅▅▅▅▆▆▆▆▄
wandb:        val_f1_score ▆▇▄▅██▃▄▆▅▇█▇█▇▄▁▄▆▆▆▆▇▆▇███▇
wandb:             val_ibs ▅▂▅▄▂▁▆▅▂▄▁▂▃▁▂▆█▆▄▂▁▁▁▁▂▂▁▂▃
wandb:            val_loss ▆▃▆▅▁▂█▇▃▆▂▁▃▁▂▆█▅▄▃▃▂▂▂▂▂▂▂▃
wandb:       val_precision ▄▅▃▃█▇▁▂▅▃▅██▇▅▅▅▆▆▆▅▅▆▅▆▇▇▇▆
wandb:          val_recall ▆▇▅▅██▂▄▇▆█▇▇▇▇▃▁▃▅▆▆▆▇▆▇███▇
wandb: 
wandb: Run summary:
wandb:               epoch 29
wandb:          test_auroc 0.93056
wandb:   test_balanced_acc 0.775
wandb:         test_cindex 0.87111
wandb:       test_f1_score 0.68571
wandb:            test_ibs 0.08545
wandb:      test_precision 0.83846
wandb:         test_recall 0.775
wandb:    train_loss_epoch -0.04187
wandb:     train_loss_step -0.01588
wandb: trainer/global_step 203
wandb:           val_auroc 0.96362
wandb:    val_balanced_acc 0.91779
wandb:          val_cindex 0.92162
wandb:        val_f1_score 0.84211
wandb:             val_ibs 0.06422
wandb:            val_loss 0.17079
wandb:       val_precision 0.87376
wandb:          val_recall 0.91779
wandb: 
wandb: 🚀 View run FI_CoOp_Fold_3 at: https://wandb.ai/franciscosacouto-inesc-tec/Text/runs/hpfdsv4o
wandb: Synced 6 W&B file(s), 8 media file(s), 0 artifact file(s) and 0 other file(s)
wandb: Find logs at: ./wandb/run-20260326_154645-hpfdsv4o/logs
