/nas-ctm01/homes/fmferreira/.conda/envs/ai4lungs/lib/python3.11/site-packages/torchmetrics/utilities/imports.py:22: UserWarning: pkg_resources is deprecated as an API. See https://setuptools.pypa.io/en/latest/pkg_resources.html. The pkg_resources package is slated for removal as early as 2025-11-30. Refrain from using this package or pin to Setuptools<81.
  from pkg_resources import DistributionNotFound, get_distribution
/nas-ctm01/homes/fmferreira/.conda/envs/ai4lungs/lib/python3.11/site-packages/timm/models/layers/__init__.py:48: FutureWarning: Importing from timm.models.layers is deprecated, please import via timm.layers
  warnings.warn(f"Importing from {__name__} is deprecated, please import via timm.layers", FutureWarning)
/nas-ctm01/homes/fmferreira/.conda/envs/ai4lungs/lib/python3.11/site-packages/lightning_fabric/plugins/environments/slurm.py:204: The `srun` command is available on your system but is not used. HINT: If your intention is to run Lightning on SLURM, prepend your python command with `srun` like so: srun python encoder_survivalhead.py --config-name config_ws.yaml ...
GPU available: True (cuda), used: True
TPU available: False, using: 0 TPU cores
You are using a CUDA device ('NVIDIA A100 80GB PCIe') that has Tensor Cores. To properly utilize them, you should set `torch.set_float32_matmul_precision('medium' | 'high')` which will trade-off precision for performance. For more details, read https://pytorch.org/docs/stable/generated/torch.set_float32_matmul_precision.html#torch.set_float32_matmul_precision
/nas-ctm01/homes/fmferreira/.conda/envs/ai4lungs/lib/python3.11/site-packages/wandb/apis/public.py:3106: UserWarning: pkg_resources is deprecated as an API. See https://setuptools.pypa.io/en/latest/pkg_resources.html. The pkg_resources package is slated for removal as early as 2025-11-30. Refrain from using this package or pin to Setuptools<81.
  from pkg_resources import parse_version
wandb: Currently logged in as: franciscosacouto (franciscosacouto-inesc-tec). Use `wandb login --relogin` to force relogin
wandb: wandb version 0.25.0 is available!  To upgrade, please run:
wandb:  $ pip install wandb --upgrade
wandb: Tracking run with wandb version 0.15.2
wandb: Run data is saved locally in ./wandb/run-20260302_180442-x03fivct
wandb: Run `wandb offline` to turn off syncing.
wandb: Syncing run test_multimodal_Fold_1
wandb: ⭐️ View project at https://wandb.ai/franciscosacouto-inesc-tec/test_encoder
wandb: 🚀 View run at https://wandb.ai/franciscosacouto-inesc-tec/test_encoder/runs/x03fivct
LOCAL_RANK: 0 - CUDA_VISIBLE_DEVICES: [0]
/nas-ctm01/homes/fmferreira/.conda/envs/ai4lungs/lib/python3.11/site-packages/pytorch_lightning/loops/fit_loop.py:534: Found 690 module(s) in eval mode at the start of training. This may lead to unexpected behavior during training. If this is intentional, you can ignore this warning.
Restoring states from the checkpoint path at /nas-ctm01/homes/fmferreira/AI4LUNGS/checkpoints/fold_00/besttest_multimodal-epoch=03-val_loss=0.52.ckpt
LOCAL_RANK: 0 - CUDA_VISIBLE_DEVICES: [0]
Loaded model weights from the checkpoint at /nas-ctm01/homes/fmferreira/AI4LUNGS/checkpoints/fold_00/besttest_multimodal-epoch=03-val_loss=0.52.ckpt
wandb: Waiting for W&B process to finish... (success).
wandb: - 0.268 MB of 0.447 MB uploaded (0.000 MB deduped)wandb: \ 0.268 MB of 0.447 MB uploaded (0.000 MB deduped)wandb: | 0.447 MB of 0.447 MB uploaded (0.000 MB deduped)wandb: / 0.447 MB of 0.447 MB uploaded (0.000 MB deduped)wandb: 
wandb: Run history:
wandb:               epoch ▁▁▁▁▁▂▂▂▂▂▂▃▃▃▃▄▄▄▄▄▄▅▅▅▅▅▅▆▆▆▆▇▇▇▇▇▇███
wandb:          test_auroc ▁
wandb:   test_balanced_acc ▁
wandb:         test_cindex ▁
wandb:       test_f1_score ▁
wandb:            test_ibs ▁
wandb:      test_precision ▁
wandb:         test_recall ▁
wandb:    train_loss_epoch █▇▇▅▇▆▆▅▅▄▄▄▃▂▃▂▁▃▃
wandb:     train_loss_step ▅▄█▄▄▃▅▄▃▄▃▄▂▃▂▃▁▃▂
wandb: trainer/global_step ▁▁▁▁▁▂▂▂▂▃▃▃▃▃▃▄▄▄▄▅▅▅▅▅▅▆▆▆▆▆▆▇▇▇▇█████
wandb:           val_auroc ▂▂▄▁▅▅▅▅▄▆▄█▇▅▆█▄▄▂
wandb:    val_balanced_acc ▄▄▄▄▅▃▁▄▃▄▅▅▆▅▄▅▄█▂
wandb:          val_cindex ▃▃▆▁▃▅▅▅▅▇▃▆▄▆▆█▅▄▁
wandb:        val_f1_score ▇▇▇▁█▂▂▄▃▁▅▇█▆▅▆▆█▅
wandb:             val_ibs ▂▂▂▁▃▁▁▁▂▃▂▄▄▂▂▃▂█▃
wandb:            val_loss ▁▁▁▁▂▁▁▁▂▃▁▂▂▂▂▃▃█▂
wandb:       val_precision ▁▁▁▄█▅▅▆▆▄▇▆▇▇▆▇▆▇▆
wandb:          val_recall ▄▄▄▄▅▃▁▄▃▄▅▅▆▅▄▅▄█▂
wandb: 
wandb: Run summary:
wandb:               epoch 19
wandb:          test_auroc 0.5463
wandb:   test_balanced_acc 0.5
wandb:         test_cindex 0.53904
wandb:       test_f1_score 0.0
wandb:            test_ibs 0.12469
wandb:      test_precision 0.375
wandb:         test_recall 0.5
wandb:    train_loss_epoch 0.40931
wandb:     train_loss_step 0.32716
wandb: trainer/global_step 190
wandb:           val_auroc 0.51852
wandb:    val_balanced_acc 0.46042
wandb:          val_cindex 0.47936
wandb:        val_f1_score 0.26087
wandb:             val_ibs 0.16773
wandb:            val_loss 1.05207
wandb:       val_precision 0.46868
wandb:          val_recall 0.46042
wandb: 
wandb: 🚀 View run test_multimodal_Fold_1 at: https://wandb.ai/franciscosacouto-inesc-tec/test_encoder/runs/x03fivct
wandb: Synced 6 W&B file(s), 6 media file(s), 0 artifact file(s) and 0 other file(s)
wandb: Find logs at: ./wandb/run-20260302_180442-x03fivct/logs
/nas-ctm01/homes/fmferreira/.conda/envs/ai4lungs/lib/python3.11/site-packages/lightning_fabric/plugins/environments/slurm.py:204: The `srun` command is available on your system but is not used. HINT: If your intention is to run Lightning on SLURM, prepend your python command with `srun` like so: srun python encoder_survivalhead.py --config-name config_ws.yaml ...
GPU available: True (cuda), used: True
TPU available: False, using: 0 TPU cores
wandb: - Waiting for wandb.init()...wandb: \ Waiting for wandb.init()...wandb: wandb version 0.25.0 is available!  To upgrade, please run:
wandb:  $ pip install wandb --upgrade
wandb: Tracking run with wandb version 0.15.2
wandb: Run data is saved locally in ./wandb/run-20260302_180923-mixdje1b
wandb: Run `wandb offline` to turn off syncing.
wandb: Syncing run test_multimodal_Fold_2
wandb: ⭐️ View project at https://wandb.ai/franciscosacouto-inesc-tec/test_encoder
wandb: 🚀 View run at https://wandb.ai/franciscosacouto-inesc-tec/test_encoder/runs/mixdje1b
LOCAL_RANK: 0 - CUDA_VISIBLE_DEVICES: [0]
/nas-ctm01/homes/fmferreira/.conda/envs/ai4lungs/lib/python3.11/site-packages/pytorch_lightning/loops/fit_loop.py:534: Found 690 module(s) in eval mode at the start of training. This may lead to unexpected behavior during training. If this is intentional, you can ignore this warning.
Restoring states from the checkpoint path at /nas-ctm01/homes/fmferreira/AI4LUNGS/checkpoints/fold_01/besttest_multimodal-epoch=09-val_loss=0.57.ckpt
LOCAL_RANK: 0 - CUDA_VISIBLE_DEVICES: [0]
Loaded model weights from the checkpoint at /nas-ctm01/homes/fmferreira/AI4LUNGS/checkpoints/fold_01/besttest_multimodal-epoch=09-val_loss=0.57.ckpt
wandb: Waiting for W&B process to finish... (success).
wandb: 
wandb: Run history:
wandb:               epoch ▁▁▁▁▂▂▂▂▂▂▃▃▃▃▃▄▄▄▄▄▄▅▅▅▅▅▅▆▆▆▆▆▇▇▇▇▇▇██
wandb:          test_auroc ▁
wandb:   test_balanced_acc ▁
wandb:         test_cindex ▁
wandb:       test_f1_score ▁
wandb:            test_ibs ▁
wandb:      test_precision ▁
wandb:         test_recall ▁
wandb:    train_loss_epoch █▇█▅▇▅▅▆▄▄▅▄▄▄▃▃▃▃▁▂▃▄▃▅▇
wandb:     train_loss_step ▃▄▂▂▆▂▃▂▂▁▃▂▃▁▂▂▂▂▁▅▁▁▂▁█
wandb: trainer/global_step ▁▁▁▁▂▂▂▂▂▂▃▃▃▃▄▄▄▄▄▄▄▅▅▅▅▅▆▆▆▆▇▇▇▇▇▇████
wandb:           val_auroc █▆▃▃▂▂▃▃▃▅▄▃▃▂▄▄▃▆▅▄▃▃▄▁▂
wandb:    val_balanced_acc ▂▂▁▁▅▇▅▃▂█▂▂▂▁▄▂▂▂▇▃▃▂▃▄▃
wandb:          val_cindex ▄▆▃▂▄▄▆▁▅▇▃▃▄▁▆▆▆█▆▄▅▃▄▃▃
wandb:        val_f1_score ▇▇▇▇▇█▇▇▂▇▇▇▁▇█▁▁▁█▇▇▇██▇
wandb:             val_ibs ▄▄▃▇▂▂▂▃▂▁█▇▁▃▄▄▅▄▃█▇▃▄▄█
wandb:            val_loss ▁▁▁▁▁▁▁▁▁▁▁▁▁▁▁▁█▂▁▁▁▁▁▁▁
wandb:       val_precision ▁▁▆▆▇▇▇▇▆█▁▁▄▆█▄▄▄▇▇▆▆██▇
wandb:          val_recall ▂▂▁▁▅▇▅▃▂█▂▂▂▁▄▂▂▂▇▃▃▂▃▄▃
wandb: 
wandb: Run summary:
wandb:               epoch 25
wandb:          test_auroc 0.61296
wandb:   test_balanced_acc 0.56667
wandb:         test_cindex 0.60045
wandb:       test_f1_score 0.3125
wandb:            test_ibs 0.12602
wandb:      test_precision 0.59804
wandb:         test_recall 0.56667
wandb:    train_loss_epoch 0.58674
wandb:     train_loss_step 1.55406
wandb: trainer/global_step 250
wandb:           val_auroc 0.55267
wandb:    val_balanced_acc 0.51944
wandb:          val_cindex 0.51095
wandb:        val_f1_score 0.40336
wandb:             val_ibs 0.21091
wandb:            val_loss 1.38768
wandb:       val_precision 0.53043
wandb:          val_recall 0.51944
wandb: 
wandb: 🚀 View run test_multimodal_Fold_2 at: https://wandb.ai/franciscosacouto-inesc-tec/test_encoder/runs/mixdje1b
wandb: Synced 6 W&B file(s), 7 media file(s), 0 artifact file(s) and 0 other file(s)
wandb: Find logs at: ./wandb/run-20260302_180923-mixdje1b/logs
/nas-ctm01/homes/fmferreira/.conda/envs/ai4lungs/lib/python3.11/site-packages/lightning_fabric/plugins/environments/slurm.py:204: The `srun` command is available on your system but is not used. HINT: If your intention is to run Lightning on SLURM, prepend your python command with `srun` like so: srun python encoder_survivalhead.py --config-name config_ws.yaml ...
GPU available: True (cuda), used: True
TPU available: False, using: 0 TPU cores
wandb: wandb version 0.25.0 is available!  To upgrade, please run:
wandb:  $ pip install wandb --upgrade
wandb: Tracking run with wandb version 0.15.2
wandb: Run data is saved locally in ./wandb/run-20260302_181818-yguoyl4z
wandb: Run `wandb offline` to turn off syncing.
wandb: Syncing run test_multimodal_Fold_3
wandb: ⭐️ View project at https://wandb.ai/franciscosacouto-inesc-tec/test_encoder
wandb: 🚀 View run at https://wandb.ai/franciscosacouto-inesc-tec/test_encoder/runs/yguoyl4z
LOCAL_RANK: 0 - CUDA_VISIBLE_DEVICES: [0]
/nas-ctm01/homes/fmferreira/.conda/envs/ai4lungs/lib/python3.11/site-packages/pytorch_lightning/loops/fit_loop.py:534: Found 690 module(s) in eval mode at the start of training. This may lead to unexpected behavior during training. If this is intentional, you can ignore this warning.
Restoring states from the checkpoint path at /nas-ctm01/homes/fmferreira/AI4LUNGS/checkpoints/fold_02/besttest_multimodal-epoch=02-val_loss=0.53.ckpt
LOCAL_RANK: 0 - CUDA_VISIBLE_DEVICES: [0]
Loaded model weights from the checkpoint at /nas-ctm01/homes/fmferreira/AI4LUNGS/checkpoints/fold_02/besttest_multimodal-epoch=02-val_loss=0.53.ckpt
wandb: Waiting for W&B process to finish... (success).
wandb: 
wandb: Run history:
wandb:               epoch ▁▁▁▁▁▂▂▂▂▃▃▃▃▃▃▃▄▄▄▄▅▅▅▅▅▅▆▆▆▆▆▆▆▇▇▇▇███
wandb:          test_auroc ▁
wandb:   test_balanced_acc ▁
wandb:         test_cindex ▁
wandb:       test_f1_score ▁
wandb:            test_ibs ▁
wandb:      test_precision ▁
wandb:         test_recall ▁
wandb:    train_loss_epoch ▂▂▁▁▁▁▁▁▁▁▁▁▁█▂▁▁▁
wandb:     train_loss_step █▆▅▆▄▃▅▄▆█▁▄▄▅▇▄▅▆
wandb: trainer/global_step ▁▁▁▁▁▂▂▂▂▃▃▃▃▃▃▃▄▄▄▄▅▅▅▅▆▆▆▆▆▆▇▇▇▇▇█████
wandb:           val_auroc █▆▃▅▆▅▄█▅▃▇▅▃▃▂▂▂▁
wandb:    val_balanced_acc ▄▅▂▇█▅▄▆▂▁▇▄▂▂▁▃▂▂
wandb:          val_cindex █▇▂▅▅▄▄▇▅▃▇▅▃▂▁▁▁▁
wandb:        val_f1_score ▄█▁▆██▄█▂▇▇▃▅▇▇▅▇▇
wandb:             val_ibs ▁▂▁▂▂▃▂▇▂▃▁▃▃█▂▁▃▄
wandb:            val_loss ▁▁▁▁▂▂▁▄▂▂▂█▅▄▁▁▂▂
wandb:       val_precision ██▄█▇▇▇█▇▆▇█▆▁▆▆▆▆
wandb:          val_recall ▄▅▂▇█▅▄▆▂▁▇▄▂▂▁▃▂▂
wandb: 
wandb: Run summary:
wandb:               epoch 18
wandb:          test_auroc 0.5213
wandb:   test_balanced_acc 0.5
wandb:         test_cindex 0.53374
wandb:       test_f1_score 0.0
wandb:            test_ibs 0.12684
wandb:      test_precision 0.375
wandb:         test_recall 0.5
wandb:    train_loss_epoch 0.42943
wandb:     train_loss_step 0.52262
wandb: trainer/global_step 180
wandb:           val_auroc 0.47557
wandb:    val_balanced_acc 0.50529
wandb:          val_cindex 0.50147
wandb:        val_f1_score 0.39024
wandb:             val_ibs 0.19113
wandb:            val_loss 0.86301
wandb:       val_precision 0.5126
wandb:          val_recall 0.50529
wandb: 
wandb: 🚀 View run test_multimodal_Fold_3 at: https://wandb.ai/franciscosacouto-inesc-tec/test_encoder/runs/yguoyl4z
wandb: Synced 6 W&B file(s), 6 media file(s), 0 artifact file(s) and 0 other file(s)
wandb: Find logs at: ./wandb/run-20260302_181818-yguoyl4z/logs
