
CondaError: Run 'conda init' before 'conda activate'

/nas-ctm01/homes/fmferreira/.conda/envs/ai4lungs/lib/python3.11/site-packages/torchmetrics/utilities/imports.py:22: UserWarning: pkg_resources is deprecated as an API. See https://setuptools.pypa.io/en/latest/pkg_resources.html. The pkg_resources package is slated for removal as early as 2025-11-30. Refrain from using this package or pin to Setuptools<81.
  from pkg_resources import DistributionNotFound, get_distribution
/nas-ctm01/homes/fmferreira/.conda/envs/ai4lungs/lib/python3.11/site-packages/timm/models/layers/__init__.py:48: FutureWarning: Importing from timm.models.layers is deprecated, please import via timm.layers
  warnings.warn(f"Importing from {__name__} is deprecated, please import via timm.layers", FutureWarning)
Downloading config.json: 0.00B [00:00, ?B/s]Downloading config.json: 1.08kB [00:00, 4.95MB/s]
/nas-ctm01/homes/fmferreira/.conda/envs/ai4lungs/lib/python3.11/site-packages/lightning_fabric/plugins/environments/slurm.py:204: The `srun` command is available on your system but is not used. HINT: If your intention is to run Lightning on SLURM, prepend your python command with `srun` like so: srun python encoder_survivalhead.py --config-name config_ws.yaml ...
GPU available: True (cuda), used: True
TPU available: False, using: 0 TPU cores
/nas-ctm01/homes/fmferreira/.conda/envs/ai4lungs/lib/python3.11/site-packages/wandb/apis/public.py:3106: UserWarning: pkg_resources is deprecated as an API. See https://setuptools.pypa.io/en/latest/pkg_resources.html. The pkg_resources package is slated for removal as early as 2025-11-30. Refrain from using this package or pin to Setuptools<81.
  from pkg_resources import parse_version
wandb: Currently logged in as: franciscosacouto (franciscosacouto-inesc-tec). Use `wandb login --relogin` to force relogin
wandb: wandb version 0.24.2 is available!  To upgrade, please run:
wandb:  $ pip install wandb --upgrade
wandb: Tracking run with wandb version 0.15.2
wandb: Run data is saved locally in ./wandb/run-20260206_103618-mc9n6w52
wandb: Run `wandb offline` to turn off syncing.
wandb: Syncing run ws_Fold_1
wandb: ⭐️ View project at https://wandb.ai/franciscosacouto-inesc-tec/test_encoder
wandb: 🚀 View run at https://wandb.ai/franciscosacouto-inesc-tec/test_encoder/runs/mc9n6w52
/nas-ctm01/homes/fmferreira/.conda/envs/ai4lungs/lib/python3.11/site-packages/pytorch_lightning/callbacks/model_checkpoint.py:881: Checkpoint directory /nas-ctm01/homes/fmferreira/AI4LUNGS/checkpoints/fold_00 exists and is not empty.
LOCAL_RANK: 0 - CUDA_VISIBLE_DEVICES: [0]
/nas-ctm01/homes/fmferreira/.conda/envs/ai4lungs/lib/python3.11/site-packages/pytorch_lightning/loops/fit_loop.py:534: Found 276 module(s) in eval mode at the start of training. This may lead to unexpected behavior during training. If this is intentional, you can ignore this warning.
Restoring states from the checkpoint path at /nas-ctm01/homes/fmferreira/AI4LUNGS/checkpoints/fold_00/bestws-epoch=45-val_loss=0.58.ckpt
LOCAL_RANK: 0 - CUDA_VISIBLE_DEVICES: [0]
Loaded model weights from the checkpoint at /nas-ctm01/homes/fmferreira/AI4LUNGS/checkpoints/fold_00/bestws-epoch=45-val_loss=0.58.ckpt
wandb: Waiting for W&B process to finish... (success).
wandb: - 0.692 MB of 0.692 MB uploaded (0.000 MB deduped)wandb: \ 0.692 MB of 0.692 MB uploaded (0.000 MB deduped)wandb: | 0.692 MB of 0.692 MB uploaded (0.000 MB deduped)wandb: / 0.692 MB of 0.692 MB uploaded (0.000 MB deduped)wandb: - 0.692 MB of 0.692 MB uploaded (0.000 MB deduped)wandb: 
wandb: Run history:
wandb:               epoch ▁▁▁▂▂▂▂▂▂▃▃▃▃▃▃▄▄▄▄▄▅▅▅▅▅▅▆▆▆▆▆▇▇▇▇▇▇███
wandb:          test_auroc ▁
wandb:   test_balanced_acc ▁
wandb:         test_cindex ▁
wandb:       test_f1_score ▁
wandb:            test_ibs ▁
wandb:      test_precision ▁
wandb:         test_recall ▁
wandb:    train_loss_epoch ▅▄▄▄▄▄▃▃▃▃▃▂▂▂█▂▂▂▂▂▂▂▂▁▂▁▃▁▂▂▂▂▂▂▂▁▁▁▁▁
wandb:     train_loss_step █▆▅▅▅▆▄▄▆▄▅▄▃▆▄▇▄▂▅▄▄▂▂▃▁▁▆▄▂▁▆▂▄▂▃▃▆▃▃▃
wandb: trainer/global_step ▁▁▁▁▂▂▂▂▂▃▃▃▃▃▄▄▄▄▄▄▅▅▅▅▅▆▆▆▆▆▆▇▇▇▇▇████
wandb:           val_auroc ██▇▆▆▇▇▆▆▆▅▅▅▆▆▆▅▅▄▃▃▄▃▃▂▂▂▂▂▂▃▃▃▃▂▂▂▂▂▁
wandb:    val_balanced_acc ▃▃▃█▇▄▅▅▅▁▃▂▃▃▄▄▅▄▅▅▅▅▅▆▆▅▅▆▆▆▅▅▅▅▅▅▅▅▅▆
wandb:          val_cindex ██████▇▇▇▇▅▄▅▅▅▅▅▅▄▃▃▃▃▃▂▂▂▂▂▃▂▂▂▂▂▂▂▂▂▁
wandb:        val_f1_score ▇▇▇█▇▆▆▅▅▂▃▂▂▂▂▂▃▂▂▂▂▂▂▃▃▁▁▃▂▁▁▁▁▁▁▁▁▁▁▁
wandb:             val_ibs █▆▄▃▂▂▂▁▁▁▂▁▁▁▁▁▁▁▁▁▂▂▂▂▁▁▂▁▁▁▁▁▂▂▂▂▂▂▂▂
wandb:            val_loss █▇▅▄▄▃▃▃▂▃▃▂▂▂▂▂▂▂▂▂▂▂▂▁▁▁▁▁▁▁▁▁▁▁▁▁▁▁▂▂
wandb:       val_precision ▁▁▆▇▇▇▇▇▇▆▇▆▆▇▇▇▇▇▇▇▇▇▇██▇▇███▇▇▇▇▇▇▇▇▇█
wandb:          val_recall ▃▃▃█▇▄▅▅▅▁▃▂▃▃▄▄▅▄▅▅▅▅▅▆▆▅▅▆▆▆▅▅▅▅▅▅▅▅▅▆
wandb: 
wandb: Run summary:
wandb:               epoch 61
wandb:          test_auroc 0.41481
wandb:   test_balanced_acc 0.54167
wandb:         test_cindex 0.45641
wandb:       test_f1_score 0.22222
wandb:            test_ibs 0.12552
wandb:      test_precision 0.59785
wandb:         test_recall 0.54167
wandb:    train_loss_epoch 0.40037
wandb:     train_loss_step 0.45895
wandb: trainer/global_step 610
wandb:           val_auroc 0.43143
wandb:    val_balanced_acc 0.53657
wandb:          val_cindex 0.43105
wandb:        val_f1_score 0.21622
wandb:             val_ibs 0.12537
wandb:            val_loss 0.58761
wandb:       val_precision 0.58144
wandb:          val_recall 0.53657
wandb: 
wandb: 🚀 View run ws_Fold_1 at: https://wandb.ai/franciscosacouto-inesc-tec/test_encoder/runs/mc9n6w52
wandb: Synced 6 W&B file(s), 15 media file(s), 0 artifact file(s) and 0 other file(s)
wandb: Find logs at: ./wandb/run-20260206_103618-mc9n6w52/logs
/nas-ctm01/homes/fmferreira/.conda/envs/ai4lungs/lib/python3.11/site-packages/lightning_fabric/plugins/environments/slurm.py:204: The `srun` command is available on your system but is not used. HINT: If your intention is to run Lightning on SLURM, prepend your python command with `srun` like so: srun python encoder_survivalhead.py --config-name config_ws.yaml ...
GPU available: True (cuda), used: True
TPU available: False, using: 0 TPU cores
wandb: - Waiting for wandb.init()...wandb: \ Waiting for wandb.init()...wandb: wandb version 0.24.2 is available!  To upgrade, please run:
wandb:  $ pip install wandb --upgrade
wandb: Tracking run with wandb version 0.15.2
wandb: Run data is saved locally in ./wandb/run-20260206_103939-914zltfp
wandb: Run `wandb offline` to turn off syncing.
wandb: Syncing run ws_Fold_2
wandb: ⭐️ View project at https://wandb.ai/franciscosacouto-inesc-tec/test_encoder
wandb: 🚀 View run at https://wandb.ai/franciscosacouto-inesc-tec/test_encoder/runs/914zltfp
/nas-ctm01/homes/fmferreira/.conda/envs/ai4lungs/lib/python3.11/site-packages/pytorch_lightning/callbacks/model_checkpoint.py:881: Checkpoint directory /nas-ctm01/homes/fmferreira/AI4LUNGS/checkpoints/fold_01 exists and is not empty.
LOCAL_RANK: 0 - CUDA_VISIBLE_DEVICES: [0]
/nas-ctm01/homes/fmferreira/.conda/envs/ai4lungs/lib/python3.11/site-packages/pytorch_lightning/loops/fit_loop.py:534: Found 276 module(s) in eval mode at the start of training. This may lead to unexpected behavior during training. If this is intentional, you can ignore this warning.
Restoring states from the checkpoint path at /nas-ctm01/homes/fmferreira/AI4LUNGS/checkpoints/fold_01/bestws-epoch=42-val_loss=0.60.ckpt
LOCAL_RANK: 0 - CUDA_VISIBLE_DEVICES: [0]
Loaded model weights from the checkpoint at /nas-ctm01/homes/fmferreira/AI4LUNGS/checkpoints/fold_01/bestws-epoch=42-val_loss=0.60.ckpt
wandb: Waiting for W&B process to finish... (success).
wandb: - 0.637 MB of 0.637 MB uploaded (0.000 MB deduped)wandb: \ 0.637 MB of 0.719 MB uploaded (0.000 MB deduped)wandb: | 0.639 MB of 0.719 MB uploaded (0.000 MB deduped)wandb: / 0.639 MB of 0.719 MB uploaded (0.000 MB deduped)wandb: 
wandb: Run history:
wandb:               epoch ▁▁▁▁▂▂▂▂▂▃▃▃▃▃▃▄▄▄▄▄▅▅▅▅▅▆▆▆▆▆▆▇▇▇▇▇████
wandb:          test_auroc ▁
wandb:   test_balanced_acc ▁
wandb:         test_cindex ▁
wandb:       test_f1_score ▁
wandb:            test_ibs ▁
wandb:      test_precision ▁
wandb:         test_recall ▁
wandb:    train_loss_epoch ███▇▇▅▅▆▅▅▄▅▄▅▄▃▄▃▄▄▄▃▂▃▃▃▂▂▃▂▃▃▃▂▃▂▂▁▁▂
wandb:     train_loss_step ▆▆▆▆▅▃▄▃▃▃▃▃▃█▃▂▄▃▃▂▁▃▄▂▂▂▁▂▂▁▂▇▂▂▂▁▂▅▂▁
wandb: trainer/global_step ▁▁▁▁▂▂▂▂▂▃▃▃▃▃▃▄▄▄▄▄▅▅▅▅▅▆▆▆▆▆▆▇▇▇▇▇▇███
wandb:           val_auroc ▄▆█▇▄▁▂▄▅▅▅▅▅▅▅▅▅▅▄▄▃▃▄▅▅▅▅▄▅▆▄▅▄▄▅▇▆▆▆▆
wandb:    val_balanced_acc ▄▄▆▆█▁▂▂▁▁▃▁▁▂▂▂▂▂▃▃▃▃▃▃▃▃▃▃▃▃▃▃▃▃▃▂▃▃▃▃
wandb:          val_cindex █▇▆▅▅▃▃▃▃▃▂▃▂▂▂▂▂▂▁▁▂▂▂▂▂▂▂▂▃▃▂▃▃▃▃▂▃▃▂▂
wandb:        val_f1_score ▇▇█▇█▄▄▄▃▃▃▁▁▁▁▁▁▁▁▁▁▁▁▁▁▁▁▁▁▁▁▁▁▁▁▁▁▁▁▁
wandb:             val_ibs █▆▄▃▃▂▂▂▂▁▁▁▁▂▁▁▁▁▁▁▁▁▂▂▁▁▁▁▁▁▁▂▂▂▂▂▂▂▂▂
wandb:            val_loss █▇▆▅▄▄▄▃▃▃▂▂▂▂▂▂▂▂▂▂▁▁▂▂▁▁▁▁▁▁▁▁▁▁▁▂▂▂▁▂
wandb:       val_precision ▁▅█▇█▆▆▆▆▆▆▅▅▅▅▅▆▆▆▆▆▆▆▆▆▆▆▆▆▆▆▆▆▆▆▆▆▆▆▆
wandb:          val_recall ▄▄▆▆█▁▂▂▁▁▃▁▁▂▂▂▂▂▃▃▃▃▃▃▃▃▃▃▃▃▃▃▃▃▃▂▃▃▃▃
wandb: 
wandb: Run summary:
wandb:               epoch 58
wandb:          test_auroc 0.50556
wandb:   test_balanced_acc 0.48333
wandb:         test_cindex 0.45944
wandb:       test_f1_score 0.07692
wandb:            test_ibs 0.12598
wandb:      test_precision 0.45495
wandb:         test_recall 0.48333
wandb:    train_loss_epoch 0.39478
wandb:     train_loss_step 0.37534
wandb: trainer/global_step 580
wandb:           val_auroc 0.43242
wandb:    val_balanced_acc 0.46829
wandb:          val_cindex 0.43106
wandb:        val_f1_score 0.1
wandb:             val_ibs 0.13498
wandb:            val_loss 0.61269
wandb:       val_precision 0.44394
wandb:          val_recall 0.46829
wandb: 
wandb: 🚀 View run ws_Fold_2 at: https://wandb.ai/franciscosacouto-inesc-tec/test_encoder/runs/914zltfp
wandb: Synced 6 W&B file(s), 14 media file(s), 0 artifact file(s) and 0 other file(s)
wandb: Find logs at: ./wandb/run-20260206_103939-914zltfp/logs
/nas-ctm01/homes/fmferreira/.conda/envs/ai4lungs/lib/python3.11/site-packages/lightning_fabric/plugins/environments/slurm.py:204: The `srun` command is available on your system but is not used. HINT: If your intention is to run Lightning on SLURM, prepend your python command with `srun` like so: srun python encoder_survivalhead.py --config-name config_ws.yaml ...
GPU available: True (cuda), used: True
TPU available: False, using: 0 TPU cores
wandb: - Waiting for wandb.init()...wandb: \ Waiting for wandb.init()...wandb: wandb version 0.24.2 is available!  To upgrade, please run:
wandb:  $ pip install wandb --upgrade
wandb: Tracking run with wandb version 0.15.2
wandb: Run data is saved locally in ./wandb/run-20260206_104240-6ib0yu21
wandb: Run `wandb offline` to turn off syncing.
wandb: Syncing run ws_Fold_3
wandb: ⭐️ View project at https://wandb.ai/franciscosacouto-inesc-tec/test_encoder
wandb: 🚀 View run at https://wandb.ai/franciscosacouto-inesc-tec/test_encoder/runs/6ib0yu21
/nas-ctm01/homes/fmferreira/.conda/envs/ai4lungs/lib/python3.11/site-packages/pytorch_lightning/callbacks/model_checkpoint.py:881: Checkpoint directory /nas-ctm01/homes/fmferreira/AI4LUNGS/checkpoints/fold_02 exists and is not empty.
LOCAL_RANK: 0 - CUDA_VISIBLE_DEVICES: [0]
/nas-ctm01/homes/fmferreira/.conda/envs/ai4lungs/lib/python3.11/site-packages/pytorch_lightning/loops/fit_loop.py:534: Found 276 module(s) in eval mode at the start of training. This may lead to unexpected behavior during training. If this is intentional, you can ignore this warning.
Restoring states from the checkpoint path at /nas-ctm01/homes/fmferreira/AI4LUNGS/checkpoints/fold_02/bestws-epoch=19-val_loss=0.59.ckpt
LOCAL_RANK: 0 - CUDA_VISIBLE_DEVICES: [0]
Loaded model weights from the checkpoint at /nas-ctm01/homes/fmferreira/AI4LUNGS/checkpoints/fold_02/bestws-epoch=19-val_loss=0.59.ckpt
wandb: Waiting for W&B process to finish... (success).
wandb: 
wandb: Run history:
wandb:               epoch ▁▁▁▁▂▂▂▂▂▃▃▃▃▃▃▄▄▄▄▄▄▅▅▅▅▅▆▆▆▆▆▆▇▇▇▇▇███
wandb:          test_auroc ▁
wandb:   test_balanced_acc ▁
wandb:         test_cindex ▁
wandb:       test_f1_score ▁
wandb:            test_ibs ▁
wandb:      test_precision ▁
wandb:         test_recall ▁
wandb:    train_loss_epoch █▇▇▆▆▅▅▅▄▅▄▄▄▄▄▅▃▂▂▅▃▂▆▄▂▂▂▃▃▃▂▁▁▂▂
wandb:     train_loss_step █▅█▆▇▅▆▃▆▄▁▅▂▃▄▃▃▅▃▇▃▅▄▄▂▃▃▄▅▆▄▂▁▄▁
wandb: trainer/global_step ▁▁▁▁▂▂▂▂▂▃▃▃▃▃▃▄▄▄▄▄▄▅▅▅▅▆▆▆▆▆▆▇▇▇▇▇████
wandb:           val_auroc ▃▇███▆▅▃▂▃▃▄▄▂▁▁▃▂▂▄▄▃▃▃▃▄▃▄▅▄▄▃▃▃▄
wandb:    val_balanced_acc ▂▂▆▇▅█▇▆▇▆▇▆▄▆▄▃▅▅▄▃▃▃▄▃▄▅▃▂▄▂▁▁▁▂▂
wandb:          val_cindex ▃▆▆▆██▆▅▄▄▄▄▄▃▁▁▄▃▃▃▃▃▃▄▄▄▃▃▄▃▃▃▁▁▂
wandb:        val_f1_score ▇▇██▇█▇▆▇▆▇▅▄▅▃▂▄▄▃▂▂▂▃▂▃▄▂▂▄▂▂▂▁▁▁
wandb:             val_ibs █▅▄▃▂▁▁▁▁▁▁▁▁▂▂▂▂▂▂▁▂▂▂▂▂▂▂▂▂▂▂▂▂▂▂
wandb:            val_loss █▆▄▄▃▂▂▂▂▂▂▁▂▂▂▂▁▁▁▁▁▁▁▁▁▁▁▁▁▁▁▂▂▂▁
wandb:       val_precision ▁▁██▇██▇████▇█▇▇███▇▇▇▇▇▇█▇▇▇▇▇▆▇▇▇
wandb:          val_recall ▂▂▆▇▅█▇▆▇▆▇▆▄▆▄▃▅▅▄▃▃▃▄▃▄▅▃▂▄▂▁▁▁▂▂
wandb: 
wandb: Run summary:
wandb:               epoch 35
wandb:          test_auroc 0.45185
wandb:   test_balanced_acc 0.46667
wandb:         test_cindex 0.51327
wandb:       test_f1_score 0.125
wandb:            test_ibs 0.12366
wandb:      test_precision 0.45098
wandb:         test_recall 0.46667
wandb:    train_loss_epoch 0.43277
wandb:     train_loss_step 0.363
wandb: trainer/global_step 350
wandb:           val_auroc 0.50936
wandb:    val_balanced_acc 0.51442
wandb:          val_cindex 0.54193
wandb:        val_f1_score 0.2
wandb:             val_ibs 0.1308
wandb:            val_loss 0.59629
wandb:       val_precision 0.52329
wandb:          val_recall 0.51442
wandb: 
wandb: 🚀 View run ws_Fold_3 at: https://wandb.ai/franciscosacouto-inesc-tec/test_encoder/runs/6ib0yu21
wandb: Synced 6 W&B file(s), 9 media file(s), 0 artifact file(s) and 0 other file(s)
wandb: Find logs at: ./wandb/run-20260206_104240-6ib0yu21/logs
