/nas-ctm01/homes/fmferreira/.conda/envs/ai4lungs/lib/python3.11/site-packages/torchmetrics/utilities/imports.py:22: UserWarning: pkg_resources is deprecated as an API. See https://setuptools.pypa.io/en/latest/pkg_resources.html. The pkg_resources package is slated for removal as early as 2025-11-30. Refrain from using this package or pin to Setuptools<81.
  from pkg_resources import DistributionNotFound, get_distribution
/nas-ctm01/homes/fmferreira/.conda/envs/ai4lungs/lib/python3.11/site-packages/timm/models/layers/__init__.py:48: FutureWarning: Importing from timm.models.layers is deprecated, please import via timm.layers
  warnings.warn(f"Importing from {__name__} is deprecated, please import via timm.layers", FutureWarning)
/nas-ctm01/homes/fmferreira/.conda/envs/ai4lungs/lib/python3.11/site-packages/lightning_fabric/plugins/environments/slurm.py:204: The `srun` command is available on your system but is not used. HINT: If your intention is to run Lightning on SLURM, prepend your python command with `srun` like so: srun python encoder_survivalhead.py --config-name config_ws_fi.y ...
GPU available: True (cuda), used: True
TPU available: False, using: 0 TPU cores
You are using a CUDA device ('NVIDIA A100 80GB PCIe') that has Tensor Cores. To properly utilize them, you should set `torch.set_float32_matmul_precision('medium' | 'high')` which will trade-off precision for performance. For more details, read https://pytorch.org/docs/stable/generated/torch.set_float32_matmul_precision.html#torch.set_float32_matmul_precision
/nas-ctm01/homes/fmferreira/.conda/envs/ai4lungs/lib/python3.11/site-packages/wandb/apis/public.py:3106: UserWarning: pkg_resources is deprecated as an API. See https://setuptools.pypa.io/en/latest/pkg_resources.html. The pkg_resources package is slated for removal as early as 2025-11-30. Refrain from using this package or pin to Setuptools<81.
  from pkg_resources import parse_version
wandb: Currently logged in as: franciscosacouto (franciscosacouto-inesc-tec). Use `wandb login --relogin` to force relogin
wandb: - Waiting for wandb.init()...wandb: \ Waiting for wandb.init()...wandb: | Waiting for wandb.init()...wandb: wandb version 0.25.1 is available!  To upgrade, please run:
wandb:  $ pip install wandb --upgrade
wandb: Tracking run with wandb version 0.15.2
wandb: Run data is saved locally in ./wandb/run-20260312_151335-pbo3ir67
wandb: Run `wandb offline` to turn off syncing.
wandb: Syncing run top10_full_information_Fold_1
wandb: ⭐️ View project at https://wandb.ai/franciscosacouto-inesc-tec/Text
wandb: 🚀 View run at https://wandb.ai/franciscosacouto-inesc-tec/Text/runs/pbo3ir67
/nas-ctm01/homes/fmferreira/.conda/envs/ai4lungs/lib/python3.11/site-packages/pytorch_lightning/callbacks/model_checkpoint.py:881: Checkpoint directory /nas-ctm01/homes/fmferreira/AI4LUNGS/checkpoints/fold_00 exists and is not empty.
LOCAL_RANK: 0 - CUDA_VISIBLE_DEVICES: [0]
/nas-ctm01/homes/fmferreira/.conda/envs/ai4lungs/lib/python3.11/site-packages/pytorch_lightning/loops/fit_loop.py:317: The number of training batches (7) is smaller than the logging interval Trainer(log_every_n_steps=10). Set a lower value for log_every_n_steps if you want to see logs for the training epoch.
/nas-ctm01/homes/fmferreira/.conda/envs/ai4lungs/lib/python3.11/site-packages/pytorch_lightning/loops/fit_loop.py:534: Found 164 module(s) in eval mode at the start of training. This may lead to unexpected behavior during training. If this is intentional, you can ignore this warning.
Restoring states from the checkpoint path at /nas-ctm01/homes/fmferreira/AI4LUNGS/checkpoints/fold_00/besttop10_full_information-epoch=14-val_loss=0.25-v1.ckpt
LOCAL_RANK: 0 - CUDA_VISIBLE_DEVICES: [0]
Loaded model weights from the checkpoint at /nas-ctm01/homes/fmferreira/AI4LUNGS/checkpoints/fold_00/besttop10_full_information-epoch=14-val_loss=0.25-v1.ckpt
wandb: Waiting for W&B process to finish... (success).
wandb: 
wandb: Run history:
wandb:               epoch ▁▁▁▁▂▂▂▂▂▃▃▃▃▃▄▄▄▄▄▄▅▅▅▅▅▅▆▆▆▆▆▇▇▇▇▇▇███
wandb:          test_auroc ▁
wandb:   test_balanced_acc ▁
wandb:         test_cindex ▁
wandb:       test_f1_score ▁
wandb:            test_ibs ▁
wandb:      test_precision ▁
wandb:         test_recall ▁
wandb:    train_loss_epoch ▂▁▂█▂▁▁▁▂▁▁▁▁▁▁▁▁▁▁▁▁▁▁▁▁▁▁▁▁▁
wandb:     train_loss_step ▇▆▇▇▆▆▂█▄▃▅▂▁█▄▄▃▅▅▃▁
wandb: trainer/global_step ▁▁▁▁▂▂▂▂▂▃▃▃▃▃▄▄▄▄▄▅▅▅▅▅▅▆▆▆▆▆▇▇▇▇▇▇████
wandb:           val_auroc ▁▆▃▇▇███▇▇▇▇▇▇▇▆▆▆▅▅▃▂▂▂▂▂▂▂▂▂
wandb:    val_balanced_acc ▁▁▁▁▁▂▅▆███▇▇██▇▇▇▇▇▇▇▇▇▇▇▇▇▇▇
wandb:          val_cindex ▃▇▄▇▇███▇▇▇▇▇▇██▇▇▆▅▃▁▁▁▁▁▂▁▁▁
wandb:        val_f1_score ▁▁▁▁▁▂▃▆███▇███▇▇▇▇█▇▇▇▇▇▇▇▇▇▇
wandb:             val_ibs ████▇▇▆▅▄▃▂▂▁▁▁▁▁▁▁▁▂▂▂▂▂▂▂▂▂▂
wandb:            val_loss █████▇▇▆▅▄▃▂▂▁▁▁▁▁▁▁▂▂▂▂▂▂▂▂▂▂
wandb:       val_precision ▁▁▁▁▁▆▇▇██████████████████████
wandb:          val_recall ▁▁▁▁▁▂▅▆███▇▇██▇▇▇▇▇▇▇▇▇▇▇▇▇▇▇
wandb: 
wandb: Run summary:
wandb:               epoch 30
wandb:          test_auroc 0.93981
wandb:   test_balanced_acc 0.90833
wandb:         test_cindex 0.90296
wandb:       test_f1_score 0.80851
wandb:            test_ibs 0.06395
wandb:      test_precision 0.84242
wandb:         test_recall 0.90833
wandb:    train_loss_epoch 0.18518
wandb:     train_loss_step 0.06553
wandb: trainer/global_step 210
wandb:           val_auroc 0.88814
wandb:    val_balanced_acc 0.83843
wandb:          val_cindex 0.84042
wandb:        val_f1_score 0.71875
wandb:             val_ibs 0.07796
wandb:            val_loss 0.31821
wandb:       val_precision 0.78224
wandb:          val_recall 0.83843
wandb: 
wandb: 🚀 View run top10_full_information_Fold_1 at: https://wandb.ai/franciscosacouto-inesc-tec/Text/runs/pbo3ir67
wandb: Synced 6 W&B file(s), 8 media file(s), 0 artifact file(s) and 0 other file(s)
wandb: Find logs at: ./wandb/run-20260312_151335-pbo3ir67/logs
/nas-ctm01/homes/fmferreira/.conda/envs/ai4lungs/lib/python3.11/site-packages/lightning_fabric/plugins/environments/slurm.py:204: The `srun` command is available on your system but is not used. HINT: If your intention is to run Lightning on SLURM, prepend your python command with `srun` like so: srun python encoder_survivalhead.py --config-name config_ws_fi.y ...
GPU available: True (cuda), used: True
TPU available: False, using: 0 TPU cores
wandb: - Waiting for wandb.init()...wandb: \ Waiting for wandb.init()...wandb: | Waiting for wandb.init()...wandb: wandb version 0.25.1 is available!  To upgrade, please run:
wandb:  $ pip install wandb --upgrade
wandb: Tracking run with wandb version 0.15.2
wandb: Run data is saved locally in ./wandb/run-20260312_152115-799mi8ok
wandb: Run `wandb offline` to turn off syncing.
wandb: Syncing run top10_full_information_Fold_2
wandb: ⭐️ View project at https://wandb.ai/franciscosacouto-inesc-tec/Text
wandb: 🚀 View run at https://wandb.ai/franciscosacouto-inesc-tec/Text/runs/799mi8ok
/nas-ctm01/homes/fmferreira/.conda/envs/ai4lungs/lib/python3.11/site-packages/pytorch_lightning/callbacks/model_checkpoint.py:881: Checkpoint directory /nas-ctm01/homes/fmferreira/AI4LUNGS/checkpoints/fold_01 exists and is not empty.
LOCAL_RANK: 0 - CUDA_VISIBLE_DEVICES: [0]
/nas-ctm01/homes/fmferreira/.conda/envs/ai4lungs/lib/python3.11/site-packages/pytorch_lightning/loops/fit_loop.py:317: The number of training batches (7) is smaller than the logging interval Trainer(log_every_n_steps=10). Set a lower value for log_every_n_steps if you want to see logs for the training epoch.
/nas-ctm01/homes/fmferreira/.conda/envs/ai4lungs/lib/python3.11/site-packages/pytorch_lightning/loops/fit_loop.py:534: Found 164 module(s) in eval mode at the start of training. This may lead to unexpected behavior during training. If this is intentional, you can ignore this warning.
Restoring states from the checkpoint path at /nas-ctm01/homes/fmferreira/AI4LUNGS/checkpoints/fold_01/besttop10_full_information-epoch=10-val_loss=0.33-v1.ckpt
LOCAL_RANK: 0 - CUDA_VISIBLE_DEVICES: [0]
Loaded model weights from the checkpoint at /nas-ctm01/homes/fmferreira/AI4LUNGS/checkpoints/fold_01/besttop10_full_information-epoch=10-val_loss=0.33-v1.ckpt
wandb: Waiting for W&B process to finish... (success).
wandb: 
wandb: Run history:
wandb:               epoch ▁▁▁▂▂▂▂▂▂▃▃▃▃▃▃▃▄▄▄▄▅▅▅▅▅▅▆▆▆▆▆▆▇▇▇▇▇▇██
wandb:          test_auroc ▁
wandb:   test_balanced_acc ▁
wandb:         test_cindex ▁
wandb:       test_f1_score ▁
wandb:            test_ibs ▁
wandb:      test_precision ▁
wandb:         test_recall ▁
wandb:    train_loss_epoch █▆▆▄▄▃▄▅▄▄▅▄▃▃▁▃▂▃▄▄▂▁▄▃▄▂
wandb:     train_loss_step ▅▇▅▅▆▇█▃▁▁▆▅▃▆▁▄█▄
wandb: trainer/global_step ▁▁▁▂▂▂▂▂▂▃▃▃▃▄▄▄▄▄▄▅▅▅▅▅▅▅▆▆▆▆▇▇▇▇▇▇████
wandb:           val_auroc ▅▄▂▁▂▂▆▄███▆▅▅▅▆▅▅▅▆▇▆▅▅▂▂
wandb:    val_balanced_acc ▁▁▁▄▇▇▇▄▇▇▇▆▇▇▇▇▇▇▇▇████▇▇
wandb:          val_cindex ▃▆▃▄▅▃▅▁▆▇█▄▆█▇▅▅▃▂▄▇█▆▆▁▁
wandb:        val_f1_score ▁▁▁▃▆▇▆▃▆▇▇▅▇▇▇▇▇▆▆▇████▇▇
wandb:             val_ibs ███▇▅▄▄▆▃▂▂▃▂▂▂▂▂▃▃▂▁▁▁▁▂▂
wandb:            val_loss ▆▆▆▅▄▃▃▄▂▁▁▂▂▂▂▂▂▂▄█▆▂▂▂▃▃
wandb:       val_precision ▁▁▁▇▇█▇▇▇██▇█████▇▇███████
wandb:          val_recall ▁▁▁▄▇▇▇▄▇▇▇▆▇▇▇▇▇▇▇▇████▇▇
wandb: 
wandb: Run summary:
wandb:               epoch 26
wandb:          test_auroc 0.88981
wandb:   test_balanced_acc 0.86667
wandb:         test_cindex 0.85368
wandb:       test_f1_score 0.73077
wandb:            test_ibs 0.07274
wandb:      test_precision 0.78646
wandb:         test_recall 0.86667
wandb:    train_loss_epoch 0.13082
wandb:     train_loss_step 0.16442
wandb: trainer/global_step 182
wandb:           val_auroc 0.86316
wandb:    val_balanced_acc 0.81944
wandb:          val_cindex 0.83131
wandb:        val_f1_score 0.67606
wandb:             val_ibs 0.0788
wandb:            val_loss 0.44474
wandb:       val_precision 0.74892
wandb:          val_recall 0.81944
wandb: 
wandb: 🚀 View run top10_full_information_Fold_2 at: https://wandb.ai/franciscosacouto-inesc-tec/Text/runs/799mi8ok
wandb: Synced 6 W&B file(s), 8 media file(s), 0 artifact file(s) and 0 other file(s)
wandb: Find logs at: ./wandb/run-20260312_152115-799mi8ok/logs
/nas-ctm01/homes/fmferreira/.conda/envs/ai4lungs/lib/python3.11/site-packages/lightning_fabric/plugins/environments/slurm.py:204: The `srun` command is available on your system but is not used. HINT: If your intention is to run Lightning on SLURM, prepend your python command with `srun` like so: srun python encoder_survivalhead.py --config-name config_ws_fi.y ...
GPU available: True (cuda), used: True
TPU available: False, using: 0 TPU cores
wandb: - Waiting for wandb.init()...wandb: \ Waiting for wandb.init()...wandb: | Waiting for wandb.init()...wandb: wandb version 0.25.1 is available!  To upgrade, please run:
wandb:  $ pip install wandb --upgrade
wandb: Tracking run with wandb version 0.15.2
wandb: Run data is saved locally in ./wandb/run-20260312_152711-opk5d4bs
wandb: Run `wandb offline` to turn off syncing.
wandb: Syncing run top10_full_information_Fold_3
wandb: ⭐️ View project at https://wandb.ai/franciscosacouto-inesc-tec/Text
wandb: 🚀 View run at https://wandb.ai/franciscosacouto-inesc-tec/Text/runs/opk5d4bs
/nas-ctm01/homes/fmferreira/.conda/envs/ai4lungs/lib/python3.11/site-packages/pytorch_lightning/callbacks/model_checkpoint.py:881: Checkpoint directory /nas-ctm01/homes/fmferreira/AI4LUNGS/checkpoints/fold_02 exists and is not empty.
LOCAL_RANK: 0 - CUDA_VISIBLE_DEVICES: [0]
/nas-ctm01/homes/fmferreira/.conda/envs/ai4lungs/lib/python3.11/site-packages/pytorch_lightning/loops/fit_loop.py:317: The number of training batches (7) is smaller than the logging interval Trainer(log_every_n_steps=10). Set a lower value for log_every_n_steps if you want to see logs for the training epoch.
/nas-ctm01/homes/fmferreira/.conda/envs/ai4lungs/lib/python3.11/site-packages/pytorch_lightning/loops/fit_loop.py:534: Found 164 module(s) in eval mode at the start of training. This may lead to unexpected behavior during training. If this is intentional, you can ignore this warning.
Restoring states from the checkpoint path at /nas-ctm01/homes/fmferreira/AI4LUNGS/checkpoints/fold_02/besttop10_full_information-epoch=07-val_loss=0.34-v1.ckpt
LOCAL_RANK: 0 - CUDA_VISIBLE_DEVICES: [0]
Loaded model weights from the checkpoint at /nas-ctm01/homes/fmferreira/AI4LUNGS/checkpoints/fold_02/besttop10_full_information-epoch=07-val_loss=0.34-v1.ckpt
wandb: Waiting for W&B process to finish... (success).
wandb: - 0.298 MB of 0.298 MB uploaded (0.000 MB deduped)wandb: \ 0.298 MB of 0.298 MB uploaded (0.000 MB deduped)wandb: | 0.298 MB of 0.298 MB uploaded (0.000 MB deduped)wandb: / 0.298 MB of 0.298 MB uploaded (0.000 MB deduped)wandb: - 0.298 MB of 0.298 MB uploaded (0.000 MB deduped)wandb: 
wandb: Run history:
wandb:               epoch ▁▁▁▁▂▂▂▂▂▃▃▃▃▃▄▄▄▄▄▅▅▅▅▅▅▅▆▆▆▆▆▇▇▇▇▇████
wandb:          test_auroc ▁
wandb:   test_balanced_acc ▁
wandb:         test_cindex ▁
wandb:       test_f1_score ▁
wandb:            test_ibs ▁
wandb:      test_precision ▁
wandb:         test_recall ▁
wandb:    train_loss_epoch ▅▃▅▃▂▃▂▂█▃▂▂▂▂▂▁▁▂▂▁▃▂▁
wandb:     train_loss_step ▅▇█▄▃▃▇▇▆▆▃█▆▂▆▁
wandb: trainer/global_step ▁▁▁▂▂▂▂▂▂▃▃▃▃▃▄▄▄▄▄▄▅▅▅▅▅▆▆▆▆▆▇▇▇▇▇▇████
wandb:           val_auroc ██▄▅█▇▅▇▂▁▂▅▅▅▇▇▅▅▇▇▇▅▄
wandb:    val_balanced_acc ▁▁▁▄▆▇▇█▇▇█████████████
wandb:          val_cindex ▆█▅▇▇▇█▆▂▁▄▅▆▇▆▆▆▇▅▅▆▇█
wandb:        val_f1_score ▁▁▁▃▅▆▇█▆▆█████████████
wandb:             val_ibs ██▇▇▅▄▃▂▃▄▂▂▂▁▁▁▁▁▂▁▁▁▁
wandb:            val_loss ███▇▆▄▂▁▄▄▂▁▂▂▂▂▂▃▄▃▂▂▂
wandb:       val_precision ▁▁▇▇▇▇██▇▇█████████████
wandb:          val_recall ▁▁▁▄▆▇▇█▇▇█████████████
wandb: 
wandb: Run summary:
wandb:               epoch 23
wandb:          test_auroc 0.90463
wandb:   test_balanced_acc 0.89167
wandb:         test_cindex 0.86732
wandb:       test_f1_score 0.77551
wandb:            test_ibs 0.07893
wandb:      test_precision 0.81778
wandb:         test_recall 0.89167
wandb:    train_loss_epoch 0.14565
wandb:     train_loss_step 0.03863
wandb: trainer/global_step 161
wandb:           val_auroc 0.84953
wandb:    val_balanced_acc 0.84327
wandb:          val_cindex 0.86094
wandb:        val_f1_score 0.68493
wandb:             val_ibs 0.07993
wandb:            val_loss 0.38626
wandb:       val_precision 0.75748
wandb:          val_recall 0.84327
wandb: 
wandb: 🚀 View run top10_full_information_Fold_3 at: https://wandb.ai/franciscosacouto-inesc-tec/Text/runs/opk5d4bs
wandb: Synced 6 W&B file(s), 7 media file(s), 0 artifact file(s) and 0 other file(s)
wandb: Find logs at: ./wandb/run-20260312_152711-opk5d4bs/logs
