/nas-ctm01/homes/fmferreira/.conda/envs/ai4lungs/lib/python3.11/site-packages/torchmetrics/utilities/imports.py:22: UserWarning: pkg_resources is deprecated as an API. See https://setuptools.pypa.io/en/latest/pkg_resources.html. The pkg_resources package is slated for removal as early as 2025-11-30. Refrain from using this package or pin to Setuptools<81.
  from pkg_resources import DistributionNotFound, get_distribution
/nas-ctm01/homes/fmferreira/.conda/envs/ai4lungs/lib/python3.11/site-packages/timm/models/layers/__init__.py:48: FutureWarning: Importing from timm.models.layers is deprecated, please import via timm.layers
  warnings.warn(f"Importing from {__name__} is deprecated, please import via timm.layers", FutureWarning)
/nas-ctm01/homes/fmferreira/.conda/envs/ai4lungs/lib/python3.11/site-packages/lightning_fabric/plugins/environments/slurm.py:204: The `srun` command is available on your system but is not used. HINT: If your intention is to run Lightning on SLURM, prepend your python command with `srun` like so: srun python encoder_survivalhead.py --config-name config_ws.yaml ...
GPU available: True (cuda), used: True
TPU available: False, using: 0 TPU cores
You are using a CUDA device ('NVIDIA A100 80GB PCIe') that has Tensor Cores. To properly utilize them, you should set `torch.set_float32_matmul_precision('medium' | 'high')` which will trade-off precision for performance. For more details, read https://pytorch.org/docs/stable/generated/torch.set_float32_matmul_precision.html#torch.set_float32_matmul_precision
/nas-ctm01/homes/fmferreira/.conda/envs/ai4lungs/lib/python3.11/site-packages/wandb/apis/public.py:3106: UserWarning: pkg_resources is deprecated as an API. See https://setuptools.pypa.io/en/latest/pkg_resources.html. The pkg_resources package is slated for removal as early as 2025-11-30. Refrain from using this package or pin to Setuptools<81.
  from pkg_resources import parse_version
wandb: Currently logged in as: franciscosacouto (franciscosacouto-inesc-tec). Use `wandb login --relogin` to force relogin
wandb: - Waiting for wandb.init()...wandb: \ Waiting for wandb.init()...wandb: wandb version 0.25.0 is available!  To upgrade, please run:
wandb:  $ pip install wandb --upgrade
wandb: Tracking run with wandb version 0.15.2
wandb: Run data is saved locally in ./wandb/run-20260310_173307-o8fcextw
wandb: Run `wandb offline` to turn off syncing.
wandb: Syncing run top_10_preclinical_Fold_1
wandb: ⭐️ View project at https://wandb.ai/franciscosacouto-inesc-tec/Text
wandb: 🚀 View run at https://wandb.ai/franciscosacouto-inesc-tec/Text/runs/o8fcextw
LOCAL_RANK: 0 - CUDA_VISIBLE_DEVICES: [0]
/nas-ctm01/homes/fmferreira/.conda/envs/ai4lungs/lib/python3.11/site-packages/pytorch_lightning/loops/fit_loop.py:317: The number of training batches (7) is smaller than the logging interval Trainer(log_every_n_steps=10). Set a lower value for log_every_n_steps if you want to see logs for the training epoch.
/nas-ctm01/homes/fmferreira/.conda/envs/ai4lungs/lib/python3.11/site-packages/pytorch_lightning/loops/fit_loop.py:534: Found 164 module(s) in eval mode at the start of training. This may lead to unexpected behavior during training. If this is intentional, you can ignore this warning.
Restoring states from the checkpoint path at /nas-ctm01/homes/fmferreira/AI4LUNGS/checkpoints/fold_00/besttop_10_preclinical-epoch=09-val_loss=0.56.ckpt
LOCAL_RANK: 0 - CUDA_VISIBLE_DEVICES: [0]
Loaded model weights from the checkpoint at /nas-ctm01/homes/fmferreira/AI4LUNGS/checkpoints/fold_00/besttop_10_preclinical-epoch=09-val_loss=0.56.ckpt
wandb: Waiting for W&B process to finish... (success).
wandb: - 0.327 MB of 0.327 MB uploaded (0.000 MB deduped)wandb: \ 0.327 MB of 0.327 MB uploaded (0.000 MB deduped)wandb: | 0.327 MB of 0.327 MB uploaded (0.000 MB deduped)wandb: / 0.327 MB of 0.327 MB uploaded (0.000 MB deduped)wandb: - 0.327 MB of 0.327 MB uploaded (0.000 MB deduped)wandb: 
wandb: Run history:
wandb:               epoch ▁▁▁▂▂▂▂▂▂▂▃▃▃▃▄▄▄▄▄▄▄▅▅▅▅▅▅▆▆▆▆▆▇▇▇▇▇▇██
wandb:          test_auroc ▁
wandb:   test_balanced_acc ▁
wandb:         test_cindex ▁
wandb:       test_f1_score ▁
wandb:            test_ibs ▁
wandb:      test_precision ▁
wandb:         test_recall ▁
wandb:    train_loss_epoch ▁▁▁▁▁▁▁▁▁▁▁▁█▁▁▁▁▁▁▁▁▁▁▁▁
wandb:     train_loss_step ▆▆▇▆▇▃█▄▁▅▆▄▄▆▅▆▆
wandb: trainer/global_step ▁▁▁▂▂▂▂▂▂▂▃▃▃▃▄▄▄▄▄▄▄▅▅▅▅▆▆▆▆▆▇▇▇▇▇▇████
wandb:           val_auroc ▅▅▇█▅▃▂▇█▇▅▅▄▁▁▁▂▃▃▃▃▃▄▃▃
wandb:    val_balanced_acc ▁▁▁▁▁▄▃▇██▆▆▅▃▃▂▃▃▄▆▅▆▅▆▆
wandb:          val_cindex ▇▇██▆▄▂██▇▆▅▄▁▁▂▃▃▄▄▄▄▄▄▄
wandb:        val_f1_score ▁▁▁▁▁▃▂▇██▄▅▃▂▂▁▁▁▃▅▄▅▄▄▄
wandb:             val_ibs ▄▄▄▄▃▃▃▁▁▁▁▁▂█▆▅▄▃▃▂▂▂▂▂▂
wandb:            val_loss ▃▃▃▃▃▂▂▁▁▁▁▄█▇▅▄▃▃▂▂▂▂▂▂▂
wandb:       val_precision ▁▁▁▁▆▇▇███▇█▇▇▇▆▆▆▇▇▇▇▇▇▇
wandb:          val_recall ▁▁▁▁▁▄▃▇██▆▆▅▃▃▂▃▃▄▆▅▆▅▆▆
wandb: 
wandb: Run summary:
wandb:               epoch 25
wandb:          test_auroc 0.6463
wandb:   test_balanced_acc 0.625
wandb:         test_cindex 0.62547
wandb:       test_f1_score 0.46154
wandb:            test_ibs 0.11954
wandb:      test_precision 0.59524
wandb:         test_recall 0.625
wandb:    train_loss_epoch 0.36585
wandb:     train_loss_step 0.40817
wandb: trainer/global_step 175
wandb:           val_auroc 0.64164
wandb:    val_balanced_acc 0.6338
wandb:          val_cindex 0.61953
wandb:        val_f1_score 0.46377
wandb:             val_ibs 0.12452
wandb:            val_loss 0.61491
wandb:       val_precision 0.60586
wandb:          val_recall 0.6338
wandb: 
wandb: 🚀 View run top_10_preclinical_Fold_1 at: https://wandb.ai/franciscosacouto-inesc-tec/Text/runs/o8fcextw
wandb: Synced 6 W&B file(s), 7 media file(s), 0 artifact file(s) and 0 other file(s)
wandb: Find logs at: ./wandb/run-20260310_173307-o8fcextw/logs
/nas-ctm01/homes/fmferreira/.conda/envs/ai4lungs/lib/python3.11/site-packages/lightning_fabric/plugins/environments/slurm.py:204: The `srun` command is available on your system but is not used. HINT: If your intention is to run Lightning on SLURM, prepend your python command with `srun` like so: srun python encoder_survivalhead.py --config-name config_ws.yaml ...
GPU available: True (cuda), used: True
TPU available: False, using: 0 TPU cores
wandb: - Waiting for wandb.init()...wandb: \ Waiting for wandb.init()...wandb: wandb version 0.25.0 is available!  To upgrade, please run:
wandb:  $ pip install wandb --upgrade
wandb: Tracking run with wandb version 0.15.2
wandb: Run data is saved locally in ./wandb/run-20260310_173746-hp6dmf6w
wandb: Run `wandb offline` to turn off syncing.
wandb: Syncing run top_10_preclinical_Fold_2
wandb: ⭐️ View project at https://wandb.ai/franciscosacouto-inesc-tec/Text
wandb: 🚀 View run at https://wandb.ai/franciscosacouto-inesc-tec/Text/runs/hp6dmf6w
LOCAL_RANK: 0 - CUDA_VISIBLE_DEVICES: [0]
/nas-ctm01/homes/fmferreira/.conda/envs/ai4lungs/lib/python3.11/site-packages/pytorch_lightning/loops/fit_loop.py:317: The number of training batches (7) is smaller than the logging interval Trainer(log_every_n_steps=10). Set a lower value for log_every_n_steps if you want to see logs for the training epoch.
/nas-ctm01/homes/fmferreira/.conda/envs/ai4lungs/lib/python3.11/site-packages/pytorch_lightning/loops/fit_loop.py:534: Found 164 module(s) in eval mode at the start of training. This may lead to unexpected behavior during training. If this is intentional, you can ignore this warning.
Restoring states from the checkpoint path at /nas-ctm01/homes/fmferreira/AI4LUNGS/checkpoints/fold_01/besttop_10_preclinical-epoch=08-val_loss=0.45.ckpt
LOCAL_RANK: 0 - CUDA_VISIBLE_DEVICES: [0]
Loaded model weights from the checkpoint at /nas-ctm01/homes/fmferreira/AI4LUNGS/checkpoints/fold_01/besttop_10_preclinical-epoch=08-val_loss=0.45.ckpt
wandb: Waiting for W&B process to finish... (success).
wandb: 
wandb: Run history:
wandb:               epoch ▁▁▁▁▂▂▂▂▂▂▃▃▃▃▃▄▄▄▄▄▅▅▅▅▅▅▅▆▆▆▆▆▇▇▇▇▇▇██
wandb:          test_auroc ▁
wandb:   test_balanced_acc ▁
wandb:         test_cindex ▁
wandb:       test_f1_score ▁
wandb:            test_ibs ▁
wandb:      test_precision ▁
wandb:         test_recall ▁
wandb:    train_loss_epoch █▇▇▆▇▆▆▄▄▄▅▄▄▄▃▃▃▂▁▁▂▁▄▃
wandb:     train_loss_step ▅█▅▅▃▃▃▅▂▂▁▂▁▁▁▁
wandb: trainer/global_step ▁▁▁▂▂▂▂▂▂▃▃▃▃▃▃▄▄▄▄▄▅▅▅▅▅▆▆▆▆▆▆▇▇▇▇▇████
wandb:           val_auroc ▇█▇▆▅▄▄▃▄▅▄▂▃▂▁▃▃▄▄▄▁▃▃▃
wandb:    val_balanced_acc ▁▁▁▁▁▄▄▅▇▇█▆▆▆▄▆▅▇▇▇▅▄▆▇
wandb:          val_cindex ██▆▅▅▃▄▃▄▄▄▂▄▂▁▃▃▄▄▄▁▂▃▄
wandb:        val_f1_score ▁▁▁▁▁▃▃▃▇▆█▅▅▆▂▄▄▇▇▆▄▃▅▆
wandb:             val_ibs ████▇▆▄▂▁▁▁▃▂▂▄▃▄▂▂▃▅▄▃▂
wandb:            val_loss ▂▂▂▂▂▂▂▁▁▁▂▄█▃▂▃▂▇▄▄▄█▄▄
wandb:       val_precision ▁▁▁▁▇▇▆▆█▇▇▇█▇▆▇▇▇▇▇▇▇▇▇
wandb:          val_recall ▁▁▁▁▁▄▄▅▇▇█▆▆▆▄▆▅▇▇▇▅▄▆▇
wandb: 
wandb: Run summary:
wandb:               epoch 24
wandb:          test_auroc 0.68611
wandb:   test_balanced_acc 0.61667
wandb:         test_cindex 0.68309
wandb:       test_f1_score 0.43478
wandb:            test_ibs 0.11504
wandb:      test_precision 0.59972
wandb:         test_recall 0.61667
wandb:    train_loss_epoch 0.1066
wandb:     train_loss_step -0.01138
wandb: trainer/global_step 168
wandb:           val_auroc 0.76623
wandb:    val_balanced_acc 0.71412
wandb:          val_cindex 0.7571
wandb:        val_f1_score 0.55556
wandb:             val_ibs 0.11123
wandb:            val_loss 1.14095
wandb:       val_precision 0.66577
wandb:          val_recall 0.71412
wandb: 
wandb: 🚀 View run top_10_preclinical_Fold_2 at: https://wandb.ai/franciscosacouto-inesc-tec/Text/runs/hp6dmf6w
wandb: Synced 6 W&B file(s), 7 media file(s), 0 artifact file(s) and 0 other file(s)
wandb: Find logs at: ./wandb/run-20260310_173746-hp6dmf6w/logs
/nas-ctm01/homes/fmferreira/.conda/envs/ai4lungs/lib/python3.11/site-packages/lightning_fabric/plugins/environments/slurm.py:204: The `srun` command is available on your system but is not used. HINT: If your intention is to run Lightning on SLURM, prepend your python command with `srun` like so: srun python encoder_survivalhead.py --config-name config_ws.yaml ...
GPU available: True (cuda), used: True
TPU available: False, using: 0 TPU cores
wandb: - Waiting for wandb.init()...wandb: \ Waiting for wandb.init()...wandb: | Waiting for wandb.init()...wandb: / Waiting for wandb.init()...wandb: wandb version 0.25.0 is available!  To upgrade, please run:
wandb:  $ pip install wandb --upgrade
wandb: Tracking run with wandb version 0.15.2
wandb: Run data is saved locally in ./wandb/run-20260310_174218-3m6pt4wk
wandb: Run `wandb offline` to turn off syncing.
wandb: Syncing run top_10_preclinical_Fold_3
wandb: ⭐️ View project at https://wandb.ai/franciscosacouto-inesc-tec/Text
wandb: 🚀 View run at https://wandb.ai/franciscosacouto-inesc-tec/Text/runs/3m6pt4wk
LOCAL_RANK: 0 - CUDA_VISIBLE_DEVICES: [0]
/nas-ctm01/homes/fmferreira/.conda/envs/ai4lungs/lib/python3.11/site-packages/pytorch_lightning/loops/fit_loop.py:317: The number of training batches (7) is smaller than the logging interval Trainer(log_every_n_steps=10). Set a lower value for log_every_n_steps if you want to see logs for the training epoch.
/nas-ctm01/homes/fmferreira/.conda/envs/ai4lungs/lib/python3.11/site-packages/pytorch_lightning/loops/fit_loop.py:534: Found 164 module(s) in eval mode at the start of training. This may lead to unexpected behavior during training. If this is intentional, you can ignore this warning.
Restoring states from the checkpoint path at /nas-ctm01/homes/fmferreira/AI4LUNGS/checkpoints/fold_02/besttop_10_preclinical-epoch=24-val_loss=0.49.ckpt
LOCAL_RANK: 0 - CUDA_VISIBLE_DEVICES: [0]
Loaded model weights from the checkpoint at /nas-ctm01/homes/fmferreira/AI4LUNGS/checkpoints/fold_02/besttop_10_preclinical-epoch=24-val_loss=0.49.ckpt
wandb: Waiting for W&B process to finish... (success).
wandb: - 0.419 MB of 0.419 MB uploaded (0.000 MB deduped)wandb: \ 0.419 MB of 0.419 MB uploaded (0.000 MB deduped)wandb: | 0.419 MB of 0.419 MB uploaded (0.000 MB deduped)wandb: / 0.419 MB of 0.419 MB uploaded (0.000 MB deduped)wandb: - 0.419 MB of 0.419 MB uploaded (0.000 MB deduped)wandb: \ 0.419 MB of 0.419 MB uploaded (0.000 MB deduped)wandb: 
wandb: Run history:
wandb:               epoch ▁▁▁▂▂▂▂▂▂▃▃▃▃▃▃▄▄▄▄▄▅▅▅▅▅▅▆▆▆▆▆▆▇▇▇▇▇███
wandb:          test_auroc ▁
wandb:   test_balanced_acc ▁
wandb:         test_cindex ▁
wandb:       test_f1_score ▁
wandb:            test_ibs ▁
wandb:      test_precision ▁
wandb:         test_recall ▁
wandb:    train_loss_epoch ▁▁▁▁▁▁▁█▁▁▁▁▁▁▁▁▁▁▁▁▁▁▁▁▁▁▁▁▁▁▁▁▁▁▁▁▁▁▁▁
wandb:     train_loss_step ▄▂▂▂▂▄█▂▃▂▅▃▃▂▃▇▃▂▄▅▃▃▂▂▂▃▁▂
wandb: trainer/global_step ▁▁▁▂▂▂▂▂▂▃▃▃▃▃▄▄▄▄▄▄▅▅▅▅▅▅▆▆▆▆▆▇▇▇▇▇████
wandb:           val_auroc ███▇▆▆▆▄▂▁▁▂▂▂▃▃▃▃▃▃▄▄▄▄▄▄▄▃▃▃▃▃▃▃▃▄▄▄▄▄
wandb:    val_balanced_acc ▁▁▁▂▃▅▆▅▄▄▅▆▆▇▆▇▇▇▇▇▇▇▇▇█▇▇▇▇▇███▇▇█████
wandb:          val_cindex ██▇▇▆▆▅▄▁▁▁▂▂▃▃▃▃▃▃▄▄▄▄▄▄▄▄▄▃▃▄▃▄▄▄▄▄▄▄▄
wandb:        val_f1_score ▁▁▁▁▃▄▅▄▃▃▄▅▅▆▅▆▆▆▆▆▆▆▇▇▇▇▇▇▆▆███▆▇▇████
wandb:             val_ibs █▇▇▆▆▄▃▃▅▅▄▄▄▃▃▃▂▂▂▂▂▂▂▁▁▂▂▂▃▂▂▂▂▂▂▂▁▁▁▁
wandb:            val_loss ██▇▇▆▅▃▃▅▅▄▄▃▃▃▃▂▂▂▂▂▂▂▁▁▂▂▃▃▃▃▃▃▃▃▃▂▃▂▃
wandb:       val_precision ▁▁▁▇▇█▇▇▇▇▇▇▇▇▇▇████████████▇███████████
wandb:          val_recall ▁▁▁▂▃▅▆▅▄▄▅▆▆▇▆▇▇▇▇▇▇▇▇▇█▇▇▇▇▇███▇▇█████
wandb: 
wandb: Run summary:
wandb:               epoch 40
wandb:          test_auroc 0.70648
wandb:   test_balanced_acc 0.64167
wandb:         test_cindex 0.68006
wandb:       test_f1_score 0.47273
wandb:            test_ibs 0.12096
wandb:      test_precision 0.60794
wandb:         test_recall 0.64167
wandb:    train_loss_epoch 0.20293
wandb:     train_loss_step 0.21167
wandb: trainer/global_step 280
wandb:           val_auroc 0.80094
wandb:    val_balanced_acc 0.74712
wandb:          val_cindex 0.77118
wandb:        val_f1_score 0.58824
wandb:             val_ibs 0.10292
wandb:            val_loss 0.53958
wandb:       val_precision 0.69122
wandb:          val_recall 0.74712
wandb: 
wandb: 🚀 View run top_10_preclinical_Fold_3 at: https://wandb.ai/franciscosacouto-inesc-tec/Text/runs/3m6pt4wk
wandb: Synced 6 W&B file(s), 10 media file(s), 0 artifact file(s) and 0 other file(s)
wandb: Find logs at: ./wandb/run-20260310_174218-3m6pt4wk/logs
/nas-ctm01/homes/fmferreira/.conda/envs/ai4lungs/lib/python3.11/site-packages/torchmetrics/utilities/imports.py:22: UserWarning: pkg_resources is deprecated as an API. See https://setuptools.pypa.io/en/latest/pkg_resources.html. The pkg_resources package is slated for removal as early as 2025-11-30. Refrain from using this package or pin to Setuptools<81.
  from pkg_resources import DistributionNotFound, get_distribution
/nas-ctm01/homes/fmferreira/.conda/envs/ai4lungs/lib/python3.11/site-packages/timm/models/layers/__init__.py:48: FutureWarning: Importing from timm.models.layers is deprecated, please import via timm.layers
  warnings.warn(f"Importing from {__name__} is deprecated, please import via timm.layers", FutureWarning)
Token indices sequence length is longer than the specified maximum sequence length for this model (209 > 77). Running this sequence through the model will result in indexing errors
Error executing job with overrides: []
Traceback (most recent call last):
  File "/nas-ctm01/homes/fmferreira/.conda/envs/ai4lungs/lib/python3.11/site-packages/transformers/tokenization_utils_base.py", line 717, in convert_to_tensors
    tensor = as_tensor(value)
             ^^^^^^^^^^^^^^^^
ValueError: expected sequence of length 209 at dim 1 (got 181)

The above exception was the direct cause of the following exception:

Traceback (most recent call last):
  File "/nas-ctm01/homes/fmferreira/AI4LUNGS/encoder_survivalhead.py", line 221, in main
    sample_output = temp_model(inputs_sample)
                   ^^^^^^^^^^^^^^^^^^^^^^^^^
  File "/nas-ctm01/homes/fmferreira/.conda/envs/ai4lungs/lib/python3.11/site-packages/torch/nn/modules/module.py", line 1518, in _wrapped_call_impl
    return self._call_impl(*args, **kwargs)
           ^^^^^^^^^^^^^^^^^^^^^^^^^^^^^^^^
  File "/nas-ctm01/homes/fmferreira/.conda/envs/ai4lungs/lib/python3.11/site-packages/torch/nn/modules/module.py", line 1527, in _call_impl
    return forward_call(*args, **kwargs)
           ^^^^^^^^^^^^^^^^^^^^^^^^^^^^^
  File "/nas-ctm01/homes/fmferreira/AI4LUNGS/FM_MLP.py", line 181, in forward
    full_tokens = self._encoder_wrapper.tokenize(
                  ^^^^^^^^^^^^^^^^^^^^^^^^^^^^^^^
  File "/nas-ctm01/homes/fmferreira/.conda/envs/ai4lungs/lib/python3.11/site-packages/transformers/tokenization_utils_base.py", line 2538, in __call__
    encodings = self._call_one(text=text, text_pair=text_pair, **all_kwargs)
                ^^^^^^^^^^^^^^^^^^^^^^^^^^^^^^^^^^^^^^^^^^^^^^^^^^^^^^^^^^^^
  File "/nas-ctm01/homes/fmferreira/.conda/envs/ai4lungs/lib/python3.11/site-packages/transformers/tokenization_utils_base.py", line 2624, in _call_one
    return self.batch_encode_plus(
           ^^^^^^^^^^^^^^^^^^^^^^^
  File "/nas-ctm01/homes/fmferreira/.conda/envs/ai4lungs/lib/python3.11/site-packages/transformers/tokenization_utils_base.py", line 2815, in batch_encode_plus
    return self._batch_encode_plus(
           ^^^^^^^^^^^^^^^^^^^^^^^^
  File "/nas-ctm01/homes/fmferreira/.conda/envs/ai4lungs/lib/python3.11/site-packages/transformers/tokenization_utils.py", line 737, in _batch_encode_plus
    batch_outputs = self._batch_prepare_for_model(
                    ^^^^^^^^^^^^^^^^^^^^^^^^^^^^^^
  File "/nas-ctm01/homes/fmferreira/.conda/envs/ai4lungs/lib/python3.11/site-packages/transformers/tokenization_utils.py", line 817, in _batch_prepare_for_model
    batch_outputs = BatchEncoding(batch_outputs, tensor_type=return_tensors)
                    ^^^^^^^^^^^^^^^^^^^^^^^^^^^^^^^^^^^^^^^^^^^^^^^^^^^^^^^^
  File "/nas-ctm01/homes/fmferreira/.conda/envs/ai4lungs/lib/python3.11/site-packages/transformers/tokenization_utils_base.py", line 210, in __init__
    self.convert_to_tensors(tensor_type=tensor_type, prepend_batch_axis=prepend_batch_axis)
  File "/nas-ctm01/homes/fmferreira/.conda/envs/ai4lungs/lib/python3.11/site-packages/transformers/tokenization_utils_base.py", line 733, in convert_to_tensors
    raise ValueError(
ValueError: Unable to create tensor, you should probably activate truncation and/or padding with 'padding=True' 'truncation=True' to have batched tensors with the same length. Perhaps your features (`input_ids` in this case) have excessive nesting (inputs type `list` where type `int` is expected).

Set the environment variable HYDRA_FULL_ERROR=1 for a complete stack trace.
/nas-ctm01/homes/fmferreira/.conda/envs/ai4lungs/lib/python3.11/site-packages/torchmetrics/utilities/imports.py:22: UserWarning: pkg_resources is deprecated as an API. See https://setuptools.pypa.io/en/latest/pkg_resources.html. The pkg_resources package is slated for removal as early as 2025-11-30. Refrain from using this package or pin to Setuptools<81.
  from pkg_resources import DistributionNotFound, get_distribution
/nas-ctm01/homes/fmferreira/.conda/envs/ai4lungs/lib/python3.11/site-packages/timm/models/layers/__init__.py:48: FutureWarning: Importing from timm.models.layers is deprecated, please import via timm.layers
  warnings.warn(f"Importing from {__name__} is deprecated, please import via timm.layers", FutureWarning)
Token indices sequence length is longer than the specified maximum sequence length for this model (252 > 77). Running this sequence through the model will result in indexing errors
Error executing job with overrides: []
Traceback (most recent call last):
  File "/nas-ctm01/homes/fmferreira/.conda/envs/ai4lungs/lib/python3.11/site-packages/transformers/tokenization_utils_base.py", line 717, in convert_to_tensors
    tensor = as_tensor(value)
             ^^^^^^^^^^^^^^^^
ValueError: expected sequence of length 252 at dim 1 (got 245)

The above exception was the direct cause of the following exception:

Traceback (most recent call last):
  File "/nas-ctm01/homes/fmferreira/AI4LUNGS/encoder_survivalhead.py", line 221, in main
    sample_output = temp_model(inputs_sample)
                   ^^^^^^^^^^^^^^^^^^^^^^^^^
  File "/nas-ctm01/homes/fmferreira/.conda/envs/ai4lungs/lib/python3.11/site-packages/torch/nn/modules/module.py", line 1518, in _wrapped_call_impl
    return self._call_impl(*args, **kwargs)
           ^^^^^^^^^^^^^^^^^^^^^^^^^^^^^^^^
  File "/nas-ctm01/homes/fmferreira/.conda/envs/ai4lungs/lib/python3.11/site-packages/torch/nn/modules/module.py", line 1527, in _call_impl
    return forward_call(*args, **kwargs)
           ^^^^^^^^^^^^^^^^^^^^^^^^^^^^^
  File "/nas-ctm01/homes/fmferreira/AI4LUNGS/FM_MLP.py", line 181, in forward
    full_tokens = self._encoder_wrapper.tokenize(
                  ^^^^^^^^^^^^^^^^^^^^^^^^^^^^^^^
  File "/nas-ctm01/homes/fmferreira/.conda/envs/ai4lungs/lib/python3.11/site-packages/transformers/tokenization_utils_base.py", line 2538, in __call__
    encodings = self._call_one(text=text, text_pair=text_pair, **all_kwargs)
                ^^^^^^^^^^^^^^^^^^^^^^^^^^^^^^^^^^^^^^^^^^^^^^^^^^^^^^^^^^^^
  File "/nas-ctm01/homes/fmferreira/.conda/envs/ai4lungs/lib/python3.11/site-packages/transformers/tokenization_utils_base.py", line 2624, in _call_one
    return self.batch_encode_plus(
           ^^^^^^^^^^^^^^^^^^^^^^^
  File "/nas-ctm01/homes/fmferreira/.conda/envs/ai4lungs/lib/python3.11/site-packages/transformers/tokenization_utils_base.py", line 2815, in batch_encode_plus
    return self._batch_encode_plus(
           ^^^^^^^^^^^^^^^^^^^^^^^^
  File "/nas-ctm01/homes/fmferreira/.conda/envs/ai4lungs/lib/python3.11/site-packages/transformers/tokenization_utils.py", line 737, in _batch_encode_plus
    batch_outputs = self._batch_prepare_for_model(
                    ^^^^^^^^^^^^^^^^^^^^^^^^^^^^^^
  File "/nas-ctm01/homes/fmferreira/.conda/envs/ai4lungs/lib/python3.11/site-packages/transformers/tokenization_utils.py", line 817, in _batch_prepare_for_model
    batch_outputs = BatchEncoding(batch_outputs, tensor_type=return_tensors)
                    ^^^^^^^^^^^^^^^^^^^^^^^^^^^^^^^^^^^^^^^^^^^^^^^^^^^^^^^^
  File "/nas-ctm01/homes/fmferreira/.conda/envs/ai4lungs/lib/python3.11/site-packages/transformers/tokenization_utils_base.py", line 210, in __init__
    self.convert_to_tensors(tensor_type=tensor_type, prepend_batch_axis=prepend_batch_axis)
  File "/nas-ctm01/homes/fmferreira/.conda/envs/ai4lungs/lib/python3.11/site-packages/transformers/tokenization_utils_base.py", line 733, in convert_to_tensors
    raise ValueError(
ValueError: Unable to create tensor, you should probably activate truncation and/or padding with 'padding=True' 'truncation=True' to have batched tensors with the same length. Perhaps your features (`input_ids` in this case) have excessive nesting (inputs type `list` where type `int` is expected).

Set the environment variable HYDRA_FULL_ERROR=1 for a complete stack trace.
