/nas-ctm01/homes/fmferreira/.conda/envs/ctClip/lib/python3.9/site-packages/timm/models/layers/__init__.py:49: FutureWarning: Importing from timm.models.layers is deprecated, please import via timm.layers
  warnings.warn(f"Importing from {__name__} is deprecated, please import via timm.layers", FutureWarning)
Error executing job with overrides: []
Traceback (most recent call last):
  File "/nas-ctm01/homes/fmferreira/AI4LUNGS/encoder_survivalhead.py", line 221, in main
    temp_model = module_class(
  File "/nas-ctm01/homes/fmferreira/AI4LUNGS/FM_MLP.py", line 58, in __init__
    self.stats_metric = BinaryStatScores(threshold=0.5, average='none')
  File "/nas-ctm01/homes/fmferreira/.conda/envs/ctClip/lib/python3.9/site-packages/torchmetrics/classification/stat_scores.py", line 173, in __init__
    super(_AbstractStatScores, self).__init__(**kwargs)
  File "/nas-ctm01/homes/fmferreira/.conda/envs/ctClip/lib/python3.9/site-packages/torchmetrics/metric.py", line 154, in __init__
    raise ValueError(f"Unexpected keyword arguments: {', '.join(kwargs_)}")
ValueError: Unexpected keyword arguments: `average`

Set the environment variable HYDRA_FULL_ERROR=1 for a complete stack trace.
/nas-ctm01/homes/fmferreira/.conda/envs/ctClip/lib/python3.9/site-packages/timm/models/layers/__init__.py:49: FutureWarning: Importing from timm.models.layers is deprecated, please import via timm.layers
  warnings.warn(f"Importing from {__name__} is deprecated, please import via timm.layers", FutureWarning)
Error executing job with overrides: []
Traceback (most recent call last):
  File "/nas-ctm01/homes/fmferreira/AI4LUNGS/encoder_survivalhead.py", line 221, in main
    temp_model = module_class(
  File "/nas-ctm01/homes/fmferreira/AI4LUNGS/FM_MLP.py", line 58, in __init__
    self.stats_metric = BinaryStatScores(threshold=0.5, average='none')
  File "/nas-ctm01/homes/fmferreira/.conda/envs/ctClip/lib/python3.9/site-packages/torchmetrics/classification/stat_scores.py", line 173, in __init__
    super(_AbstractStatScores, self).__init__(**kwargs)
  File "/nas-ctm01/homes/fmferreira/.conda/envs/ctClip/lib/python3.9/site-packages/torchmetrics/metric.py", line 154, in __init__
    raise ValueError(f"Unexpected keyword arguments: {', '.join(kwargs_)}")
ValueError: Unexpected keyword arguments: `average`

Set the environment variable HYDRA_FULL_ERROR=1 for a complete stack trace.
/nas-ctm01/homes/fmferreira/.conda/envs/ctClip/lib/python3.9/site-packages/timm/models/layers/__init__.py:49: FutureWarning: Importing from timm.models.layers is deprecated, please import via timm.layers
  warnings.warn(f"Importing from {__name__} is deprecated, please import via timm.layers", FutureWarning)
Error executing job with overrides: []
Traceback (most recent call last):
  File "/nas-ctm01/homes/fmferreira/AI4LUNGS/encoder_survivalhead.py", line 221, in main
    temp_model = module_class(
  File "/nas-ctm01/homes/fmferreira/AI4LUNGS/FM_MLP.py", line 58, in __init__
    self.stats_metric = BinaryStatScores(threshold=0.5, average='none')
  File "/nas-ctm01/homes/fmferreira/.conda/envs/ctClip/lib/python3.9/site-packages/torchmetrics/classification/stat_scores.py", line 173, in __init__
    super(_AbstractStatScores, self).__init__(**kwargs)
  File "/nas-ctm01/homes/fmferreira/.conda/envs/ctClip/lib/python3.9/site-packages/torchmetrics/metric.py", line 154, in __init__
    raise ValueError(f"Unexpected keyword arguments: {', '.join(kwargs_)}")
ValueError: Unexpected keyword arguments: `average`

Set the environment variable HYDRA_FULL_ERROR=1 for a complete stack trace.
