/nas-ctm01/homes/fmferreira/.conda/envs/ai4lungs/lib/python3.11/site-packages/torchmetrics/utilities/imports.py:22: UserWarning: pkg_resources is deprecated as an API. See https://setuptools.pypa.io/en/latest/pkg_resources.html. The pkg_resources package is slated for removal as early as 2025-11-30. Refrain from using this package or pin to Setuptools<81.
  from pkg_resources import DistributionNotFound, get_distribution
/nas-ctm01/homes/fmferreira/.conda/envs/ai4lungs/lib/python3.11/site-packages/timm/models/layers/__init__.py:48: FutureWarning: Importing from timm.models.layers is deprecated, please import via timm.layers
  warnings.warn(f"Importing from {__name__} is deprecated, please import via timm.layers", FutureWarning)
/nas-ctm01/homes/fmferreira/.conda/envs/ai4lungs/lib/python3.11/site-packages/lightning_fabric/plugins/environments/slurm.py:204: The `srun` command is available on your system but is not used. HINT: If your intention is to run Lightning on SLURM, prepend your python command with `srun` like so: srun python encoder_survivalhead.py --config-name config_ws.yaml ...
GPU available: True (cuda), used: True
TPU available: False, using: 0 TPU cores
You are using a CUDA device ('NVIDIA A100 80GB PCIe') that has Tensor Cores. To properly utilize them, you should set `torch.set_float32_matmul_precision('medium' | 'high')` which will trade-off precision for performance. For more details, read https://pytorch.org/docs/stable/generated/torch.set_float32_matmul_precision.html#torch.set_float32_matmul_precision
/nas-ctm01/homes/fmferreira/.conda/envs/ai4lungs/lib/python3.11/site-packages/wandb/apis/public.py:3106: UserWarning: pkg_resources is deprecated as an API. See https://setuptools.pypa.io/en/latest/pkg_resources.html. The pkg_resources package is slated for removal as early as 2025-11-30. Refrain from using this package or pin to Setuptools<81.
  from pkg_resources import parse_version
wandb: Currently logged in as: franciscosacouto (franciscosacouto-inesc-tec). Use `wandb login --relogin` to force relogin
wandb: wandb version 0.25.0 is available!  To upgrade, please run:
wandb:  $ pip install wandb --upgrade
wandb: Tracking run with wandb version 0.15.2
wandb: Run data is saved locally in ./wandb/run-20260303_152017-j9ticgw4
wandb: Run `wandb offline` to turn off syncing.
wandb: Syncing run text_Fold_1
wandb: ⭐️ View project at https://wandb.ai/franciscosacouto-inesc-tec/test_encoder
wandb: 🚀 View run at https://wandb.ai/franciscosacouto-inesc-tec/test_encoder/runs/j9ticgw4
/nas-ctm01/homes/fmferreira/.conda/envs/ai4lungs/lib/python3.11/site-packages/pytorch_lightning/callbacks/model_checkpoint.py:881: Checkpoint directory /nas-ctm01/homes/fmferreira/AI4LUNGS/checkpoints/fold_00 exists and is not empty.
LOCAL_RANK: 0 - CUDA_VISIBLE_DEVICES: [0]
/nas-ctm01/homes/fmferreira/.conda/envs/ai4lungs/lib/python3.11/site-packages/pytorch_lightning/loops/fit_loop.py:317: The number of training batches (7) is smaller than the logging interval Trainer(log_every_n_steps=10). Set a lower value for log_every_n_steps if you want to see logs for the training epoch.
/nas-ctm01/homes/fmferreira/.conda/envs/ai4lungs/lib/python3.11/site-packages/pytorch_lightning/loops/fit_loop.py:534: Found 164 module(s) in eval mode at the start of training. This may lead to unexpected behavior during training. If this is intentional, you can ignore this warning.
Restoring states from the checkpoint path at /nas-ctm01/homes/fmferreira/AI4LUNGS/checkpoints/fold_00/besttext-epoch=16-val_loss=0.56.ckpt
LOCAL_RANK: 0 - CUDA_VISIBLE_DEVICES: [0]
Loaded model weights from the checkpoint at /nas-ctm01/homes/fmferreira/AI4LUNGS/checkpoints/fold_00/besttext-epoch=16-val_loss=0.56.ckpt
wandb: Waiting for W&B process to finish... (success).
wandb: - 0.412 MB of 0.412 MB uploaded (0.000 MB deduped)wandb: \ 0.412 MB of 0.412 MB uploaded (0.000 MB deduped)wandb: | 0.412 MB of 0.412 MB uploaded (0.000 MB deduped)wandb: / 0.412 MB of 0.412 MB uploaded (0.000 MB deduped)wandb: - 0.412 MB of 0.412 MB uploaded (0.000 MB deduped)wandb: \ 0.412 MB of 0.412 MB uploaded (0.000 MB deduped)wandb: 
wandb: Run history:
wandb:               epoch ▁▁▁▁▂▂▂▂▂▃▃▃▃▃▃▄▄▄▄▄▅▅▅▅▅▅▆▆▆▆▆▆▇▇▇▇▇███
wandb:          test_auroc ▁
wandb:   test_balanced_acc ▁
wandb:         test_cindex ▁
wandb:       test_f1_score ▁
wandb:            test_ibs ▁
wandb:      test_precision ▁
wandb:         test_recall ▁
wandb:    train_loss_epoch █▆▆▆█▆▆▅▃▄▄▄▄▅▄▄▄▄▄▂▄▂▃▂▂▁▆▅▅▅▆▄
wandb:     train_loss_step ▃▃█▄▄▃▁▃▃▂▃▃▃▃▂▄▃▂▁▂▆▃
wandb: trainer/global_step ▁▁▁▁▂▂▂▂▂▃▃▃▃▃▃▄▄▄▄▄▅▅▅▅▅▅▆▆▆▆▇▇▇▇▇█████
wandb:           val_auroc ▁▄▄▄▆█▃▂▁▃▃▄▄▂▃▄▅▄▄▄▄▅▅▅▄▃▃▄▄▆▆▆
wandb:    val_balanced_acc ▃▃▃▃▃▃▃▄▆▄▅▃▃▆▄▂▂▃▂▃▃▃▃▄▄▃▁▄▄▅█▅
wandb:          val_cindex ▁▃▃▃▆▆▁▁▁▃▃▂▄▄▅▅▆▄▆▅▄▄▅▄▄▃▂▅▅█▇▇
wandb:        val_f1_score ▇▇▇▇▇▇▇▇▇▅▆▅▅▇▅▃▁▃▃▃▃▃▁▅▄▃▄▇▇▆█▆
wandb:             val_ibs ▂▂▂▂▂▂▂▁▁▁▁▁▁▁▁▁▁▁▂▂▂▂▂▂▂▂▇█▅▁▁▁
wandb:            val_loss ▁▁▁▁▁▁▁▁▁▁▁▁▁▁▁▁▁▁▁▁▁▁▁▁▁▁█▁▁▁▁▁
wandb:       val_precision ▁▁▁▁▁▁▁▇█▇▇▇▆▇▇▆▆▆▆▆▆▆▆▇▇▇▆▇▇▇█▇
wandb:          val_recall ▃▃▃▃▃▃▃▄▆▄▅▃▃▆▄▂▂▃▂▃▃▃▃▄▄▃▁▄▄▅█▅
wandb: 
wandb: Run summary:
wandb:               epoch 32
wandb:          test_auroc 0.5537
wandb:   test_balanced_acc 0.53333
wandb:         test_cindex 0.55042
wandb:       test_f1_score 0.31818
wandb:            test_ibs 0.12949
wandb:      test_precision 0.52976
wandb:         test_recall 0.53333
wandb:    train_loss_epoch 0.39328
wandb:     train_loss_step 0.42259
wandb: trainer/global_step 224
wandb:           val_auroc 0.57157
wandb:    val_balanced_acc 0.55324
wandb:          val_cindex 0.55244
wandb:        val_f1_score 0.37143
wandb:             val_ibs 0.13522
wandb:            val_loss 0.6641
wandb:       val_precision 0.54179
wandb:          val_recall 0.55324
wandb: 
wandb: 🚀 View run text_Fold_1 at: https://wandb.ai/franciscosacouto-inesc-tec/test_encoder/runs/j9ticgw4
wandb: Synced 6 W&B file(s), 9 media file(s), 0 artifact file(s) and 0 other file(s)
wandb: Find logs at: ./wandb/run-20260303_152017-j9ticgw4/logs
/nas-ctm01/homes/fmferreira/.conda/envs/ai4lungs/lib/python3.11/site-packages/lightning_fabric/plugins/environments/slurm.py:204: The `srun` command is available on your system but is not used. HINT: If your intention is to run Lightning on SLURM, prepend your python command with `srun` like so: srun python encoder_survivalhead.py --config-name config_ws.yaml ...
GPU available: True (cuda), used: True
TPU available: False, using: 0 TPU cores
wandb: wandb version 0.25.0 is available!  To upgrade, please run:
wandb:  $ pip install wandb --upgrade
wandb: Tracking run with wandb version 0.15.2
wandb: Run data is saved locally in ./wandb/run-20260303_154245-2eq8xoap
wandb: Run `wandb offline` to turn off syncing.
wandb: Syncing run text_Fold_2
wandb: ⭐️ View project at https://wandb.ai/franciscosacouto-inesc-tec/test_encoder
wandb: 🚀 View run at https://wandb.ai/franciscosacouto-inesc-tec/test_encoder/runs/2eq8xoap
/nas-ctm01/homes/fmferreira/.conda/envs/ai4lungs/lib/python3.11/site-packages/pytorch_lightning/callbacks/model_checkpoint.py:881: Checkpoint directory /nas-ctm01/homes/fmferreira/AI4LUNGS/checkpoints/fold_01 exists and is not empty.
LOCAL_RANK: 0 - CUDA_VISIBLE_DEVICES: [0]
/nas-ctm01/homes/fmferreira/.conda/envs/ai4lungs/lib/python3.11/site-packages/pytorch_lightning/loops/fit_loop.py:317: The number of training batches (7) is smaller than the logging interval Trainer(log_every_n_steps=10). Set a lower value for log_every_n_steps if you want to see logs for the training epoch.
/nas-ctm01/homes/fmferreira/.conda/envs/ai4lungs/lib/python3.11/site-packages/pytorch_lightning/loops/fit_loop.py:534: Found 164 module(s) in eval mode at the start of training. This may lead to unexpected behavior during training. If this is intentional, you can ignore this warning.
Restoring states from the checkpoint path at /nas-ctm01/homes/fmferreira/AI4LUNGS/checkpoints/fold_01/besttext-epoch=08-val_loss=0.53.ckpt
LOCAL_RANK: 0 - CUDA_VISIBLE_DEVICES: [0]
Loaded model weights from the checkpoint at /nas-ctm01/homes/fmferreira/AI4LUNGS/checkpoints/fold_01/besttext-epoch=08-val_loss=0.53.ckpt
wandb: Waiting for W&B process to finish... (success).
wandb: - 0.319 MB of 0.319 MB uploaded (0.000 MB deduped)wandb: \ 0.319 MB of 0.319 MB uploaded (0.000 MB deduped)wandb: | 0.319 MB of 0.319 MB uploaded (0.000 MB deduped)wandb: / 0.319 MB of 0.319 MB uploaded (0.000 MB deduped)wandb: - 0.319 MB of 0.319 MB uploaded (0.000 MB deduped)wandb: \ 0.319 MB of 0.319 MB uploaded (0.000 MB deduped)wandb: 
wandb: Run history:
wandb:               epoch ▁▁▁▁▂▂▂▂▂▂▃▃▃▃▃▄▄▄▄▄▅▅▅▅▅▅▅▆▆▆▆▆▇▇▇▇▇▇██
wandb:          test_auroc ▁
wandb:   test_balanced_acc ▁
wandb:         test_cindex ▁
wandb:       test_f1_score ▁
wandb:            test_ibs ▁
wandb:      test_precision ▁
wandb:         test_recall ▁
wandb:    train_loss_epoch ▆▅▅▆▅▅▄▃▃▂█▄▃▂▃▂▂▁▁▁▁▂▃▂
wandb:     train_loss_step ▇█▇▇▆▃▃▄▆▅▃▂▂▁▃▃
wandb: trainer/global_step ▁▁▁▂▂▂▂▂▂▃▃▃▃▃▃▄▄▄▄▄▅▅▅▅▅▆▆▆▆▆▆▇▇▇▇▇████
wandb:           val_auroc ▁▃▂▃█▅▄▅▄▆▅▃▄▄▄▅▅▅▄▄▃▄▃▃
wandb:    val_balanced_acc ▁▁▁▁▁▁▃▇█▁█▄▄▄▆▆▇▆▅▁▄▃▅▄
wandb:          val_cindex ▁▂▂▃█▅▃▄▃▅▅▃▃▃▄▄▅▅▄▄▃▃▁▂
wandb:        val_f1_score ▆▆▆▆▆▆▇▄▄▆█▃▁▂▆▆▆▄▄▆▇▅▄▄
wandb:             val_ibs ▂▂▂▂▂▂▂▁▁▂▁▂▂▂▂▂▂▂▃█▅▂▃▃
wandb:            val_loss ▂▂▂▂▂▂▂▁▁▂▂▅▄▃▃▃▄▅▆█▄▃▅▇
wandb:       val_precision ▁▁▁▁▁▁▇▇█▇▇▇▇▇▇▇▇▇▇▆▇▆▇▇
wandb:          val_recall ▁▁▁▁▁▁▃▇█▁█▄▄▄▆▆▇▆▅▁▄▃▅▄
wandb: 
wandb: Run summary:
wandb:               epoch 24
wandb:          test_auroc 0.60648
wandb:   test_balanced_acc 0.45833
wandb:         test_cindex 0.57771
wandb:       test_f1_score 0.0
wandb:            test_ibs 0.13193
wandb:      test_precision 0.36667
wandb:         test_recall 0.45833
wandb:    train_loss_epoch 0.26406
wandb:     train_loss_step 0.20771
wandb: trainer/global_step 168
wandb:           val_auroc 0.53968
wandb:    val_balanced_acc 0.54699
wandb:          val_cindex 0.55718
wandb:        val_f1_score 0.3662
wandb:             val_ibs 0.16109
wandb:            val_loss 2.00112
wandb:       val_precision 0.53662
wandb:          val_recall 0.54699
wandb: 
wandb: 🚀 View run text_Fold_2 at: https://wandb.ai/franciscosacouto-inesc-tec/test_encoder/runs/2eq8xoap
wandb: Synced 6 W&B file(s), 7 media file(s), 0 artifact file(s) and 0 other file(s)
wandb: Find logs at: ./wandb/run-20260303_154245-2eq8xoap/logs
/nas-ctm01/homes/fmferreira/.conda/envs/ai4lungs/lib/python3.11/site-packages/lightning_fabric/plugins/environments/slurm.py:204: The `srun` command is available on your system but is not used. HINT: If your intention is to run Lightning on SLURM, prepend your python command with `srun` like so: srun python encoder_survivalhead.py --config-name config_ws.yaml ...
GPU available: True (cuda), used: True
TPU available: False, using: 0 TPU cores
wandb: - Waiting for wandb.init()...wandb: \ Waiting for wandb.init()...wandb: wandb version 0.25.0 is available!  To upgrade, please run:
wandb:  $ pip install wandb --upgrade
wandb: Tracking run with wandb version 0.15.2
wandb: Run data is saved locally in ./wandb/run-20260303_155339-wh5ar47y
wandb: Run `wandb offline` to turn off syncing.
wandb: Syncing run text_Fold_3
wandb: ⭐️ View project at https://wandb.ai/franciscosacouto-inesc-tec/test_encoder
wandb: 🚀 View run at https://wandb.ai/franciscosacouto-inesc-tec/test_encoder/runs/wh5ar47y
/nas-ctm01/homes/fmferreira/.conda/envs/ai4lungs/lib/python3.11/site-packages/pytorch_lightning/callbacks/model_checkpoint.py:881: Checkpoint directory /nas-ctm01/homes/fmferreira/AI4LUNGS/checkpoints/fold_02 exists and is not empty.
LOCAL_RANK: 0 - CUDA_VISIBLE_DEVICES: [0]
/nas-ctm01/homes/fmferreira/.conda/envs/ai4lungs/lib/python3.11/site-packages/pytorch_lightning/loops/fit_loop.py:317: The number of training batches (7) is smaller than the logging interval Trainer(log_every_n_steps=10). Set a lower value for log_every_n_steps if you want to see logs for the training epoch.
/nas-ctm01/homes/fmferreira/.conda/envs/ai4lungs/lib/python3.11/site-packages/pytorch_lightning/loops/fit_loop.py:534: Found 164 module(s) in eval mode at the start of training. This may lead to unexpected behavior during training. If this is intentional, you can ignore this warning.
Restoring states from the checkpoint path at /nas-ctm01/homes/fmferreira/AI4LUNGS/checkpoints/fold_02/besttext-epoch=07-val_loss=0.48.ckpt
LOCAL_RANK: 0 - CUDA_VISIBLE_DEVICES: [0]
Loaded model weights from the checkpoint at /nas-ctm01/homes/fmferreira/AI4LUNGS/checkpoints/fold_02/besttext-epoch=07-val_loss=0.48.ckpt
wandb: Waiting for W&B process to finish... (success).
wandb: 
wandb: Run history:
wandb:               epoch ▁▁▁▁▂▂▂▂▂▃▃▃▃▃▄▄▄▄▄▅▅▅▅▅▅▅▆▆▆▆▆▇▇▇▇▇████
wandb:          test_auroc ▁
wandb:   test_balanced_acc ▁
wandb:         test_cindex ▁
wandb:       test_f1_score ▁
wandb:            test_ibs ▁
wandb:      test_precision ▁
wandb:         test_recall ▁
wandb:    train_loss_epoch ▅▅▅▄▄▄▃▃▂▃▂▂▁▁█▅▄▄▃▃▃▃▂
wandb:     train_loss_step ▆▅▅▅▄▃▆▄▁█▄▅▅▃▃▃
wandb: trainer/global_step ▁▁▁▂▂▂▂▂▂▃▃▃▃▃▄▄▄▄▄▄▅▅▅▅▅▆▆▆▆▆▇▇▇▇▇▇████
wandb:           val_auroc █▇▇▆▆▆▅▄▃▁▂▂▂▁▁▂▂▂▂▂▃▃▂
wandb:    val_balanced_acc ▁▁▁▁▁▄█▄▆▅▄▄▄▆▄▃▆▃▆▄▄▄▄
wandb:          val_cindex ▇██▆▆▇▅▄▄▂▃▃▃▂▁▂▂▁▂▂▃▃▃
wandb:        val_f1_score ▅▅▅▅▆▆█▄▇▆▅▄▄▇▄▁▇▅▇▅▅▄▅
wandb:             val_ibs ▄▄▄▃▃▃▁▁▂▃▃▃▄█▄▂▁▂▁▂▂▄▃
wandb:            val_loss ▃▃▃▂▃▂▂▁▂▃▄▆▇█▇▁▁▂▁▁▂▄▃
wandb:       val_precision ▁▁▁▁███▇▇▇▇▇▇▇▇██▇▇▇▇█▇
wandb:          val_recall ▁▁▁▁▁▄█▄▆▅▄▄▄▆▄▃▆▃▆▄▄▄▄
wandb: 
wandb: Run summary:
wandb:               epoch 23
wandb:          test_auroc 0.53704
wandb:   test_balanced_acc 0.41667
wandb:         test_cindex 0.53222
wandb:       test_f1_score 0.10526
wandb:            test_ibs 0.1391
wandb:      test_precision 0.41039
wandb:         test_recall 0.41667
wandb:    train_loss_epoch 0.18798
wandb:     train_loss_step 0.14971
wandb: trainer/global_step 161
wandb:           val_auroc 0.64813
wandb:    val_balanced_acc 0.56827
wandb:          val_cindex 0.66119
wandb:        val_f1_score 0.375
wandb:             val_ibs 0.13709
wandb:            val_loss 0.67477
wandb:       val_precision 0.55495
wandb:          val_recall 0.56827
wandb: 
wandb: 🚀 View run text_Fold_3 at: https://wandb.ai/franciscosacouto-inesc-tec/test_encoder/runs/wh5ar47y
wandb: Synced 6 W&B file(s), 7 media file(s), 0 artifact file(s) and 0 other file(s)
wandb: Find logs at: ./wandb/run-20260303_155339-wh5ar47y/logs
