/nas-ctm01/homes/fmferreira/.conda/envs/ai4lungs/lib/python3.11/site-packages/torchmetrics/utilities/imports.py:22: UserWarning: pkg_resources is deprecated as an API. See https://setuptools.pypa.io/en/latest/pkg_resources.html. The pkg_resources package is slated for removal as early as 2025-11-30. Refrain from using this package or pin to Setuptools<81.
  from pkg_resources import DistributionNotFound, get_distribution
/nas-ctm01/homes/fmferreira/.conda/envs/ai4lungs/lib/python3.11/site-packages/timm/models/layers/__init__.py:48: FutureWarning: Importing from timm.models.layers is deprecated, please import via timm.layers
  warnings.warn(f"Importing from {__name__} is deprecated, please import via timm.layers", FutureWarning)
Cannot find primary config 'config_lung_radio_unf.yaml,'. Check that it's in your config search path.

Config search path:
	provider=hydra, path=pkg://hydra.conf
	provider=main, path=file:///nas-ctm01/homes/fmferreira/AI4LUNGS/Configs
	provider=schema, path=structured://

Set the environment variable HYDRA_FULL_ERROR=1 for a complete stack trace.
/nas-ctm01/homes/fmferreira/.conda/envs/ai4lungs/lib/python3.11/site-packages/torchmetrics/utilities/imports.py:22: UserWarning: pkg_resources is deprecated as an API. See https://setuptools.pypa.io/en/latest/pkg_resources.html. The pkg_resources package is slated for removal as early as 2025-11-30. Refrain from using this package or pin to Setuptools<81.
  from pkg_resources import DistributionNotFound, get_distribution
/nas-ctm01/homes/fmferreira/.conda/envs/ai4lungs/lib/python3.11/site-packages/timm/models/layers/__init__.py:48: FutureWarning: Importing from timm.models.layers is deprecated, please import via timm.layers
  warnings.warn(f"Importing from {__name__} is deprecated, please import via timm.layers", FutureWarning)
Cannot find primary config 'config_masked_radio_unf.yaml,'. Check that it's in your config search path.

Config search path:
	provider=hydra, path=pkg://hydra.conf
	provider=main, path=file:///nas-ctm01/homes/fmferreira/AI4LUNGS/Configs
	provider=schema, path=structured://

Set the environment variable HYDRA_FULL_ERROR=1 for a complete stack trace.
/nas-ctm01/homes/fmferreira/.conda/envs/ai4lungs/lib/python3.11/site-packages/torchmetrics/utilities/imports.py:22: UserWarning: pkg_resources is deprecated as an API. See https://setuptools.pypa.io/en/latest/pkg_resources.html. The pkg_resources package is slated for removal as early as 2025-11-30. Refrain from using this package or pin to Setuptools<81.
  from pkg_resources import DistributionNotFound, get_distribution
/nas-ctm01/homes/fmferreira/.conda/envs/ai4lungs/lib/python3.11/site-packages/timm/models/layers/__init__.py:48: FutureWarning: Importing from timm.models.layers is deprecated, please import via timm.layers
  warnings.warn(f"Importing from {__name__} is deprecated, please import via timm.layers", FutureWarning)
/nas-ctm01/homes/fmferreira/.conda/envs/ai4lungs/lib/python3.11/site-packages/lightning_fabric/plugins/environments/slurm.py:204: The `srun` command is available on your system but is not used. HINT: If your intention is to run Lightning on SLURM, prepend your python command with `srun` like so: srun python encoder_survivalhead.py --config-name config_ws_radi ...
GPU available: True (cuda), used: True
TPU available: False, using: 0 TPU cores
You are using a CUDA device ('NVIDIA A100 80GB PCIe') that has Tensor Cores. To properly utilize them, you should set `torch.set_float32_matmul_precision('medium' | 'high')` which will trade-off precision for performance. For more details, read https://pytorch.org/docs/stable/generated/torch.set_float32_matmul_precision.html#torch.set_float32_matmul_precision
/nas-ctm01/homes/fmferreira/.conda/envs/ai4lungs/lib/python3.11/site-packages/wandb/apis/public.py:3106: UserWarning: pkg_resources is deprecated as an API. See https://setuptools.pypa.io/en/latest/pkg_resources.html. The pkg_resources package is slated for removal as early as 2025-11-30. Refrain from using this package or pin to Setuptools<81.
  from pkg_resources import parse_version
wandb: Currently logged in as: franciscosacouto (franciscosacouto-inesc-tec). Use `wandb login --relogin` to force relogin
wandb: wandb version 0.24.2 is available!  To upgrade, please run:
wandb:  $ pip install wandb --upgrade
wandb: Tracking run with wandb version 0.15.2
wandb: Run data is saved locally in ./wandb/run-20260206_155203-h863x6hr
wandb: Run `wandb offline` to turn off syncing.
wandb: Syncing run ws_radio_unfrozen_Fold_1
wandb: ⭐️ View project at https://wandb.ai/franciscosacouto-inesc-tec/test_encoder
wandb: 🚀 View run at https://wandb.ai/franciscosacouto-inesc-tec/test_encoder/runs/h863x6hr
/nas-ctm01/homes/fmferreira/.conda/envs/ai4lungs/lib/python3.11/site-packages/pytorch_lightning/callbacks/model_checkpoint.py:881: Checkpoint directory /nas-ctm01/homes/fmferreira/AI4LUNGS/checkpoints/fold_00 exists and is not empty.
LOCAL_RANK: 0 - CUDA_VISIBLE_DEVICES: [0]
/nas-ctm01/homes/fmferreira/.conda/envs/ai4lungs/lib/python3.11/site-packages/pytorch_lightning/loops/fit_loop.py:317: The number of training batches (7) is smaller than the logging interval Trainer(log_every_n_steps=10). Set a lower value for log_every_n_steps if you want to see logs for the training epoch.
Restoring states from the checkpoint path at /nas-ctm01/homes/fmferreira/AI4LUNGS/checkpoints/fold_00/bestws_radio_unfrozen-epoch=06-val_loss=0.65-v3.ckpt
LOCAL_RANK: 0 - CUDA_VISIBLE_DEVICES: [0]
Loaded model weights from the checkpoint at /nas-ctm01/homes/fmferreira/AI4LUNGS/checkpoints/fold_00/bestws_radio_unfrozen-epoch=06-val_loss=0.65-v3.ckpt
wandb: Waiting for W&B process to finish... (success).
wandb: - 0.329 MB of 0.329 MB uploaded (0.000 MB deduped)wandb: \ 0.329 MB of 0.329 MB uploaded (0.000 MB deduped)wandb: | 0.329 MB of 0.329 MB uploaded (0.000 MB deduped)wandb: / 0.329 MB of 0.329 MB uploaded (0.000 MB deduped)wandb: 
wandb: Run history:
wandb:               epoch ▁▁▁▁▂▂▂▂▂▃▃▃▃▃▄▄▄▄▄▄▅▅▅▅▅▅▅▆▆▆▆▆▇▇▇▇▇▇██
wandb:          test_auroc ▁
wandb:   test_balanced_acc ▁
wandb:         test_cindex ▁
wandb:       test_f1_score ▁
wandb:            test_ibs ▁
wandb:      test_precision ▁
wandb:         test_recall ▁
wandb:    train_loss_epoch █▆▇▆▇▄▅▄▄▅▄▆▅▄▄▅▄▃▃▃▄▁
wandb:     train_loss_step █▅▆▃▅▅▃▃▄▇▇▁▅▅▁
wandb: trainer/global_step ▁▁▁▁▂▂▂▂▃▃▃▃▃▃▄▄▄▄▄▄▅▅▅▅▅▆▆▆▆▆▇▇▇▇▇▇████
wandb:           val_auroc ▄███▇▆▇▆▅▅▅▅▄▂▃▃▁▂▂▂▂▁
wandb:    val_balanced_acc ▃▃▅█▇▅▅▄▄▅▄▄▅▄▂▂▂▁▅▅▄▄
wandb:          val_cindex ▆▇▇██▇▇▇▆▆▅▅▅▃▂▁▁▂▂▃▂▂
wandb:        val_f1_score ▅▅▆█▇▅▄▂▃▄▃▃▄▂▂▂▂▁▃▃▃▃
wandb:             val_ibs █▆▅▃▂▁▁▂▂▂▂▂▁▂▃▃▃▃▃▃▃▃
wandb:            val_loss █▆▅▃▂▁▁▂▂▂▂▂▁▂▃▃▄▄▃▃▄▄
wandb:       val_precision ▁▁███▇▇▇▇▇▇▇▇▇▆▆▆▆▇▇▇▇
wandb:          val_recall ▃▃▅█▇▅▅▄▄▅▄▄▅▄▂▂▂▁▅▅▄▄
wandb: 
wandb: Run summary:
wandb:               epoch 22
wandb:          test_auroc 0.60741
wandb:   test_balanced_acc 0.59167
wandb:         test_cindex 0.56785
wandb:       test_f1_score 0.42623
wandb:            test_ibs 0.12827
wandb:      test_precision 0.56879
wandb:         test_recall 0.59167
wandb:    train_loss_epoch 0.44595
wandb:     train_loss_step 0.43797
wandb: trainer/global_step 154
wandb:           val_auroc 0.51451
wandb:    val_balanced_acc 0.52176
wandb:          val_cindex 0.50991
wandb:        val_f1_score 0.35443
wandb:             val_ibs 0.13379
wandb:            val_loss 0.67933
wandb:       val_precision 0.51643
wandb:          val_recall 0.52176
wandb: 
wandb: 🚀 View run ws_radio_unfrozen_Fold_1 at: https://wandb.ai/franciscosacouto-inesc-tec/test_encoder/runs/h863x6hr
wandb: Synced 6 W&B file(s), 7 media file(s), 0 artifact file(s) and 0 other file(s)
wandb: Find logs at: ./wandb/run-20260206_155203-h863x6hr/logs
/nas-ctm01/homes/fmferreira/.conda/envs/ai4lungs/lib/python3.11/site-packages/lightning_fabric/plugins/environments/slurm.py:204: The `srun` command is available on your system but is not used. HINT: If your intention is to run Lightning on SLURM, prepend your python command with `srun` like so: srun python encoder_survivalhead.py --config-name config_ws_radi ...
GPU available: True (cuda), used: True
TPU available: False, using: 0 TPU cores
wandb: - Waiting for wandb.init()...wandb: \ Waiting for wandb.init()...wandb: wandb version 0.24.2 is available!  To upgrade, please run:
wandb:  $ pip install wandb --upgrade
wandb: Tracking run with wandb version 0.15.2
wandb: Run data is saved locally in ./wandb/run-20260206_155256-u77d5qxh
wandb: Run `wandb offline` to turn off syncing.
wandb: Syncing run ws_radio_unfrozen_Fold_2
wandb: ⭐️ View project at https://wandb.ai/franciscosacouto-inesc-tec/test_encoder
wandb: 🚀 View run at https://wandb.ai/franciscosacouto-inesc-tec/test_encoder/runs/u77d5qxh
/nas-ctm01/homes/fmferreira/.conda/envs/ai4lungs/lib/python3.11/site-packages/pytorch_lightning/callbacks/model_checkpoint.py:881: Checkpoint directory /nas-ctm01/homes/fmferreira/AI4LUNGS/checkpoints/fold_01 exists and is not empty.
LOCAL_RANK: 0 - CUDA_VISIBLE_DEVICES: [0]
/nas-ctm01/homes/fmferreira/.conda/envs/ai4lungs/lib/python3.11/site-packages/pytorch_lightning/loops/fit_loop.py:317: The number of training batches (7) is smaller than the logging interval Trainer(log_every_n_steps=10). Set a lower value for log_every_n_steps if you want to see logs for the training epoch.
Restoring states from the checkpoint path at /nas-ctm01/homes/fmferreira/AI4LUNGS/checkpoints/fold_01/bestws_radio_unfrozen-epoch=09-val_loss=0.66-v3.ckpt
LOCAL_RANK: 0 - CUDA_VISIBLE_DEVICES: [0]
Loaded model weights from the checkpoint at /nas-ctm01/homes/fmferreira/AI4LUNGS/checkpoints/fold_01/bestws_radio_unfrozen-epoch=09-val_loss=0.66-v3.ckpt
wandb: Waiting for W&B process to finish... (success).
wandb: - 0.330 MB of 0.376 MB uploaded (0.000 MB deduped)wandb: \ 0.330 MB of 0.376 MB uploaded (0.000 MB deduped)wandb: | 0.330 MB of 0.376 MB uploaded (0.000 MB deduped)wandb: 
wandb: Run history:
wandb:               epoch ▁▁▁▂▂▂▂▂▂▂▃▃▃▃▄▄▄▄▄▄▄▅▅▅▅▅▅▆▆▆▆▆▇▇▇▇▇▇██
wandb:          test_auroc ▁
wandb:   test_balanced_acc ▁
wandb:         test_cindex ▁
wandb:       test_f1_score ▁
wandb:            test_ibs ▁
wandb:      test_precision ▁
wandb:         test_recall ▁
wandb:    train_loss_epoch █▇▅▇▆▆▇▆▇▇▅▆▅▅▄▅▄▂▄▃▄▁▁▂▂
wandb:     train_loss_step ▇▅▇▅▄▆█▇▆▇█▂▅▃▂▅▁
wandb: trainer/global_step ▁▁▁▂▂▂▂▂▂▂▃▃▃▃▄▄▄▄▄▄▄▅▅▅▅▆▆▆▆▆▇▇▇▇▇▇████
wandb:           val_auroc ██▇▆▇█▇▇▆▆▆▆▇▆▆▅▅▅▅▂▂▁▂▃▁
wandb:    val_balanced_acc ▄▄▅▅▂▅▅▄▅▇▇▆▅▅▄▄█▆▆▄▄▅▃▄▁
wandb:          val_cindex ██▆▆▇▇▇▇▆▅▄▅▇▆▆▅▅▅▅▄▃▃▄▃▁
wandb:        val_f1_score ███▇▆▆▇▆▆▇▇▆▆▆▆▅▇▆▆▅▅▅▃▅▁
wandb:             val_ibs ▄▄▄▄▃▃▂▂▂▁▁▂▃▃▃▂▂▄▆▆▅▄▅█▄
wandb:            val_loss ▄▄▃▃▃▂▂▂▂▁▁▂▃▃▃▂▂▃▆▅▄▄▄█▄
wandb:       val_precision ▁▁█▆▆▆▆▆▆▇▇▆▆▆▆▆▇▆▆▆▆▆▆▆▆
wandb:          val_recall ▄▄▅▅▂▅▅▄▅▇▇▆▅▅▄▄█▆▆▄▄▅▃▄▁
wandb: 
wandb: Run summary:
wandb:               epoch 25
wandb:          test_auroc 0.62222
wandb:   test_balanced_acc 0.58333
wandb:         test_cindex 0.58605
wandb:       test_f1_score 0.41935
wandb:            test_ibs 0.12683
wandb:      test_precision 0.56266
wandb:         test_recall 0.58333
wandb:    train_loss_epoch 0.43457
wandb:     train_loss_step 0.31626
wandb: trainer/global_step 175
wandb:           val_auroc 0.46705
wandb:    val_balanced_acc 0.46065
wandb:          val_cindex 0.47567
wandb:        val_f1_score 0.24615
wandb:             val_ibs 0.14564
wandb:            val_loss 0.71885
wandb:       val_precision 0.46758
wandb:          val_recall 0.46065
wandb: 
wandb: 🚀 View run ws_radio_unfrozen_Fold_2 at: https://wandb.ai/franciscosacouto-inesc-tec/test_encoder/runs/u77d5qxh
wandb: Synced 6 W&B file(s), 7 media file(s), 0 artifact file(s) and 0 other file(s)
wandb: Find logs at: ./wandb/run-20260206_155256-u77d5qxh/logs
/nas-ctm01/homes/fmferreira/.conda/envs/ai4lungs/lib/python3.11/site-packages/lightning_fabric/plugins/environments/slurm.py:204: The `srun` command is available on your system but is not used. HINT: If your intention is to run Lightning on SLURM, prepend your python command with `srun` like so: srun python encoder_survivalhead.py --config-name config_ws_radi ...
GPU available: True (cuda), used: True
TPU available: False, using: 0 TPU cores
wandb: - Waiting for wandb.init()...wandb: \ Waiting for wandb.init()...wandb: wandb version 0.24.2 is available!  To upgrade, please run:
wandb:  $ pip install wandb --upgrade
wandb: Tracking run with wandb version 0.15.2
wandb: Run data is saved locally in ./wandb/run-20260206_155354-izhydf8k
wandb: Run `wandb offline` to turn off syncing.
wandb: Syncing run ws_radio_unfrozen_Fold_3
wandb: ⭐️ View project at https://wandb.ai/franciscosacouto-inesc-tec/test_encoder
wandb: 🚀 View run at https://wandb.ai/franciscosacouto-inesc-tec/test_encoder/runs/izhydf8k
/nas-ctm01/homes/fmferreira/.conda/envs/ai4lungs/lib/python3.11/site-packages/pytorch_lightning/callbacks/model_checkpoint.py:881: Checkpoint directory /nas-ctm01/homes/fmferreira/AI4LUNGS/checkpoints/fold_02 exists and is not empty.
LOCAL_RANK: 0 - CUDA_VISIBLE_DEVICES: [0]
/nas-ctm01/homes/fmferreira/.conda/envs/ai4lungs/lib/python3.11/site-packages/pytorch_lightning/loops/fit_loop.py:317: The number of training batches (7) is smaller than the logging interval Trainer(log_every_n_steps=10). Set a lower value for log_every_n_steps if you want to see logs for the training epoch.
Restoring states from the checkpoint path at /nas-ctm01/homes/fmferreira/AI4LUNGS/checkpoints/fold_02/bestws_radio_unfrozen-epoch=10-val_loss=0.62-v3.ckpt
LOCAL_RANK: 0 - CUDA_VISIBLE_DEVICES: [0]
Loaded model weights from the checkpoint at /nas-ctm01/homes/fmferreira/AI4LUNGS/checkpoints/fold_02/bestws_radio_unfrozen-epoch=10-val_loss=0.62-v3.ckpt
wandb: Waiting for W&B process to finish... (success).
wandb: 
wandb: Run history:
wandb:               epoch ▁▁▁▂▂▂▂▂▂▃▃▃▃▃▃▃▄▄▄▄▅▅▅▅▅▅▆▆▆▆▆▆▇▇▇▇▇▇██
wandb:          test_auroc ▁
wandb:   test_balanced_acc ▁
wandb:         test_cindex ▁
wandb:       test_f1_score ▁
wandb:            test_ibs ▁
wandb:      test_precision ▁
wandb:         test_recall ▁
wandb:    train_loss_epoch █▇▅▅▆▅▅▅▇▅▄▅▄▅▃▂▂▃▂▂▃▂▂▁▁▃
wandb:     train_loss_step ▅█▇▆▆▇█▅▄▄▃▆▁▅▆▆▇▂
wandb: trainer/global_step ▁▁▁▂▂▂▂▂▂▃▃▃▃▄▄▄▄▄▄▅▅▅▅▅▅▅▆▆▆▆▇▇▇▇▇▇████
wandb:           val_auroc ▆███▆▄▅▅▄▄▄▂▂▂▁▁▁▁▁▂▁▁▁▂▂▁
wandb:    val_balanced_acc ▅██▆▆▅▅▅▃▃▄▂▃▄▄▄▄▃▃▁▁▁▄▂▂▃
wandb:          val_cindex ████▇▇▇▆▅▅▄▃▃▄▃▃▂▃▂▂▂▁▁▂▃▃
wandb:        val_f1_score ▇██▆▆▆▄▅▁▂▂▁▁▂▂▂▂▂▂▃▃▃▄▂▂▁
wandb:             val_ibs ▃▂▂▁▁▁▁▂▂▁▂▃▂▂▃▃▄▄▅▇█▇▆▅▅▆
wandb:            val_loss ▃▃▃▂▂▂▂▃▃▁▁▂▃▂▃▃▄▄▅▇██▆▆▅▅
wandb:       val_precision █▆▆▅▅▄▄▄▂▃▃▂▂▃▃▃▃▃▂▁▁▁▃▂▂▂
wandb:          val_recall ▅██▆▆▅▅▅▃▃▄▂▃▄▄▄▄▃▃▁▁▁▄▂▂▃
wandb: 
wandb: Run summary:
wandb:               epoch 26
wandb:          test_auroc 0.56852
wandb:   test_balanced_acc 0.55
wandb:         test_cindex 0.56179
wandb:       test_f1_score 0.34783
wandb:            test_ibs 0.12356
wandb:      test_precision 0.54274
wandb:         test_recall 0.55
wandb:    train_loss_epoch 0.50129
wandb:     train_loss_step 0.42285
wandb: trainer/global_step 182
wandb:           val_auroc 0.45946
wandb:    val_balanced_acc 0.47837
wandb:          val_cindex 0.49895
wandb:        val_f1_score 0.24138
wandb:             val_ibs 0.13894
wandb:            val_loss 0.66027
wandb:       val_precision 0.481
wandb:          val_recall 0.47837
wandb: 
wandb: 🚀 View run ws_radio_unfrozen_Fold_3 at: https://wandb.ai/franciscosacouto-inesc-tec/test_encoder/runs/izhydf8k
wandb: Synced 6 W&B file(s), 8 media file(s), 0 artifact file(s) and 0 other file(s)
wandb: Find logs at: ./wandb/run-20260206_155354-izhydf8k/logs
