/nas-ctm01/homes/fmferreira/.conda/envs/ai4lungs/lib/python3.11/site-packages/torchmetrics/utilities/imports.py:22: UserWarning: pkg_resources is deprecated as an API. See https://setuptools.pypa.io/en/latest/pkg_resources.html. The pkg_resources package is slated for removal as early as 2025-11-30. Refrain from using this package or pin to Setuptools<81.
  from pkg_resources import DistributionNotFound, get_distribution
/nas-ctm01/homes/fmferreira/.conda/envs/ai4lungs/lib/python3.11/site-packages/timm/models/layers/__init__.py:48: FutureWarning: Importing from timm.models.layers is deprecated, please import via timm.layers
  warnings.warn(f"Importing from {__name__} is deprecated, please import via timm.layers", FutureWarning)
/nas-ctm01/homes/fmferreira/.conda/envs/ai4lungs/lib/python3.11/site-packages/torch/utils/checkpoint.py:429: UserWarning: torch.utils.checkpoint: please pass in use_reentrant=True or use_reentrant=False explicitly. The default value of use_reentrant will be updated to be False in the future. To maintain current behavior, pass use_reentrant=True. It is recommended that you use use_reentrant=False. Refer to docs for more details on the differences between the two variants.
  warnings.warn(
/nas-ctm01/homes/fmferreira/.conda/envs/ai4lungs/lib/python3.11/site-packages/torch/utils/checkpoint.py:61: UserWarning: None of the inputs have requires_grad=True. Gradients will be None
  warnings.warn(
/nas-ctm01/homes/fmferreira/.conda/envs/ai4lungs/lib/python3.11/site-packages/lightning_fabric/plugins/environments/slurm.py:204: The `srun` command is available on your system but is not used. HINT: If your intention is to run Lightning on SLURM, prepend your python command with `srun` like so: srun python encoder_survivalhead.py --config-name config_ws.yaml ...
GPU available: True (cuda), used: True
TPU available: False, using: 0 TPU cores
You are using a CUDA device ('NVIDIA A100 80GB PCIe') that has Tensor Cores. To properly utilize them, you should set `torch.set_float32_matmul_precision('medium' | 'high')` which will trade-off precision for performance. For more details, read https://pytorch.org/docs/stable/generated/torch.set_float32_matmul_precision.html#torch.set_float32_matmul_precision
/nas-ctm01/homes/fmferreira/.conda/envs/ai4lungs/lib/python3.11/site-packages/wandb/apis/public.py:3106: UserWarning: pkg_resources is deprecated as an API. See https://setuptools.pypa.io/en/latest/pkg_resources.html. The pkg_resources package is slated for removal as early as 2025-11-30. Refrain from using this package or pin to Setuptools<81.
  from pkg_resources import parse_version
wandb: Currently logged in as: franciscosacouto (franciscosacouto-inesc-tec). Use `wandb login --relogin` to force relogin
wandb: - Waiting for wandb.init()...wandb: \ Waiting for wandb.init()...wandb: wandb version 0.25.0 is available!  To upgrade, please run:
wandb:  $ pip install wandb --upgrade
wandb: Tracking run with wandb version 0.15.2
wandb: Run data is saved locally in ./wandb/run-20260306_141332-sczonyuq
wandb: Run `wandb offline` to turn off syncing.
wandb: Syncing run multimodal_Fold_1
wandb: ⭐️ View project at https://wandb.ai/franciscosacouto-inesc-tec/test_encoder
wandb: 🚀 View run at https://wandb.ai/franciscosacouto-inesc-tec/test_encoder/runs/sczonyuq
/nas-ctm01/homes/fmferreira/.conda/envs/ai4lungs/lib/python3.11/site-packages/pytorch_lightning/callbacks/model_checkpoint.py:881: Checkpoint directory /nas-ctm01/homes/fmferreira/AI4LUNGS/checkpoints/fold_00 exists and is not empty.
LOCAL_RANK: 0 - CUDA_VISIBLE_DEVICES: [0]
/nas-ctm01/homes/fmferreira/.conda/envs/ai4lungs/lib/python3.11/site-packages/torch/utils/checkpoint.py:429: UserWarning: torch.utils.checkpoint: please pass in use_reentrant=True or use_reentrant=False explicitly. The default value of use_reentrant will be updated to be False in the future. To maintain current behavior, pass use_reentrant=True. It is recommended that you use use_reentrant=False. Refer to docs for more details on the differences between the two variants.
  warnings.warn(
/nas-ctm01/homes/fmferreira/.conda/envs/ai4lungs/lib/python3.11/site-packages/torch/utils/checkpoint.py:61: UserWarning: None of the inputs have requires_grad=True. Gradients will be None
  warnings.warn(
/nas-ctm01/homes/fmferreira/.conda/envs/ai4lungs/lib/python3.11/site-packages/pytorch_lightning/utilities/data.py:79: Trying to infer the `batch_size` from an ambiguous collection. The batch size we found is 32. To avoid any miscalculations, use `self.log(..., batch_size=batch_size)`.
/nas-ctm01/homes/fmferreira/.conda/envs/ai4lungs/lib/python3.11/site-packages/pytorch_lightning/loops/fit_loop.py:317: The number of training batches (7) is smaller than the logging interval Trainer(log_every_n_steps=10). Set a lower value for log_every_n_steps if you want to see logs for the training epoch.
/nas-ctm01/homes/fmferreira/.conda/envs/ai4lungs/lib/python3.11/site-packages/pytorch_lightning/loops/fit_loop.py:534: Found 164 module(s) in eval mode at the start of training. This may lead to unexpected behavior during training. If this is intentional, you can ignore this warning.
/nas-ctm01/homes/fmferreira/.conda/envs/ai4lungs/lib/python3.11/site-packages/torch/utils/checkpoint.py:429: UserWarning: torch.utils.checkpoint: please pass in use_reentrant=True or use_reentrant=False explicitly. The default value of use_reentrant will be updated to be False in the future. To maintain current behavior, pass use_reentrant=True. It is recommended that you use use_reentrant=False. Refer to docs for more details on the differences between the two variants.
  warnings.warn(
/nas-ctm01/homes/fmferreira/.conda/envs/ai4lungs/lib/python3.11/site-packages/pytorch_lightning/utilities/data.py:79: Trying to infer the `batch_size` from an ambiguous collection. The batch size we found is 21. To avoid any miscalculations, use `self.log(..., batch_size=batch_size)`.
/nas-ctm01/homes/fmferreira/.conda/envs/ai4lungs/lib/python3.11/site-packages/torch/utils/checkpoint.py:61: UserWarning: None of the inputs have requires_grad=True. Gradients will be None
  warnings.warn(
/nas-ctm01/homes/fmferreira/.conda/envs/ai4lungs/lib/python3.11/site-packages/pytorch_lightning/utilities/data.py:79: Trying to infer the `batch_size` from an ambiguous collection. The batch size we found is 11. To avoid any miscalculations, use `self.log(..., batch_size=batch_size)`.
/nas-ctm01/homes/fmferreira/.conda/envs/ai4lungs/lib/python3.11/site-packages/torch/utils/checkpoint.py:429: UserWarning: torch.utils.checkpoint: please pass in use_reentrant=True or use_reentrant=False explicitly. The default value of use_reentrant will be updated to be False in the future. To maintain current behavior, pass use_reentrant=True. It is recommended that you use use_reentrant=False. Refer to docs for more details on the differences between the two variants.
  warnings.warn(
/nas-ctm01/homes/fmferreira/.conda/envs/ai4lungs/lib/python3.11/site-packages/torch/utils/checkpoint.py:61: UserWarning: None of the inputs have requires_grad=True. Gradients will be None
  warnings.warn(
/nas-ctm01/homes/fmferreira/.conda/envs/ai4lungs/lib/python3.11/site-packages/torch/utils/checkpoint.py:429: UserWarning: torch.utils.checkpoint: please pass in use_reentrant=True or use_reentrant=False explicitly. The default value of use_reentrant will be updated to be False in the future. To maintain current behavior, pass use_reentrant=True. It is recommended that you use use_reentrant=False. Refer to docs for more details on the differences between the two variants.
  warnings.warn(
/nas-ctm01/homes/fmferreira/.conda/envs/ai4lungs/lib/python3.11/site-packages/torch/utils/checkpoint.py:61: UserWarning: None of the inputs have requires_grad=True. Gradients will be None
  warnings.warn(
/nas-ctm01/homes/fmferreira/.conda/envs/ai4lungs/lib/python3.11/site-packages/torch/utils/checkpoint.py:429: UserWarning: torch.utils.checkpoint: please pass in use_reentrant=True or use_reentrant=False explicitly. The default value of use_reentrant will be updated to be False in the future. To maintain current behavior, pass use_reentrant=True. It is recommended that you use use_reentrant=False. Refer to docs for more details on the differences between the two variants.
  warnings.warn(
/nas-ctm01/homes/fmferreira/.conda/envs/ai4lungs/lib/python3.11/site-packages/torch/utils/checkpoint.py:61: UserWarning: None of the inputs have requires_grad=True. Gradients will be None
  warnings.warn(
/nas-ctm01/homes/fmferreira/.conda/envs/ai4lungs/lib/python3.11/site-packages/torch/utils/checkpoint.py:429: UserWarning: torch.utils.checkpoint: please pass in use_reentrant=True or use_reentrant=False explicitly. The default value of use_reentrant will be updated to be False in the future. To maintain current behavior, pass use_reentrant=True. It is recommended that you use use_reentrant=False. Refer to docs for more details on the differences between the two variants.
  warnings.warn(
/nas-ctm01/homes/fmferreira/.conda/envs/ai4lungs/lib/python3.11/site-packages/torch/utils/checkpoint.py:61: UserWarning: None of the inputs have requires_grad=True. Gradients will be None
  warnings.warn(
/nas-ctm01/homes/fmferreira/.conda/envs/ai4lungs/lib/python3.11/site-packages/torch/utils/checkpoint.py:429: UserWarning: torch.utils.checkpoint: please pass in use_reentrant=True or use_reentrant=False explicitly. The default value of use_reentrant will be updated to be False in the future. To maintain current behavior, pass use_reentrant=True. It is recommended that you use use_reentrant=False. Refer to docs for more details on the differences between the two variants.
  warnings.warn(
/nas-ctm01/homes/fmferreira/.conda/envs/ai4lungs/lib/python3.11/site-packages/torch/utils/checkpoint.py:61: UserWarning: None of the inputs have requires_grad=True. Gradients will be None
  warnings.warn(
Restoring states from the checkpoint path at /nas-ctm01/homes/fmferreira/AI4LUNGS/checkpoints/fold_00/bestmultimodal-epoch=10-val_loss=0.54.ckpt
LOCAL_RANK: 0 - CUDA_VISIBLE_DEVICES: [0]
Loaded model weights from the checkpoint at /nas-ctm01/homes/fmferreira/AI4LUNGS/checkpoints/fold_00/bestmultimodal-epoch=10-val_loss=0.54.ckpt
/nas-ctm01/homes/fmferreira/.conda/envs/ai4lungs/lib/python3.11/site-packages/torch/utils/checkpoint.py:429: UserWarning: torch.utils.checkpoint: please pass in use_reentrant=True or use_reentrant=False explicitly. The default value of use_reentrant will be updated to be False in the future. To maintain current behavior, pass use_reentrant=True. It is recommended that you use use_reentrant=False. Refer to docs for more details on the differences between the two variants.
  warnings.warn(
/nas-ctm01/homes/fmferreira/.conda/envs/ai4lungs/lib/python3.11/site-packages/torch/utils/checkpoint.py:61: UserWarning: None of the inputs have requires_grad=True. Gradients will be None
  warnings.warn(
wandb: Waiting for W&B process to finish... (success).
wandb: - 0.355 MB of 0.355 MB uploaded (0.000 MB deduped)wandb: \ 0.355 MB of 0.355 MB uploaded (0.000 MB deduped)wandb: | 0.355 MB of 0.355 MB uploaded (0.000 MB deduped)wandb: / 0.355 MB of 0.355 MB uploaded (0.000 MB deduped)wandb: - 0.355 MB of 0.355 MB uploaded (0.000 MB deduped)wandb: \ 0.355 MB of 0.355 MB uploaded (0.000 MB deduped)wandb: | 0.355 MB of 0.355 MB uploaded (0.000 MB deduped)wandb: / 0.355 MB of 0.355 MB uploaded (0.000 MB deduped)wandb: - 0.355 MB of 0.355 MB uploaded (0.000 MB deduped)wandb: \ 0.355 MB of 0.355 MB uploaded (0.000 MB deduped)wandb: 
wandb: Run history:
wandb:               epoch ▁▁▁▂▂▂▂▂▂▃▃▃▃▃▃▃▄▄▄▄▅▅▅▅▅▅▆▆▆▆▆▆▇▇▇▇▇▇██
wandb:          test_auroc ▁
wandb:   test_balanced_acc ▁
wandb:         test_cindex ▁
wandb:       test_f1_score ▁
wandb:            test_ibs ▁
wandb:      test_precision ▁
wandb:         test_recall ▁
wandb:    train_loss_epoch ▃▃▃█▂▂▂▂▂▂▂▂▂▂▂▁▂▂▂▂▁▁▁▁▁▁
wandb:     train_loss_step ▆▆█▇▆▅▆▄▅▅▅▅▄▃▄▄▃▁
wandb: trainer/global_step ▁▁▁▂▂▂▂▂▂▃▃▃▃▄▄▄▄▄▄▅▅▅▅▅▅▅▆▆▆▆▇▇▇▇▇▇████
wandb:           val_auroc ▁▁▁▃▃▄▅▆▇▇▇▇▇███▇▆▆▆▆▆▇▇▆▆
wandb:    val_balanced_acc ▂▄▆▄▇▆▆██▇▆▆▆▇█▄▄▂▂▁▂▄▅▄▃▄
wandb:          val_cindex ▂▄▂▅▆▆███▇▆▆▆▇▇▇▅▂▁▁▂▂▄▄▃▃
wandb:        val_f1_score ▇▇▇▇█▇▇███▇▇▇██▅▄▂▂▁▄▆▆▅▅▄
wandb:             val_ibs ▇▆▅▄▄▄▃▂▁▁▁▁▁▂▂▃▆█▇▆▅▇▆▇▇█
wandb:            val_loss ▂▂▁▁▁▁▁▁▁▁▁▁▁▁▁▂▃▃▃▃▂▃▃▄▄█
wandb:       val_precision ▁██▇██▇███▇▇▇██▇▇▆▆▅▆▇▇▇▇▇
wandb:          val_recall ▂▄▆▄▇▆▆██▇▆▆▆▇█▄▄▂▂▁▂▄▅▄▃▄
wandb: 
wandb: Run summary:
wandb:               epoch 26
wandb:          test_auroc 0.70185
wandb:   test_balanced_acc 0.625
wandb:         test_cindex 0.69598
wandb:       test_f1_score 0.44444
wandb:            test_ibs 0.10681
wandb:      test_precision 0.60909
wandb:         test_recall 0.625
wandb:    train_loss_epoch -0.01235
wandb:     train_loss_step -0.15047
wandb: trainer/global_step 182
wandb:           val_auroc 0.63864
wandb:    val_balanced_acc 0.53657
wandb:          val_cindex 0.59249
wandb:        val_f1_score 0.21622
wandb:             val_ibs 0.15045
wandb:            val_loss 2.66822
wandb:       val_precision 0.58144
wandb:          val_recall 0.53657
wandb: 
wandb: 🚀 View run multimodal_Fold_1 at: https://wandb.ai/franciscosacouto-inesc-tec/test_encoder/runs/sczonyuq
wandb: Synced 6 W&B file(s), 8 media file(s), 0 artifact file(s) and 0 other file(s)
wandb: Find logs at: ./wandb/run-20260306_141332-sczonyuq/logs
/nas-ctm01/homes/fmferreira/.conda/envs/ai4lungs/lib/python3.11/site-packages/lightning_fabric/plugins/environments/slurm.py:204: The `srun` command is available on your system but is not used. HINT: If your intention is to run Lightning on SLURM, prepend your python command with `srun` like so: srun python encoder_survivalhead.py --config-name config_ws.yaml ...
GPU available: True (cuda), used: True
TPU available: False, using: 0 TPU cores
wandb: - Waiting for wandb.init()...wandb: \ Waiting for wandb.init()...wandb: wandb version 0.25.0 is available!  To upgrade, please run:
wandb:  $ pip install wandb --upgrade
wandb: Tracking run with wandb version 0.15.2
wandb: Run data is saved locally in ./wandb/run-20260306_145500-r31c755m
wandb: Run `wandb offline` to turn off syncing.
wandb: Syncing run multimodal_Fold_2
wandb: ⭐️ View project at https://wandb.ai/franciscosacouto-inesc-tec/test_encoder
wandb: 🚀 View run at https://wandb.ai/franciscosacouto-inesc-tec/test_encoder/runs/r31c755m
/nas-ctm01/homes/fmferreira/.conda/envs/ai4lungs/lib/python3.11/site-packages/pytorch_lightning/callbacks/model_checkpoint.py:881: Checkpoint directory /nas-ctm01/homes/fmferreira/AI4LUNGS/checkpoints/fold_01 exists and is not empty.
LOCAL_RANK: 0 - CUDA_VISIBLE_DEVICES: [0]
/nas-ctm01/homes/fmferreira/.conda/envs/ai4lungs/lib/python3.11/site-packages/torch/utils/checkpoint.py:429: UserWarning: torch.utils.checkpoint: please pass in use_reentrant=True or use_reentrant=False explicitly. The default value of use_reentrant will be updated to be False in the future. To maintain current behavior, pass use_reentrant=True. It is recommended that you use use_reentrant=False. Refer to docs for more details on the differences between the two variants.
  warnings.warn(
/nas-ctm01/homes/fmferreira/.conda/envs/ai4lungs/lib/python3.11/site-packages/torch/utils/checkpoint.py:61: UserWarning: None of the inputs have requires_grad=True. Gradients will be None
  warnings.warn(
/nas-ctm01/homes/fmferreira/.conda/envs/ai4lungs/lib/python3.11/site-packages/pytorch_lightning/loops/fit_loop.py:317: The number of training batches (7) is smaller than the logging interval Trainer(log_every_n_steps=10). Set a lower value for log_every_n_steps if you want to see logs for the training epoch.
/nas-ctm01/homes/fmferreira/.conda/envs/ai4lungs/lib/python3.11/site-packages/pytorch_lightning/loops/fit_loop.py:534: Found 164 module(s) in eval mode at the start of training. This may lead to unexpected behavior during training. If this is intentional, you can ignore this warning.
/nas-ctm01/homes/fmferreira/.conda/envs/ai4lungs/lib/python3.11/site-packages/torch/utils/checkpoint.py:429: UserWarning: torch.utils.checkpoint: please pass in use_reentrant=True or use_reentrant=False explicitly. The default value of use_reentrant will be updated to be False in the future. To maintain current behavior, pass use_reentrant=True. It is recommended that you use use_reentrant=False. Refer to docs for more details on the differences between the two variants.
  warnings.warn(
/nas-ctm01/homes/fmferreira/.conda/envs/ai4lungs/lib/python3.11/site-packages/torch/utils/checkpoint.py:61: UserWarning: None of the inputs have requires_grad=True. Gradients will be None
  warnings.warn(
/nas-ctm01/homes/fmferreira/.conda/envs/ai4lungs/lib/python3.11/site-packages/torch/utils/checkpoint.py:429: UserWarning: torch.utils.checkpoint: please pass in use_reentrant=True or use_reentrant=False explicitly. The default value of use_reentrant will be updated to be False in the future. To maintain current behavior, pass use_reentrant=True. It is recommended that you use use_reentrant=False. Refer to docs for more details on the differences between the two variants.
  warnings.warn(
/nas-ctm01/homes/fmferreira/.conda/envs/ai4lungs/lib/python3.11/site-packages/torch/utils/checkpoint.py:61: UserWarning: None of the inputs have requires_grad=True. Gradients will be None
  warnings.warn(
Error executing job with overrides: []
Exception in thread OutRawRd-stderr:
Traceback (most recent call last):
  File "/nas-ctm01/homes/fmferreira/.conda/envs/ai4lungs/lib/python3.11/threading.py", line 1045, in _bootstrap_inner
    self.run()
  File "/nas-ctm01/homes/fmferreira/.conda/envs/ai4lungs/lib/python3.11/threading.py", line 982, in run
    self._target(*self._args, **self._kwargs)
  File "/nas-ctm01/homes/fmferreira/.conda/envs/ai4lungs/lib/python3.11/site-packages/wandb/sdk/internal/sender.py", line 1229, in _output_raw_reader_thread
    self._output_raw_flush(stream)
  File "/nas-ctm01/homes/fmferreira/.conda/envs/ai4lungs/lib/python3.11/site-packages/wandb/sdk/internal/sender.py", line 1244, in _output_raw_flush
    self._output_raw_file.write(data.encode("utf-8"))
  File "/nas-ctm01/homes/fmferreira/.conda/envs/ai4lungs/lib/python3.11/site-packages/wandb/sdk/lib/filesystem.py", line 79, in write
    super().write(b"\n".join(ret) + b"\n")
  File "/nas-ctm01/homes/fmferreira/.conda/envs/ai4lungs/lib/python3.11/site-packages/wandb/sdk/lib/filesystem.py", line 46, in write
    self.f.flush()
OSError: [Errno 122] Disk quota exceeded
Traceback (most recent call last):
  File "/nas-ctm01/homes/fmferreira/.conda/envs/ai4lungs/lib/python3.11/shutil.py", line 853, in move
    os.rename(src, real_dst)
OSError: [Errno 18] Invalid cross-device link: '/tmp/tmp2edxqz2j' -> '/nas-ctm01/homes/fmferreira/AI4LUNGS/checkpoints/fold_01/bestmultimodal-epoch=01-val_loss=0.64.ckpt'

During handling of the above exception, another exception occurred:

Traceback (most recent call last):
  File "/nas-ctm01/homes/fmferreira/AI4LUNGS/encoder_survivalhead.py", line 297, in main
    current_trainer.fit(lightning_model, dataloader_train, dataloader_val)
  File "/nas-ctm01/homes/fmferreira/.conda/envs/ai4lungs/lib/python3.11/site-packages/pytorch_lightning/trainer/trainer.py", line 584, in fit
    call._call_and_handle_interrupt(
  File "/nas-ctm01/homes/fmferreira/.conda/envs/ai4lungs/lib/python3.11/site-packages/pytorch_lightning/trainer/call.py", line 49, in _call_and_handle_interrupt
    return trainer_fn(*args, **kwargs)
           ^^^^^^^^^^^^^^^^^^^^^^^^^^^
  File "/nas-ctm01/homes/fmferreira/.conda/envs/ai4lungs/lib/python3.11/site-packages/pytorch_lightning/trainer/trainer.py", line 630, in _fit_impl
    self._run(model, ckpt_path=ckpt_path, w