/nas-ctm01/homes/fmferreira/.conda/envs/ai4lungs/lib/python3.11/site-packages/torchmetrics/utilities/imports.py:22: UserWarning: pkg_resources is deprecated as an API. See https://setuptools.pypa.io/en/latest/pkg_resources.html. The pkg_resources package is slated for removal as early as 2025-11-30. Refrain from using this package or pin to Setuptools<81.
  from pkg_resources import DistributionNotFound, get_distribution
/nas-ctm01/homes/fmferreira/.conda/envs/ai4lungs/lib/python3.11/site-packages/timm/models/layers/__init__.py:48: FutureWarning: Importing from timm.models.layers is deprecated, please import via timm.layers
  warnings.warn(f"Importing from {__name__} is deprecated, please import via timm.layers", FutureWarning)
/nas-ctm01/homes/fmferreira/.conda/envs/ai4lungs/lib/python3.11/site-packages/lightning_fabric/plugins/environments/slurm.py:204: The `srun` command is available on your system but is not used. HINT: If your intention is to run Lightning on SLURM, prepend your python command with `srun` like so: srun python encoder_survivalhead.py --config-name config_lung_ra ...
GPU available: True (cuda), used: True
TPU available: False, using: 0 TPU cores
You are using a CUDA device ('NVIDIA A100 80GB PCIe') that has Tensor Cores. To properly utilize them, you should set `torch.set_float32_matmul_precision('medium' | 'high')` which will trade-off precision for performance. For more details, read https://pytorch.org/docs/stable/generated/torch.set_float32_matmul_precision.html#torch.set_float32_matmul_precision
/nas-ctm01/homes/fmferreira/.conda/envs/ai4lungs/lib/python3.11/site-packages/wandb/apis/public.py:3106: UserWarning: pkg_resources is deprecated as an API. See https://setuptools.pypa.io/en/latest/pkg_resources.html. The pkg_resources package is slated for removal as early as 2025-11-30. Refrain from using this package or pin to Setuptools<81.
  from pkg_resources import parse_version
wandb: Currently logged in as: franciscosacouto (franciscosacouto-inesc-tec). Use `wandb login --relogin` to force relogin
wandb: wandb version 0.24.2 is available!  To upgrade, please run:
wandb:  $ pip install wandb --upgrade
wandb: Tracking run with wandb version 0.15.2
wandb: Run data is saved locally in ./wandb/run-20260206_162415-h8f6tshg
wandb: Run `wandb offline` to turn off syncing.
wandb: Syncing run lung_radio_frozen_Fold_1
wandb: ⭐️ View project at https://wandb.ai/franciscosacouto-inesc-tec/test_encoder
wandb: 🚀 View run at https://wandb.ai/franciscosacouto-inesc-tec/test_encoder/runs/h8f6tshg
/nas-ctm01/homes/fmferreira/.conda/envs/ai4lungs/lib/python3.11/site-packages/pytorch_lightning/callbacks/model_checkpoint.py:881: Checkpoint directory /nas-ctm01/homes/fmferreira/AI4LUNGS/checkpoints/fold_00 exists and is not empty.
LOCAL_RANK: 0 - CUDA_VISIBLE_DEVICES: [0]
/nas-ctm01/homes/fmferreira/.conda/envs/ai4lungs/lib/python3.11/site-packages/pytorch_lightning/loops/fit_loop.py:317: The number of training batches (7) is smaller than the logging interval Trainer(log_every_n_steps=10). Set a lower value for log_every_n_steps if you want to see logs for the training epoch.
/nas-ctm01/homes/fmferreira/.conda/envs/ai4lungs/lib/python3.11/site-packages/pytorch_lightning/loops/fit_loop.py:534: Found 276 module(s) in eval mode at the start of training. This may lead to unexpected behavior during training. If this is intentional, you can ignore this warning.
Restoring states from the checkpoint path at /nas-ctm01/homes/fmferreira/AI4LUNGS/checkpoints/fold_00/bestlung_radio_frozen-epoch=11-val_loss=0.64-v2.ckpt
LOCAL_RANK: 0 - CUDA_VISIBLE_DEVICES: [0]
Loaded model weights from the checkpoint at /nas-ctm01/homes/fmferreira/AI4LUNGS/checkpoints/fold_00/bestlung_radio_frozen-epoch=11-val_loss=0.64-v2.ckpt
wandb: Waiting for W&B process to finish... (success).
wandb: 
wandb: Run history:
wandb:               epoch ▁▁▁▂▂▂▂▂▂▃▃▃▃▃▃▄▄▄▄▄▄▅▅▅▅▅▆▆▆▆▆▆▇▇▇▇▇▇██
wandb:          test_auroc ▁
wandb:   test_balanced_acc ▁
wandb:         test_cindex ▁
wandb:       test_f1_score ▁
wandb:            test_ibs ▁
wandb:      test_precision ▁
wandb:         test_recall ▁
wandb:    train_loss_epoch █▆▆▅▆▃▄▃▃▄▃▅▅▃▃▅▄▂▃▃▄▂▁▃▃▁▃
wandb:     train_loss_step █▆▆▃▆▅▃▄▄▇▇▃▆▅▄▂▄▁
wandb: trainer/global_step ▁▁▁▂▂▂▂▂▂▃▃▃▃▃▃▄▄▄▄▄▅▅▅▅▅▆▆▆▆▆▆▇▇▇▇▇████
wandb:           val_auroc ▁▇▇▇█▅▆▅▆▆▆▇▇▆▄▂▂▃▂▂▂▅▃▃▄▃▂
wandb:    val_balanced_acc ▂▂▂▆▇▇▇█▆▄▅▅▅▅▂▂▂▂▁▁▃▃▃▃▃▃▃
wandb:          val_cindex ▄█████▇▆▆▆▅▅▅▅▂▁▁▁▁▁▂▂▂▂▂▂▁
wandb:        val_f1_score ▅▅▅▇██▇█▆▄▄▄▅▅▃▂▃▃▁▁▂▂▁▁▁▁▁
wandb:             val_ibs █▆▅▃▂▂▁▁▁▁▁▁▁▂▃▂▃▂▂▂▂▂▂▂▂▂▂
wandb:            val_loss █▆▅▄▃▂▁▁▁▁▁▁▁▁▂▂▃▂▂▂▃▂▃▂▂▂▃
wandb:       val_precision ▁▁▁██████▇▇▇▇▇▇▇▇▇▆▆▇▇▇▇▇▇▇
wandb:          val_recall ▂▂▂▆▇▇▇█▆▄▅▅▅▅▂▂▂▂▁▁▃▃▃▃▃▃▃
wandb: 
wandb: Run summary:
wandb:               epoch 27
wandb:          test_auroc 0.58056
wandb:   test_balanced_acc 0.60833
wandb:         test_cindex 0.56331
wandb:       test_f1_score 0.44444
wandb:            test_ibs 0.12749
wandb:      test_precision 0.58171
wandb:         test_recall 0.60833
wandb:    train_loss_epoch 0.53743
wandb:     train_loss_step 0.41938
wandb: trainer/global_step 189
wandb:           val_auroc 0.53253
wandb:    val_balanced_acc 0.50949
wandb:          val_cindex 0.51032
wandb:        val_f1_score 0.33766
wandb:             val_ibs 0.13186
wandb:            val_loss 0.6602
wandb:       val_precision 0.50719
wandb:          val_recall 0.50949
wandb: 
wandb: 🚀 View run lung_radio_frozen_Fold_1 at: https://wandb.ai/franciscosacouto-inesc-tec/test_encoder/runs/h8f6tshg
wandb: Synced 6 W&B file(s), 8 media file(s), 0 artifact file(s) and 0 other file(s)
wandb: Find logs at: ./wandb/run-20260206_162415-h8f6tshg/logs
/nas-ctm01/homes/fmferreira/.conda/envs/ai4lungs/lib/python3.11/site-packages/lightning_fabric/plugins/environments/slurm.py:204: The `srun` command is available on your system but is not used. HINT: If your intention is to run Lightning on SLURM, prepend your python command with `srun` like so: srun python encoder_survivalhead.py --config-name config_lung_ra ...
GPU available: True (cuda), used: True
TPU available: False, using: 0 TPU cores
wandb: - Waiting for wandb.init()...wandb: \ Waiting for wandb.init()...wandb: wandb version 0.24.2 is available!  To upgrade, please run:
wandb:  $ pip install wandb --upgrade
wandb: Tracking run with wandb version 0.15.2
wandb: Run data is saved locally in ./wandb/run-20260206_162501-bxyigw58
wandb: Run `wandb offline` to turn off syncing.
wandb: Syncing run lung_radio_frozen_Fold_2
wandb: ⭐️ View project at https://wandb.ai/franciscosacouto-inesc-tec/test_encoder
wandb: 🚀 View run at https://wandb.ai/franciscosacouto-inesc-tec/test_encoder/runs/bxyigw58
/nas-ctm01/homes/fmferreira/.conda/envs/ai4lungs/lib/python3.11/site-packages/pytorch_lightning/callbacks/model_checkpoint.py:881: Checkpoint directory /nas-ctm01/homes/fmferreira/AI4LUNGS/checkpoints/fold_01 exists and is not empty.
LOCAL_RANK: 0 - CUDA_VISIBLE_DEVICES: [0]
/nas-ctm01/homes/fmferreira/.conda/envs/ai4lungs/lib/python3.11/site-packages/pytorch_lightning/loops/fit_loop.py:317: The number of training batches (7) is smaller than the logging interval Trainer(log_every_n_steps=10). Set a lower value for log_every_n_steps if you want to see logs for the training epoch.
/nas-ctm01/homes/fmferreira/.conda/envs/ai4lungs/lib/python3.11/site-packages/pytorch_lightning/loops/fit_loop.py:534: Found 276 module(s) in eval mode at the start of training. This may lead to unexpected behavior during training. If this is intentional, you can ignore this warning.
Restoring states from the checkpoint path at /nas-ctm01/homes/fmferreira/AI4LUNGS/checkpoints/fold_01/bestlung_radio_frozen-epoch=26-val_loss=0.66-v2.ckpt
LOCAL_RANK: 0 - CUDA_VISIBLE_DEVICES: [0]
Loaded model weights from the checkpoint at /nas-ctm01/homes/fmferreira/AI4LUNGS/checkpoints/fold_01/bestlung_radio_frozen-epoch=26-val_loss=0.66-v2.ckpt
wandb: Waiting for W&B process to finish... (success).
wandb: 
wandb: Run history:
wandb:               epoch ▁▁▁▁▂▂▂▂▂▃▃▃▃▃▃▄▄▄▄▄▅▅▅▅▅▅▆▆▆▆▆▇▇▇▇▇▇▇██
wandb:          test_auroc ▁
wandb:   test_balanced_acc ▁
wandb:         test_cindex ▁
wandb:       test_f1_score ▁
wandb:            test_ibs ▁
wandb:      test_precision ▁
wandb:         test_recall ▁
wandb:    train_loss_epoch ▇█▆▅▅▄▅▃▄▃▄▄▂▄▃▄▃▃▂▃▃▃▃▁▂▂▃▃▃▂▃▂▄▁▁▄▃▃▂▂
wandb:     train_loss_step █▇▆▅▅▅▂▄▂▅▇▄▃▂▁▄▁▄▇▅▅▃▄▂▂▄▁▅▂
wandb: trainer/global_step ▁▁▁▂▂▂▂▂▃▃▃▃▃▃▄▄▄▄▄▄▅▅▅▅▅▆▆▆▆▆▆▇▇▇▇▇████
wandb:           val_auroc ▁▁▁▃▂▂▃▅▅▅▆▇██▇▇▇▆▆▆▇▆▆▇▆▆▆▆▆▆▆▆▅▅▆▆▆▆▆▆
wandb:    val_balanced_acc ▃▃▃▃▃▃█▁▂▄▃▄▅▆▆▃▃▄▄▅▆▅▅▆▇▆▆▅▄▅▅▅▃▅▆▆▆▆▆█
wandb:          val_cindex ▃▂▁▁▂▁▁▂▃▄▄▅▅▅▅▆▆▆▆▆▆▆▆▇▇█▇▇▇▇▇▇▇▇▇▇▇██▇
wandb:        val_f1_score ▆▆▆▆▆▆█▃▃▄▃▄▄▅▅▂▃▃▃▄▄▂▂▄▅▃▃▃▁▂▂▂▁▂▃▃▂▃▃▄
wandb:             val_ibs █▇▇▆▅▄▄▃▃▃▃▂▂▂▂▂▂▂▂▁▁▁▁▁▁▁▁▁▁▁▁▁▁▁▁▁▁▁▁▁
wandb:            val_loss █▇▇▆▅▄▄▃▃▃▃▂▂▂▂▂▂▂▂▁▁▁▁▁▁▁▁▁▁▁▁▁▁▁▁▁▁▁▁▁
wandb:       val_precision ▁▁▁▁▁▁█▆▆▆▆▆▆▆▆▆▆▆▆▆▆▆▆▆▇▆▆▆▆▆▆▆▆▆▆▆▆▆▆▇
wandb:          val_recall ▃▃▃▃▃▃█▁▂▄▃▄▅▆▆▃▃▄▄▅▆▅▅▆▇▆▆▅▄▅▅▅▃▅▆▆▆▆▆█
wandb: 
wandb: Run summary:
wandb:               epoch 42
wandb:          test_auroc 0.6787
wandb:   test_balanced_acc 0.6
wandb:         test_cindex 0.63078
wandb:       test_f1_score 0.43333
wandb:            test_ibs 0.12107
wandb:      test_precision 0.575
wandb:         test_recall 0.6
wandb:    train_loss_epoch 0.49469
wandb:     train_loss_step 0.46393
wandb: trainer/global_step 294
wandb:           val_auroc 0.52573
wandb:    val_balanced_acc 0.55278
wandb:          val_cindex 0.53163
wandb:        val_f1_score 0.38462
wandb:             val_ibs 0.13449
wandb:            val_loss 0.65928
wandb:       val_precision 0.53992
wandb:          val_recall 0.55278
wandb: 
wandb: 🚀 View run lung_radio_frozen_Fold_2 at: https://wandb.ai/franciscosacouto-inesc-tec/test_encoder/runs/bxyigw58
wandb: Synced 6 W&B file(s), 11 media file(s), 0 artifact file(s) and 0 other file(s)
wandb: Find logs at: ./wandb/run-20260206_162501-bxyigw58/logs
/nas-ctm01/homes/fmferreira/.conda/envs/ai4lungs/lib/python3.11/site-packages/lightning_fabric/plugins/environments/slurm.py:204: The `srun` command is available on your system but is not used. HINT: If your intention is to run Lightning on SLURM, prepend your python command with `srun` like so: srun python encoder_survivalhead.py --config-name config_lung_ra ...
GPU available: True (cuda), used: True
TPU available: False, using: 0 TPU cores
wandb: - Waiting for wandb.init()...wandb: \ Waiting for wandb.init()...wandb: wandb version 0.24.2 is available!  To upgrade, please run:
wandb:  $ pip install wandb --upgrade
wandb: Tracking run with wandb version 0.15.2
wandb: Run data is saved locally in ./wandb/run-20260206_162610-qnqvxi8g
wandb: Run `wandb offline` to turn off syncing.
wandb: Syncing run lung_radio_frozen_Fold_3
wandb: ⭐️ View project at https://wandb.ai/franciscosacouto-inesc-tec/test_encoder
wandb: 🚀 View run at https://wandb.ai/franciscosacouto-inesc-tec/test_encoder/runs/qnqvxi8g
/nas-ctm01/homes/fmferreira/.conda/envs/ai4lungs/lib/python3.11/site-packages/pytorch_lightning/callbacks/model_checkpoint.py:881: Checkpoint directory /nas-ctm01/homes/fmferreira/AI4LUNGS/checkpoints/fold_02 exists and is not empty.
LOCAL_RANK: 0 - CUDA_VISIBLE_DEVICES: [0]
/nas-ctm01/homes/fmferreira/.conda/envs/ai4lungs/lib/python3.11/site-packages/pytorch_lightning/loops/fit_loop.py:317: The number of training batches (7) is smaller than the logging interval Trainer(log_every_n_steps=10). Set a lower value for log_every_n_steps if you want to see logs for the training epoch.
/nas-ctm01/homes/fmferreira/.conda/envs/ai4lungs/lib/python3.11/site-packages/pytorch_lightning/loops/fit_loop.py:534: Found 276 module(s) in eval mode at the start of training. This may lead to unexpected behavior during training. If this is intentional, you can ignore this warning.
Restoring states from the checkpoint path at /nas-ctm01/homes/fmferreira/AI4LUNGS/checkpoints/fold_02/bestlung_radio_frozen-epoch=06-val_loss=0.63-v2.ckpt
LOCAL_RANK: 0 - CUDA_VISIBLE_DEVICES: [0]
Loaded model weights from the checkpoint at /nas-ctm01/homes/fmferreira/AI4LUNGS/checkpoints/fold_02/bestlung_radio_frozen-epoch=06-val_loss=0.63-v2.ckpt
wandb: Waiting for W&B process to finish... (success).
wandb: - 0.319 MB of 0.319 MB uploaded (0.000 MB deduped)wandb: \ 0.319 MB of 0.319 MB uploaded (0.000 MB deduped)wandb: | 0.319 MB of 0.362 MB uploaded (0.000 MB deduped)wandb: / 0.319 MB of 0.362 MB uploaded (0.000 MB deduped)wandb: 
wandb: Run history:
wandb:               epoch ▁▁▁▁▂▂▂▂▂▃▃▃▃▃▄▄▄▄▄▄▅▅▅▅▅▅▅▆▆▆▆▆▇▇▇▇▇▇██
wandb:          test_auroc ▁
wandb:   test_balanced_acc ▁
wandb:         test_cindex ▁
wandb:       test_f1_score ▁
wandb:            test_ibs ▁
wandb:      test_precision ▁
wandb:         test_recall ▁
wandb:    train_loss_epoch █▇▆▅▄▄▂▃▄▃▂▄▂▄▄▄▃▂▄▃▁▄
wandb:     train_loss_step ▆▄▆▆▇▇▁▆▃█▇▅▇▄▇
wandb: trainer/global_step ▁▁▁▁▂▂▂▂▃▃▃▃▃▃▄▄▄▄▄▄▅▅▅▅▅▆▆▆▆▆▇▇▇▇▇▇████
wandb:           val_auroc ▄▄▄▅▄▆▇█▅▅▃▃▁▂▂▁▁▁▂▂▄▄
wandb:    val_balanced_acc ▃▃▇▆▆▄▆▆▄▆▇▆▆▆▇▆█▁▁▆▆▄
wandb:          val_cindex ▆▅▃▁▅█▆▆▆▇▆▆▆▅▅▆█▆▅▇▄▅
wandb:        val_f1_score ▇▇█▆▅▄▅▅▃▅▆▆▅▆▆▅▆▁▁▅▅▃
wandb:             val_ibs █▆▄▃▂▁▁▁▁▂▃▃▃▃▃▃▂▂▂▂▂▂
wandb:            val_loss █▆▄▃▂▁▁▁▂▃▃▄▄▅▄▄▃▃▃▃▃▃
wandb:       val_precision ▁▁█▇▇▇▇▇▇▇▇▇▇▇▇▇▇▆▆▇▇▇
wandb:          val_recall ▃▃▇▆▆▄▆▆▄▆▇▆▆▆▇▆█▁▁▆▆▄
wandb: 
wandb: Run summary:
wandb:               epoch 22
wandb:          test_auroc 0.55926
wandb:   test_balanced_acc 0.55
wandb:         test_cindex 0.58681
wandb:       test_f1_score 0.3871
wandb:            test_ibs 0.12425
wandb:      test_precision 0.53759
wandb:         test_recall 0.55
wandb:    train_loss_epoch 0.56234
wandb:     train_loss_step 0.60938
wandb: trainer/global_step 154
wandb:           val_auroc 0.50052
wandb:    val_balanced_acc 0.51202
wandb:          val_cindex 0.53055
wandb:        val_f1_score 0.32877
wandb:             val_ibs 0.13308
wandb:            val_loss 0.64566
wandb:       val_precision 0.50902
wandb:          val_recall 0.51202
wandb: 
wandb: 🚀 View run lung_radio_frozen_Fold_3 at: https://wandb.ai/franciscosacouto-inesc-tec/test_encoder/runs/qnqvxi8g
wandb: Synced 6 W&B file(s), 7 media file(s), 0 artifact file(s) and 0 other file(s)
wandb: Find logs at: ./wandb/run-20260206_162610-qnqvxi8g/logs
/nas-ctm01/homes/fmferreira/.conda/envs/ai4lungs/lib/python3.11/site-packages/torchmetrics/utilities/imports.py:22: UserWarning: pkg_resources is deprecated as an API. See https://setuptools.pypa.io/en/latest/pkg_resources.html. The pkg_resources package is slated for removal as early as 2025-11-30. Refrain from using this package or pin to Setuptools<81.
  from pkg_resources import DistributionNotFound, get_distribution
/nas-ctm01/homes/fmferreira/.conda/envs/ai4lungs/lib/python3.11/site-packages/timm/models/layers/__init__.py:48: FutureWarning: Importing from timm.models.layers is deprecated, please import via timm.layers
  warnings.warn(f"Importing from {__name__} is deprecated, please import via timm.layers", FutureWarning)
/nas-ctm01/homes/fmferreira/.conda/envs/ai4lungs/lib/python3.11/site-packages/lightning_fabric/plugins/environments/slurm.py:204: The `srun` command is available on your system but is not used. HINT: If your intention is to run Lightning on SLURM, prepend your python command with `srun` like so: srun python encoder_survivalhead.py --config-name config_masked_ ...
GPU available: True (cuda), used: True
TPU available: False, using: 0 TPU cores
You are using a CUDA device ('NVIDIA A100 80GB PCIe') that has Tensor Cores. To properly utilize them, you should set `torch.set_float32_matmul_precision('medium' | 'high')` which will trade-off precision for performance. For more details, read https://pytorch.org/docs/stable/generated/torch.set_float32_matmul_precision.html#torch.set_float32_matmul_precision
/nas-ctm01/homes/fmferreira/.conda/envs/ai4lungs/lib/python3.11/site-packages/wandb/apis/public.py:3106: UserWarning: pkg_resources is deprecated as an API. See https://setuptools.pypa.io/en/latest/pkg_resources.html. The pkg_resources package is slated for removal as early as 2025-11-30. Refrain from using this package or pin to Setuptools<81.
  from pkg_resources import parse_version
wandb: Currently logged in as: franciscosacouto (franciscosacouto-inesc-tec). Use `wandb login --relogin` to force relogin
wandb: wandb version 0.24.2 is available!  To upgrade, please run:
wandb:  $ pip install wandb --upgrade
wandb: Tracking run with wandb version 0.15.2
wandb: Run data is saved locally in ./wandb/run-20260206_162710-kp1gtscn
wandb: Run `wandb offline` to turn off syncing.
wandb: Syncing run masked_radio_frozen_Fold_1
wandb: ⭐️ View project at https://wandb.ai/franciscosacouto-inesc-tec/test_encoder
wandb: 🚀 View run at https://wandb.ai/franciscosacouto-inesc-tec/test_encoder/runs/kp1gtscn
/nas-ctm01/homes/fmferreira/.conda/envs/ai4lungs/lib/python3.11/site-packages/pytorch_lightning/callbacks/model_checkpoint.py:881: Checkpoint directory /nas-ctm01/homes/fmferreira/AI4LUNGS/checkpoints/fold_00 exists and is not empty.
LOCAL_RANK: 0 - CUDA_VISIBLE_DEVICES: [0]
/nas-ctm01/homes/fmferreira/.conda/envs/ai4lungs/lib/python3.11/site-packages/pytorch_lightning/loops/fit_loop.py:317: The number of training batches (7) is smaller than the logging interval Trainer(log_every_n_steps=10). Set a lower value for log_every_n_steps if you want to see logs for the training epoch.
/nas-ctm01/homes/fmferreira/.conda/envs/ai4lungs/lib/python3.11/site-packages/pytorch_lightning/loops/fit_loop.py:534: Found 276 module(s) in eval mode at the start of training. This may lead to unexpected behavior during training. If this is intentional, you can ignore this warning.
Restoring states from the checkpoint path at /nas-ctm01/homes/fmferreira/AI4LUNGS/checkpoints/fold_00/bestmasked_radio_frozen-epoch=11-val_loss=0.64.ckpt
LOCAL_RANK: 0 - CUDA_VISIBLE_DEVICES: [0]
Loaded model weights from the checkpoint at /nas-ctm01/homes/fmferreira/AI4LUNGS/checkpoints/fold_00/bestmasked_radio_frozen-epoch=11-val_loss=0.64.ckpt
wandb: Waiting for W&B process to finish... (success).
wandb: 
wandb: Run history:
wandb:               epoch ▁▁▁▂▂▂▂▂▂▃▃▃▃▃▃▄▄▄▄▄▄▅▅▅▅▅▆▆▆▆▆▆▇▇▇▇▇▇██
wandb:          test_auroc ▁
wandb:   test_balanced_acc ▁
wandb:         test_cindex ▁
wandb:       test_f1_score ▁
wandb:            test_ibs ▁
wandb:      test_precision ▁
wandb:         test_recall ▁
wandb:    train_loss_epoch █▆▆▅▆▃▄▃▃▄▃▅▅▃▃▅▄▂▃▃▄▂▁▃▃▁▃
wandb:     train_loss_step █▆▆▃▆▅▃▄▄▇▇▃▆▅▄▂▄▁
wandb: trainer/global_step ▁▁▁▂▂▂▂▂▂▃▃▃▃▃▃▄▄▄▄▄▅▅▅▅▅▆▆▆▆▆▆▇▇▇▇▇████
wandb:           val_auroc ▁▇▇▇█▅▆▅▆▆▆▇▇▆▄▂▂▃▂▂▂▅▃▃▄▃▂
wandb:    val_balanced_acc ▂▂▂▆▇▇▇█▆▄▅▅▅▅▂▂▂▂▁▁▃▃▃▃▃▃▃
wandb:          val_cindex ▄█████▇▆▆▆▅▅▅▅▂▁▁▁▁▁▂▂▂▂▂▂▁
wandb:        val_f1_score ▅▅▅▇██▇█▆▄▄▄▅▅▃▂▃▃▁▁▂▂▁▁▁▁▁
wandb:             val_ibs █▆▅▃▂▂▁▁▁▁▁▁▁▂▃▂▃▂▂▂▂▂▂▂▂▂▂
wandb:            val_loss █▆▅▄▃▂▁▁▁▁▁▁▁▁▂▂▃▂▂▂▃▂▃▂▂▂▃
wandb:       val_precision ▁▁▁██████▇▇▇▇▇▇▇▇▇▆▆▇▇▇▇▇▇▇
wandb:          val_recall ▂▂▂▆▇▇▇█▆▄▅▅▅▅▂▂▂▂▁▁▃▃▃▃▃▃▃
wandb: 
wandb: Run summary:
wandb:               epoch 27
wandb:          test_auroc 0.58056
wandb:   test_balanced_acc 0.60833
wandb:         test_cindex 0.56331
wandb:       test_f1_score 0.44444
wandb:            test_ibs 0.12749
wandb:      test_precision 0.58171
wandb:         test_recall 0.60833
wandb:    train_loss_epoch 0.53743
wandb:     train_loss_step 0.41938
wandb: trainer/global_step 189
wandb:           val_auroc 0.53253
wandb:    val_balanced_acc 0.50949
wandb:          val_cindex 0.51032
wandb:        val_f1_score 0.33766
wandb:             val_ibs 0.13186
wandb:            val_loss 0.6602
wandb:       val_precision 0.50719
wandb:          val_recall 0.50949
wandb: 
wandb: 🚀 View run masked_radio_frozen_Fold_1 at: https://wandb.ai/franciscosacouto-inesc-tec/test_encoder/runs/kp1gtscn
wandb: Synced 6 W&B file(s), 8 media file(s), 0 artifact file(s) and 0 other file(s)
wandb: Find logs at: ./wandb/run-20260206_162710-kp1gtscn/logs
/nas-ctm01/homes/fmferreira/.conda/envs/ai4lungs/lib/python3.11/site-packages/lightning_fabric/plugins/environments/slurm.py:204: The `srun` command is available on your system but is not used. HINT: If your intention is to run Lightning on SLURM, prepend your python command with `srun` like so: srun python encoder_survivalhead.py --config-name config_masked_ ...
GPU available: True (cuda), used: True
TPU available: False, using: 0 TPU cores
wandb: - Waiting for wandb.init()...wandb: \ Waiting for wandb.init()...wandb: wandb version 0.24.2 is available!  To upgrade, please run:
wandb:  $ pip install wandb --upgrade
wandb: Tracking run with wandb version 0.15.2
wandb: Run data is saved locally in ./wandb/run-20260206_162755-oo8wgu5h
wandb: Run `wandb offline` to turn off syncing.
wandb: Syncing run masked_radio_frozen_Fold_2
wandb: ⭐️ View project at https://wandb.ai/franciscosacouto-inesc-tec/test_encoder
wandb: 🚀 View run at https://wandb.ai/franciscosacouto-inesc-tec/test_encoder/runs/oo8wgu5h
/nas-ctm01/homes/fmferreira/.conda/envs/ai4lungs/lib/python3.11/site-packages/pytorch_lightning/callbacks/model_checkpoint.py:881: Checkpoint directory /nas-ctm01/homes/fmferreira/AI4LUNGS/checkpoints/fold_01 exists and is not empty.
LOCAL_RANK: 0 - CUDA_VISIBLE_DEVICES: [0]
/nas-ctm01/homes/fmferreira/.conda/envs/ai4lungs/lib/python3.11/site-packages/pytorch_lightning/loops/fit_loop.py:317: The number of training batches (7) is smaller than the logging interval Trainer(log_every_n_steps=10). Set a lower value for log_every_n_steps if you want to see logs for the training epoch.
/nas-ctm01/homes/fmferreira/.conda/envs/ai4lungs/lib/python3.11/site-packages/pytorch_lightning/loops/fit_loop.py:534: Found 276 module(s) in eval mode at the start of training. This may lead to unexpected behavior during training. If this is intentional, you can ignore this warning.
Restoring states from the checkpoint path at /nas-ctm01/homes/fmferreira/AI4LUNGS/checkpoints/fold_01/bestmasked_radio_frozen-epoch=26-val_loss=0.66.ckpt
LOCAL_RANK: 0 - CUDA_VISIBLE_DEVICES: [0]
Loaded model weights from the checkpoint at /nas-ctm01/homes/fmferreira/AI4LUNGS/checkpoints/fold_01/bestmasked_radio_frozen-epoch=26-val_loss=0.66.ckpt
wandb: Waiting for W&B process to finish... (success).
wandb: 
wandb: Run history:
wandb:               epoch ▁▁▁▁▂▂▂▂▂▃▃▃▃▃▃▄▄▄▄▄▅▅▅▅▅▅▆▆▆▆▆▇▇▇▇▇▇▇██
wandb:          test_auroc ▁
wandb:   test_balanced_acc ▁
wandb:         test_cindex ▁
wandb:       test_f1_score ▁
wandb:            test_ibs ▁
wandb:      test_precision ▁
wandb:         test_recall ▁
wandb:    train_loss_epoch ▇█▆▅▅▄▅▃▄▃▄▄▂▄▃▄▃▃▂▃▃▃▃▁▂▂▃▃▃▂▃▂▄▁▁▄▃▃▂▂
wandb:     train_loss_step █▇▆▅▅▅▂▄▂▅▇▄▃▂▁▄▁▄▇▅▅▃▄▂▂▄▁▅▂
wandb: trainer/global_step ▁▁▁▂▂▂▂▂▃▃▃▃▃▃▄▄▄▄▄▄▅▅▅▅▅▆▆▆▆▆▆▇▇▇▇▇████
wandb:           val_auroc ▁▁▁▃▂▂▃▅▅▅▆▇██▇▇▇▆▆▆▇▆▆▇▆▆▆▆▆▆▆▆▅▅▆▆▆▆▆▆
wandb:    val_balanced_acc ▃▃▃▃▃▃█▁▂▄▃▄▅▆▆▃▃▄▄▅▆▅▅▆▇▆▆▅▄▅▅▅▃▅▆▆▆▆▆█
wandb:          val_cindex ▃▂▁▁▂▁▁▂▃▄▄▅▅▅▅▆▆▆▆▆▆▆▆▇▇█▇▇▇▇▇▇▇▇▇▇▇██▇
wandb:        val_f1_score ▆▆▆▆▆▆█▃▃▄▃▄▄▅▅▂▃▃▃▄▄▂▂▄▅▃▃▃▁▂▂▂▁▂▃▃▂▃▃▄
wandb:             val_ibs █▇▇▆▅▄▄▃▃▃▃▂▂▂▂▂▂▂▂▁▁▁▁▁▁▁▁▁▁▁▁▁▁▁▁▁▁▁▁▁
wandb:            val_loss █▇▇▆▅▄▄▃▃▃▃▂▂▂▂▂▂▂▂▁▁▁▁▁▁▁▁▁▁▁▁▁▁▁▁▁▁▁▁▁
wandb:       val_precision ▁▁▁▁▁▁█▆▆▆▆▆▆▆▆▆▆▆▆▆▆▆▆▆▇▆▆▆▆▆▆▆▆▆▆▆▆▆▆▇
wandb:          val_recall ▃▃▃▃▃▃█▁▂▄▃▄▅▆▆▃▃▄▄▅▆▅▅▆▇▆▆▅▄▅▅▅▃▅▆▆▆▆▆█
wandb: 
wandb: Run summary:
wandb:               epoch 42
wandb:          test_auroc 0.6787
wandb:   test_balanced_acc 0.6
wandb:         test_cindex 0.63078
wandb:       test_f1_score 0.43333
wandb:            test_ibs 0.12107
wandb:      test_precision 0.575
wandb:         test_recall 0.6
wandb:    train_loss_epoch 0.49469
wandb:     train_loss_step 0.46393
wandb: trainer/global_step 294
wandb:           val_auroc 0.52573
wandb:    val_balanced_acc 0.55278
wandb:          val_cindex 0.53163
wandb:        val_f1_score 0.38462
wandb:             val_ibs 0.13449
wandb:            val_loss 0.65928
wandb:       val_precision 0.53992
wandb:          val_recall 0.55278
wandb: 
wandb: 🚀 View run masked_radio_frozen_Fold_2 at: https://wandb.ai/franciscosacouto-inesc-tec/test_encoder/runs/oo8wgu5h
wandb: Synced 6 W&B file(s), 11 media file(s), 0 artifact file(s) and 0 other file(s)
wandb: Find logs at: ./wandb/run-20260206_162755-oo8wgu5h/logs
/nas-ctm01/homes/fmferreira/.conda/envs/ai4lungs/lib/python3.11/site-packages/lightning_fabric/plugins/environments/slurm.py:204: The `srun` command is available on your system but is not used. HINT: If your intention is to run Lightning on SLURM, prepend your python command with `srun` like so: srun python encoder_survivalhead.py --config-name config_masked_ ...
GPU available: True (cuda), used: True
TPU available: False, using: 0 TPU cores
wandb: - Waiting for wandb.init()...wandb: \ Waiting for wandb.init()...wandb: wandb version 0.24.2 is available!  To upgrade, please run:
wandb:  $ pip install wandb --upgrade
wandb: Tracking run with wandb version 0.15.2
wandb: Run data is saved locally in ./wandb/run-20260206_162904-s671negp
wandb: Run `wandb offline` to turn off syncing.
wandb: Syncing run masked_radio_frozen_Fold_3
wandb: ⭐️ View project at https://wandb.ai/franciscosacouto-inesc-tec/test_encoder
wandb: 🚀 View run at https://wandb.ai/franciscosacouto-inesc-tec/test_encoder/runs/s671negp
/nas-ctm01/homes/fmferreira/.conda/envs/ai4lungs/lib/python3.11/site-packages/pytorch_lightning/callbacks/model_checkpoint.py:881: Checkpoint directory /nas-ctm01/homes/fmferreira/AI4LUNGS/checkpoints/fold_02 exists and is not empty.
LOCAL_RANK: 0 - CUDA_VISIBLE_DEVICES: [0]
/nas-ctm01/homes/fmferreira/.conda/envs/ai4lungs/lib/python3.11/site-packages/pytorch_lightning/loops/fit_loop.py:317: The number of training batches (7) is smaller than the logging interval Trainer(log_every_n_steps=10). Set a lower value for log_every_n_steps if you want to see logs for the training epoch.
/nas-ctm01/homes/fmferreira/.conda/envs/ai4lungs/lib/python3.11/site-packages/pytorch_lightning/loops/fit_loop.py:534: Found 276 module(s) in eval mode at the start of training. This may lead to unexpected behavior during training. If this is intentional, you can ignore this warning.
Restoring states from the checkpoint path at /nas-ctm01/homes/fmferreira/AI4LUNGS/checkpoints/fold_02/bestmasked_radio_frozen-epoch=06-val_loss=0.63.ckpt
LOCAL_RANK: 0 - CUDA_VISIBLE_DEVICES: [0]
Loaded model weights from the checkpoint at /nas-ctm01/homes/fmferreira/AI4LUNGS/checkpoints/fold_02/bestmasked_radio_frozen-epoch=06-val_loss=0.63.ckpt
wandb: Waiting for W&B process to finish... (success).
wandb: 
wandb: Run history:
wandb:               epoch ▁▁▁▁▂▂▂▂▂▃▃▃▃▃▄▄▄▄▄▄▅▅▅▅▅▅▅▆▆▆▆▆▇▇▇▇▇▇██
wandb:          test_auroc ▁
wandb:   test_balanced_acc ▁
wandb:         test_cindex ▁
wandb:       test_f1_score ▁
wandb:            test_ibs ▁
wandb:      test_precision ▁
wandb:         test_recall ▁
wandb:    train_loss_epoch █▇▆▅▄▄▂▃▄▃▂▄▂▄▄▄▃▂▄▃▁▄
wandb:     train_loss_step ▆▄▆▆▇▇▁▆▃█▇▅▇▄▇
wandb: trainer/global_step ▁▁▁▁▂▂▂▂▃▃▃▃▃▃▄▄▄▄▄▄▅▅▅▅▅▆▆▆▆▆▇▇▇▇▇▇████
wandb:           val_auroc ▄▄▄▅▄▆▇█▅▅▃▃▁▂▂▁▁▁▂▂▄▄
wandb:    val_balanced_acc ▃▃▇▆▆▄▆▆▄▆▇▆▆▆▇▆█▁▁▆▆▄
wandb:          val_cindex ▆▅▃▁▅█▆▆▆▇▆▆▆▅▅▆█▆▅▇▄▅
wandb:        val_f1_score ▇▇█▆▅▄▅▅▃▅▆▆▅▆▆▅▆▁▁▅▅▃
wandb:             val_ibs █▆▄▃▂▁▁▁▁▂▃▃▃▃▃▃▂▂▂▂▂▂
wandb:            val_loss █▆▄▃▂▁▁▁▂▃▃▄▄▅▄▄▃▃▃▃▃▃
wandb:       val_precision ▁▁█▇▇▇▇▇▇▇▇▇▇▇▇▇▇▆▆▇▇▇
wandb:          val_recall ▃▃▇▆▆▄▆▆▄▆▇▆▆▆▇▆█▁▁▆▆▄
wandb: 
wandb: Run summary:
wandb:               epoch 22
wandb:          test_auroc 0.55926
wandb:   test_balanced_acc 0.55
wandb:         test_cindex 0.58681
wandb:       test_f1_score 0.3871
wandb:            test_ibs 0.12425
wandb:      test_precision 0.53759
wandb:         test_recall 0.55
wandb:    train_loss_epoch 0.56234
wandb:     train_loss_step 0.60938
wandb: trainer/global_step 154
wandb:           val_auroc 0.50052
wandb:    val_balanced_acc 0.51202
wandb:          val_cindex 0.53055
wandb:        val_f1_score 0.32877
wandb:             val_ibs 0.13308
wandb:            val_loss 0.64566
wandb:       val_precision 0.50902
wandb:          val_recall 0.51202
wandb: 
wandb: 🚀 View run masked_radio_frozen_Fold_3 at: https://wandb.ai/franciscosacouto-inesc-tec/test_encoder/runs/s671negp
wandb: Synced 6 W&B file(s), 7 media file(s), 0 artifact file(s) and 0 other file(s)
wandb: Find logs at: ./wandb/run-20260206_162904-s671negp/logs
/nas-ctm01/homes/fmferreira/.conda/envs/ai4lungs/lib/python3.11/site-packages/torchmetrics/utilities/imports.py:22: UserWarning: pkg_resources is deprecated as an API. See https://setuptools.pypa.io/en/latest/pkg_resources.html. The pkg_resources package is slated for removal as early as 2025-11-30. Refrain from using this package or pin to Setuptools<81.
  from pkg_resources import DistributionNotFound, get_distribution
/nas-ctm01/homes/fmferreira/.conda/envs/ai4lungs/lib/python3.11/site-packages/timm/models/layers/__init__.py:48: FutureWarning: Importing from timm.models.layers is deprecated, please import via timm.layers
  warnings.warn(f"Importing from {__name__} is deprecated, please import via timm.layers", FutureWarning)
/nas-ctm01/homes/fmferreira/.conda/envs/ai4lungs/lib/python3.11/site-packages/lightning_fabric/plugins/environments/slurm.py:204: The `srun` command is available on your system but is not used. HINT: If your intention is to run Lightning on SLURM, prepend your python command with `srun` like so: srun python encoder_survivalhead.py --config-name config_ws_radi ...
GPU available: True (cuda), used: True
TPU available: False, using: 0 TPU cores
You are using a CUDA device ('NVIDIA A100 80GB PCIe') that has Tensor Cores. To properly utilize them, you should set `torch.set_float32_matmul_precision('medium' | 'high')` which will trade-off precision for performance. For more details, read https://pytorch.org/docs/stable/generated/torch.set_float32_matmul_precision.html#torch.set_float32_matmul_precision
/nas-ctm01/homes/fmferreira/.conda/envs/ai4lungs/lib/python3.11/site-packages/wandb/apis/public.py:3106: UserWarning: pkg_resources is deprecated as an API. See https://setuptools.pypa.io/en/latest/pkg_resources.html. The pkg_resources package is slated for removal as early as 2025-11-30. Refrain from using this package or pin to Setuptools<81.
  from pkg_resources import parse_version
wandb: Currently logged in as: franciscosacouto (franciscosacouto-inesc-tec). Use `wandb login --relogin` to force relogin
wandb: wandb version 0.24.2 is available!  To upgrade, please run:
wandb:  $ pip install wandb --upgrade
wandb: Tracking run with wandb version 0.15.2
wandb: Run data is saved locally in ./wandb/run-20260206_163005-co9znjpe
wandb: Run `wandb offline` to turn off syncing.
wandb: Syncing run ws_radio_frozen_Fold_1
wandb: ⭐️ View project at https://wandb.ai/franciscosacouto-inesc-tec/test_encoder
wandb: 🚀 View run at https://wandb.ai/franciscosacouto-inesc-tec/test_encoder/runs/co9znjpe
/nas-ctm01/homes/fmferreira/.conda/envs/ai4lungs/lib/python3.11/site-packages/pytorch_lightning/callbacks/model_checkpoint.py:881: Checkpoint directory /nas-ctm01/homes/fmferreira/AI4LUNGS/checkpoints/fold_00 exists and is not empty.
LOCAL_RANK: 0 - CUDA_VISIBLE_DEVICES: [0]
/nas-ctm01/homes/fmferreira/.conda/envs/ai4lungs/lib/python3.11/site-packages/pytorch_lightning/loops/fit_loop.py:317: The number of training batches (7) is smaller than the logging interval Trainer(log_every_n_steps=10). Set a lower value for log_every_n_steps if you want to see logs for the training epoch.
/nas-ctm01/homes/fmferreira/.conda/envs/ai4lungs/lib/python3.11/site-packages/pytorch_lightning/loops/fit_loop.py:534: Found 276 module(s) in eval mode at the start of training. This may lead to unexpected behavior during training. If this is intentional, you can ignore this warning.
Restoring states from the checkpoint path at /nas-ctm01/homes/fmferreira/AI4LUNGS/checkpoints/fold_00/bestws_radio_frozen-epoch=11-val_loss=0.64-v2.ckpt
LOCAL_RANK: 0 - CUDA_VISIBLE_DEVICES: [0]
Loaded model weights from the checkpoint at /nas-ctm01/homes/fmferreira/AI4LUNGS/checkpoints/fold_00/bestws_radio_frozen-epoch=11-val_loss=0.64-v2.ckpt
wandb: Waiting for W&B process to finish... (success).
wandb: - 0.381 MB of 0.381 MB uploaded (0.000 MB deduped)wandb: \ 0.381 MB of 0.430 MB uploaded (0.000 MB deduped)wandb: | 0.381 MB of 0.430 MB uploaded (0.000 MB deduped)wandb: 
wandb: Run history:
wandb:               epoch ▁▁▁▂▂▂▂▂▂▃▃▃▃▃▃▄▄▄▄▄▄▅▅▅▅▅▆▆▆▆▆▆▇▇▇▇▇▇██
wandb:          test_auroc ▁
wandb:   test_balanced_acc ▁
wandb:         test_cindex ▁
wandb:       test_f1_score ▁
wandb:            test_ibs ▁
wandb:      test_precision ▁
wandb:         test_recall ▁
wandb:    train_loss_epoch █▆▆▅▆▃▄▃▃▄▃▅▅▃▃▅▄▂▃▃▄▂▁▃▃▁▃
wandb:     train_loss_step █▆▆▃▆▅▃▄▄▇▇▃▆▅▄▂▄▁
wandb: trainer/global_step ▁▁▁▂▂▂▂▂▂▃▃▃▃▃▃▄▄▄▄▄▅▅▅▅▅▆▆▆▆▆▆▇▇▇▇▇████
wandb:           val_auroc ▁▇▇▇█▅▆▅▆▆▆▇▇▆▄▂▂▃▂▂▂▅▃▃▄▃▂
wandb:    val_balanced_acc ▂▂▂▆▇▇▇█▆▄▅▅▅▅▂▂▂▂▁▁▃▃▃▃▃▃▃
wandb:          val_cindex ▄█████▇▆▆▆▅▅▅▅▂▁▁▁▁▁▂▂▂▂▂▂▁
wandb:        val_f1_score ▅▅▅▇██▇█▆▄▄▄▅▅▃▂▃▃▁▁▂▂▁▁▁▁▁
wandb:             val_ibs █▆▅▃▂▂▁▁▁▁▁▁▁▂▃▂▃▂▂▂▂▂▂▂▂▂▂
wandb:            val_loss █▆▅▄▃▂▁▁▁▁▁▁▁▁▂▂▃▂▂▂▃▂▃▂▂▂▃
wandb:       val_precision ▁▁▁██████▇▇▇▇▇▇▇▇▇▆▆▇▇▇▇▇▇▇
wandb:          val_recall ▂▂▂▆▇▇▇█▆▄▅▅▅▅▂▂▂▂▁▁▃▃▃▃▃▃▃
wandb: 
wandb: Run summary:
wandb:               epoch 27
wandb:          test_auroc 0.58056
wandb:   test_balanced_acc 0.60833
wandb:         test_cindex 0.56331
wandb:       test_f1_score 0.44444
wandb:            test_ibs 0.12749
wandb:      test_precision 0.58171
wandb:         test_recall 0.60833
wandb:    train_loss_epoch 0.53743
wandb:     train_loss_step 0.41938
wandb: trainer/global_step 189
wandb:           val_auroc 0.53253
wandb:    val_balanced_acc 0.50949
wandb:          val_cindex 0.51032
wandb:        val_f1_score 0.33766
wandb:             val_ibs 0.13186
wandb:            val_loss 0.6602
wandb:       val_precision 0.50719
wandb:          val_recall 0.50949
wandb: 
wandb: 🚀 View run ws_radio_frozen_Fold_1 at: https://wandb.ai/franciscosacouto-inesc-tec/test_encoder/runs/co9znjpe
wandb: Synced 6 W&B file(s), 8 media file(s), 0 artifact file(s) and 0 other file(s)
wandb: Find logs at: ./wandb/run-20260206_163005-co9znjpe/logs
/nas-ctm01/homes/fmferreira/.conda/envs/ai4lungs/lib/python3.11/site-packages/lightning_fabric/plugins/environments/slurm.py:204: The `srun` command is available on your system but is not used. HINT: If your intention is to run Lightning on SLURM, prepend your python command with `srun` like so: srun python encoder_survivalhead.py --config-name config_ws_radi ...
GPU available: True (cuda), used: True
TPU available: False, using: 0 TPU cores
wandb: - Waiting for wandb.init()...wandb: \ Waiting for wandb.init()...wandb: wandb version 0.24.2 is available!  To upgrade, please run:
wandb:  $ pip install wandb --upgrade
wandb: Tracking run with wandb version 0.15.2
wandb: Run data is saved locally in ./wandb/run-20260206_163051-n0dswm5i
wandb: Run `wandb offline` to turn off syncing.
wandb: Syncing run ws_radio_frozen_Fold_2
wandb: ⭐️ View project at https://wandb.ai/franciscosacouto-inesc-tec/test_encoder
wandb: 🚀 View run at https://wandb.ai/franciscosacouto-inesc-tec/test_encoder/runs/n0dswm5i
/nas-ctm01/homes/fmferreira/.conda/envs/ai4lungs/lib/python3.11/site-packages/pytorch_lightning/callbacks/model_checkpoint.py:881: Checkpoint directory /nas-ctm01/homes/fmferreira/AI4LUNGS/checkpoints/fold_01 exists and is not empty.
LOCAL_RANK: 0 - CUDA_VISIBLE_DEVICES: [0]
/nas-ctm01/homes/fmferreira/.conda/envs/ai4lungs/lib/python3.11/site-packages/pytorch_lightning/loops/fit_loop.py:317: The number of training batches (7) is smaller than the logging interval Trainer(log_every_n_steps=10). Set a lower value for log_every_n_steps if you want to see logs for the training epoch.
/nas-ctm01/homes/fmferreira/.conda/envs/ai4lungs/lib/python3.11/site-packages/pytorch_lightning/loops/fit_loop.py:534: Found 276 module(s) in eval mode at the start of training. This may lead to unexpected behavior during training. If this is intentional, you can ignore this warning.
Restoring states from the checkpoint path at /nas-ctm01/homes/fmferreira/AI4LUNGS/checkpoints/fold_01/bestws_radio_frozen-epoch=26-val_loss=0.66-v2.ckpt
LOCAL_RANK: 0 - CUDA_VISIBLE_DEVICES: [0]
Loaded model weights from the checkpoint at /nas-ctm01/homes/fmferreira/AI4LUNGS/checkpoints/fold_01/bestws_radio_frozen-epoch=26-val_loss=0.66-v2.ckpt
wandb: Waiting for W&B process to finish... (success).
wandb: 
wandb: Run history:
wandb:               epoch ▁▁▁▁▂▂▂▂▂▃▃▃▃▃▃▄▄▄▄▄▅▅▅▅▅▅▆▆▆▆▆▇▇▇▇▇▇▇██
wandb:          test_auroc ▁
wandb:   test_balanced_acc ▁
wandb:         test_cindex ▁
wandb:       test_f1_score ▁
wandb:            test_ibs ▁
wandb:      test_precision ▁
wandb:         test_recall ▁
wandb:    train_loss_epoch ▇█▆▅▅▄▅▃▄▃▄▄▂▄▃▄▃▃▂▃▃▃▃▁▂▂▃▃▃▂▃▂▄▁▁▄▃▃▂▂
wandb:     train_loss_step █▇▆▅▅▅▂▄▂▅▇▄▃▂▁▄▁▄▇▅▅▃▄▂▂▄▁▅▂
wandb: trainer/global_step ▁▁▁▂▂▂▂▂▃▃▃▃▃▃▄▄▄▄▄▄▅▅▅▅▅▆▆▆▆▆▆▇▇▇▇▇████
wandb:           val_auroc ▁▁▁▃▂▂▃▅▅▅▆▇██▇▇▇▆▆▆▇▆▆▇▆▆▆▆▆▆▆▆▅▅▆▆▆▆▆▆
wandb:    val_balanced_acc ▃▃▃▃▃▃█▁▂▄▃▄▅▆▆▃▃▄▄▅▆▅▅▆▇▆▆▅▄▅▅▅▃▅▆▆▆▆▆█
wandb:          val_cindex ▃▂▁▁▂▁▁▂▃▄▄▅▅▅▅▆▆▆▆▆▆▆▆▇▇█▇▇▇▇▇▇▇▇▇▇▇██▇
wandb:        val_f1_score ▆▆▆▆▆▆█▃▃▄▃▄▄▅▅▂▃▃▃▄▄▂▂▄▅▃▃▃▁▂▂▂▁▂▃▃▂▃▃▄
wandb:             val_ibs █▇▇▆▅▄▄▃▃▃▃▂▂▂▂▂▂▂▂▁▁▁▁▁▁▁▁▁▁▁▁▁▁▁▁▁▁▁▁▁
wandb:            val_loss █▇▇▆▅▄▄▃▃▃▃▂▂▂▂▂▂▂▂▁▁▁▁▁▁▁▁▁▁▁▁▁▁▁▁▁▁▁▁▁
wandb:       val_precision ▁▁▁▁▁▁█▆▆▆▆▆▆▆▆▆▆▆▆▆▆▆▆▆▇▆▆▆▆▆▆▆▆▆▆▆▆▆▆▇
wandb:          val_recall ▃▃▃▃▃▃█▁▂▄▃▄▅▆▆▃▃▄▄▅▆▅▅▆▇▆▆▅▄▅▅▅▃▅▆▆▆▆▆█
wandb: 
wandb: Run summary:
wandb:               epoch 42
wandb:          test_auroc 0.6787
wandb:   test_balanced_acc 0.6
wandb:         test_cindex 0.63078
wandb:       test_f1_score 0.43333
wandb:            test_ibs 0.12107
wandb:      test_precision 0.575
wandb:         test_recall 0.6
wandb:    train_loss_epoch 0.49469
wandb:     train_loss_step 0.46393
wandb: trainer/global_step 294
wandb:           val_auroc 0.52573
wandb:    val_balanced_acc 0.55278
wandb:          val_cindex 0.53163
wandb:        val_f1_score 0.38462
wandb:             val_ibs 0.13449
wandb:            val_loss 0.65928
wandb:       val_precision 0.53992
wandb:          val_recall 0.55278
wandb: 
wandb: 🚀 View run ws_radio_frozen_Fold_2 at: https://wandb.ai/franciscosacouto-inesc-tec/test_encoder/runs/n0dswm5i
wandb: Synced 6 W&B file(s), 11 media file(s), 0 artifact file(s) and 0 other file(s)
wandb: Find logs at: ./wandb/run-20260206_163051-n0dswm5i/logs
/nas-ctm01/homes/fmferreira/.conda/envs/ai4lungs/lib/python3.11/site-packages/lightning_fabric/plugins/environments/slurm.py:204: The `srun` command is available on your system but is not used. HINT: If your intention is to run Lightning on SLURM, prepend your python command with `srun` like so: srun python encoder_survivalhead.py --config-name config_ws_radi ...
GPU available: True (cuda), used: True
TPU available: False, using: 0 TPU cores
wandb: - Waiting for wandb.init()...wandb: \ Waiting for wandb.init()...wandb: wandb version 0.24.2 is available!  To upgrade, please run:
wandb:  $ pip install wandb --upgrade
wandb: Tracking run with wandb version 0.15.2
wandb: Run data is saved locally in ./wandb/run-20260206_163201-ow3c87yt
wandb: Run `wandb offline` to turn off syncing.
wandb: Syncing run ws_radio_frozen_Fold_3
wandb: ⭐️ View project at https://wandb.ai/franciscosacouto-inesc-tec/test_encoder
wandb: 🚀 View run at https://wandb.ai/franciscosacouto-inesc-tec/test_encoder/runs/ow3c87yt
/nas-ctm01/homes/fmferreira/.conda/envs/ai4lungs/lib/python3.11/site-packages/pytorch_lightning/callbacks/model_checkpoint.py:881: Checkpoint directory /nas-ctm01/homes/fmferreira/AI4LUNGS/checkpoints/fold_02 exists and is not empty.
LOCAL_RANK: 0 - CUDA_VISIBLE_DEVICES: [0]
/nas-ctm01/homes/fmferreira/.conda/envs/ai4lungs/lib/python3.11/site-packages/pytorch_lightning/loops/fit_loop.py:317: The number of training batches (7) is smaller than the logging interval Trainer(log_every_n_steps=10). Set a lower value for log_every_n_steps if you want to see logs for the training epoch.
/nas-ctm01/homes/fmferreira/.conda/envs/ai4lungs/lib/python3.11/site-packages/pytorch_lightning/loops/fit_loop.py:534: Found 276 module(s) in eval mode at the start of training. This may lead to unexpected behavior during training. If this is intentional, you can ignore this warning.
Restoring states from the checkpoint path at /nas-ctm01/homes/fmferreira/AI4LUNGS/checkpoints/fold_02/bestws_radio_frozen-epoch=06-val_loss=0.63-v2.ckpt
LOCAL_RANK: 0 - CUDA_VISIBLE_DEVICES: [0]
Loaded model weights from the checkpoint at /nas-ctm01/homes/fmferreira/AI4LUNGS/checkpoints/fold_02/bestws_radio_frozen-epoch=06-val_loss=0.63-v2.ckpt
wandb: Waiting for W&B process to finish... (success).
wandb: - 0.319 MB of 0.319 MB uploaded (0.000 MB deduped)wandb: \ 0.319 MB of 0.319 MB uploaded (0.000 MB deduped)wandb: | 0.319 MB of 0.362 MB uploaded (0.000 MB deduped)wandb: / 0.319 MB of 0.362 MB uploaded (0.000 MB deduped)wandb: 
wandb: Run history:
wandb:               epoch ▁▁▁▁▂▂▂▂▂▃▃▃▃▃▄▄▄▄▄▄▅▅▅▅▅▅▅▆▆▆▆▆▇▇▇▇▇▇██
wandb:          test_auroc ▁
wandb:   test_balanced_acc ▁
wandb:         test_cindex ▁
wandb:       test_f1_score ▁
wandb:            test_ibs ▁
wandb:      test_precision ▁
wandb:         test_recall ▁
wandb:    train_loss_epoch █▇▆▅▄▄▂▃▄▃▂▄▂▄▄▄▃▂▄▃▁▄
wandb:     train_loss_step ▆▄▆▆▇▇▁▆▃█▇▅▇▄▇
wandb: trainer/global_step ▁▁▁▁▂▂▂▂▃▃▃▃▃▃▄▄▄▄▄▄▅▅▅▅▅▆▆▆▆▆▇▇▇▇▇▇████
wandb:           val_auroc ▄▄▄▅▄▆▇█▅▅▃▃▁▂▂▁▁▁▂▂▄▄
wandb:    val_balanced_acc ▃▃▇▆▆▄▆▆▄▆▇▆▆▆▇▆█▁▁▆▆▄
wandb:          val_cindex ▆▅▃▁▅█▆▆▆▇▆▆▆▅▅▆█▆▅▇▄▅
wandb:        val_f1_score ▇▇█▆▅▄▅▅▃▅▆▆▅▆▆▅▆▁▁▅▅▃
wandb:             val_ibs █▆▄▃▂▁▁▁▁▂▃▃▃▃▃▃▂▂▂▂▂▂
wandb:            val_loss █▆▄▃▂▁▁▁▂▃▃▄▄▅▄▄▃▃▃▃▃▃
wandb:       val_precision ▁▁█▇▇▇▇▇▇▇▇▇▇▇▇▇▇▆▆▇▇▇
wandb:          val_recall ▃▃▇▆▆▄▆▆▄▆▇▆▆▆▇▆█▁▁▆▆▄
wandb: 
wandb: Run summary:
wandb:               epoch 22
wandb:          test_auroc 0.55926
wandb:   test_balanced_acc 0.55
wandb:         test_cindex 0.58681
wandb:       test_f1_score 0.3871
wandb:            test_ibs 0.12425
wandb:      test_precision 0.53759
wandb:         test_recall 0.55
wandb:    train_loss_epoch 0.56234
wandb:     train_loss_step 0.60938
wandb: trainer/global_step 154
wandb:           val_auroc 0.50052
wandb:    val_balanced_acc 0.51202
wandb:          val_cindex 0.53055
wandb:        val_f1_score 0.32877
wandb:             val_ibs 0.13308
wandb:            val_loss 0.64566
wandb:       val_precision 0.50902
wandb:          val_recall 0.51202
wandb: 
wandb: 🚀 View run ws_radio_frozen_Fold_3 at: https://wandb.ai/franciscosacouto-inesc-tec/test_encoder/runs/ow3c87yt
wandb: Synced 6 W&B file(s), 7 media file(s), 0 artifact file(s) and 0 other file(s)
wandb: Find logs at: ./wandb/run-20260206_163201-ow3c87yt/logs
