/nas-ctm01/homes/fmferreira/.conda/envs/ai4lungs/lib/python3.11/site-packages/torchmetrics/utilities/imports.py:22: UserWarning: pkg_resources is deprecated as an API. See https://setuptools.pypa.io/en/latest/pkg_resources.html. The pkg_resources package is slated for removal as early as 2025-11-30. Refrain from using this package or pin to Setuptools<81.
  from pkg_resources import DistributionNotFound, get_distribution
/nas-ctm01/homes/fmferreira/.conda/envs/ai4lungs/lib/python3.11/site-packages/timm/models/layers/__init__.py:48: FutureWarning: Importing from timm.models.layers is deprecated, please import via timm.layers
  warnings.warn(f"Importing from {__name__} is deprecated, please import via timm.layers", FutureWarning)
/nas-ctm01/homes/fmferreira/.conda/envs/ai4lungs/lib/python3.11/site-packages/lightning_fabric/plugins/environments/slurm.py:204: The `srun` command is available on your system but is not used. HINT: If your intention is to run Lightning on SLURM, prepend your python command with `srun` like so: srun python encoder_survivalhead.py --config-name config_ws.yaml ...
GPU available: True (cuda), used: True
TPU available: False, using: 0 TPU cores
You are using a CUDA device ('NVIDIA A100 80GB PCIe') that has Tensor Cores. To properly utilize them, you should set `torch.set_float32_matmul_precision('medium' | 'high')` which will trade-off precision for performance. For more details, read https://pytorch.org/docs/stable/generated/torch.set_float32_matmul_precision.html#torch.set_float32_matmul_precision
/nas-ctm01/homes/fmferreira/.conda/envs/ai4lungs/lib/python3.11/site-packages/wandb/apis/public.py:3106: UserWarning: pkg_resources is deprecated as an API. See https://setuptools.pypa.io/en/latest/pkg_resources.html. The pkg_resources package is slated for removal as early as 2025-11-30. Refrain from using this package or pin to Setuptools<81.
  from pkg_resources import parse_version
wandb: Currently logged in as: franciscosacouto (franciscosacouto-inesc-tec). Use `wandb login --relogin` to force relogin
wandb: wandb version 0.25.0 is available!  To upgrade, please run:
wandb:  $ pip install wandb --upgrade
wandb: Tracking run with wandb version 0.15.2
wandb: Run data is saved locally in ./wandb/run-20260302_191934-2sns8p9m
wandb: Run `wandb offline` to turn off syncing.
wandb: Syncing run baseline_Fold_1
wandb: ⭐️ View project at https://wandb.ai/franciscosacouto-inesc-tec/test_encoder
wandb: 🚀 View run at https://wandb.ai/franciscosacouto-inesc-tec/test_encoder/runs/2sns8p9m
/nas-ctm01/homes/fmferreira/.conda/envs/ai4lungs/lib/python3.11/site-packages/pytorch_lightning/callbacks/model_checkpoint.py:881: Checkpoint directory /nas-ctm01/homes/fmferreira/AI4LUNGS/checkpoints/fold_00 exists and is not empty.
LOCAL_RANK: 0 - CUDA_VISIBLE_DEVICES: [0]
/nas-ctm01/homes/fmferreira/.conda/envs/ai4lungs/lib/python3.11/site-packages/pytorch_lightning/loops/fit_loop.py:534: Found 164 module(s) in eval mode at the start of training. This may lead to unexpected behavior during training. If this is intentional, you can ignore this warning.
Restoring states from the checkpoint path at /nas-ctm01/homes/fmferreira/AI4LUNGS/checkpoints/fold_00/bestbaseline-epoch=07-val_loss=0.57.ckpt
LOCAL_RANK: 0 - CUDA_VISIBLE_DEVICES: [0]
Loaded model weights from the checkpoint at /nas-ctm01/homes/fmferreira/AI4LUNGS/checkpoints/fold_00/bestbaseline-epoch=07-val_loss=0.57.ckpt
wandb: Waiting for W&B process to finish... (success).
wandb: - 0.313 MB of 0.313 MB uploaded (0.000 MB deduped)wandb: \ 0.313 MB of 0.313 MB uploaded (0.000 MB deduped)wandb: | 0.313 MB of 0.313 MB uploaded (0.000 MB deduped)wandb: / 0.313 MB of 0.313 MB uploaded (0.000 MB deduped)wandb: - 0.313 MB of 0.313 MB uploaded (0.000 MB deduped)wandb: 
wandb: Run history:
wandb:               epoch ▁▁▁▁▂▂▂▂▂▃▃▃▃▃▃▃▄▄▄▄▄▅▅▅▅▅▆▆▆▆▆▆▆▇▇▇▇▇██
wandb:          test_auroc ▁
wandb:   test_balanced_acc ▁
wandb:         test_cindex ▁
wandb:       test_f1_score ▁
wandb:            test_ibs ▁
wandb:      test_precision ▁
wandb:         test_recall ▁
wandb:    train_loss_epoch ██▇▆▆▅▄▄▃▃▄▃▄▄▄▃▂▁▁▄▃▃▄
wandb:     train_loss_step ▇▆▇▆▄▃▆▅▃▃▃▄▃▄▄█▁▂▄▂▅▆▅
wandb: trainer/global_step ▁▁▁▁▂▂▂▂▂▃▃▃▃▃▄▄▄▄▄▄▄▅▅▅▅▆▆▆▆▆▆▇▇▇▇▇████
wandb:           val_auroc ▃▂▆▇▅▅▅▆▃▃▂▄▅▆▆▆▅▅█▃▁▁▂
wandb:    val_balanced_acc ▄▄▄▄▄█▄▁▁▅▂▃▆▆▃▄▅▃▄▃▄▄▄
wandb:          val_cindex ▂▁▄▅▆▆▅▆▄▁▂▃▆▅▆▇▆▆█▄▁▁▂
wandb:        val_f1_score ▇▇▇▇▇█▅▂▁▇▄▂▇▇▃▃▅▃▄▄▅▁▃
wandb:             val_ibs ▂▂▂▂▂▁▁▁▂█▃▃▁▄▃▂▂▂▂▄▄▃▃
wandb:            val_loss ▁▁▂▂▁▁▁▁▁█▂▄▁▃▄▃▂▂▂▅▄▄▄
wandb:       val_precision ▁▁▁▁▁█▆▅▅█▆▅▇▇▆▇▇▆▆▆▆▆▇
wandb:          val_recall ▄▄▄▄▄█▄▁▁▅▂▃▆▆▃▄▅▃▄▃▄▄▄
wandb: 
wandb: Run summary:
wandb:               epoch 23
wandb:          test_auroc 0.59167
wandb:   test_balanced_acc 0.58333
wandb:         test_cindex 0.59515
wandb:       test_f1_score 0.4
wandb:            test_ibs 0.12544
wandb:      test_precision 0.56667
wandb:         test_recall 0.58333
wandb:    train_loss_epoch 0.39166
wandb:     train_loss_step 0.45396
wandb: trainer/global_step 230
wandb:           val_auroc 0.5005
wandb:    val_balanced_acc 0.51181
wandb:          val_cindex 0.47853
wandb:        val_f1_score 0.16216
wandb:             val_ibs 0.15949
wandb:            val_loss 1.3929
wandb:       val_precision 0.52629
wandb:          val_recall 0.51181
wandb: 
wandb: 🚀 View run baseline_Fold_1 at: https://wandb.ai/franciscosacouto-inesc-tec/test_encoder/runs/2sns8p9m
wandb: Synced 6 W&B file(s), 7 media file(s), 0 artifact file(s) and 0 other file(s)
wandb: Find logs at: ./wandb/run-20260302_191934-2sns8p9m/logs
/nas-ctm01/homes/fmferreira/.conda/envs/ai4lungs/lib/python3.11/site-packages/lightning_fabric/plugins/environments/slurm.py:204: The `srun` command is available on your system but is not used. HINT: If your intention is to run Lightning on SLURM, prepend your python command with `srun` like so: srun python encoder_survivalhead.py --config-name config_ws.yaml ...
GPU available: True (cuda), used: True
TPU available: False, using: 0 TPU cores
wandb: - Waiting for wandb.init()...wandb: \ Waiting for wandb.init()...wandb: wandb version 0.25.0 is available!  To upgrade, please run:
wandb:  $ pip install wandb --upgrade
wandb: Tracking run with wandb version 0.15.2
wandb: Run data is saved locally in ./wandb/run-20260302_192558-19fhcea7
wandb: Run `wandb offline` to turn off syncing.
wandb: Syncing run baseline_Fold_2
wandb: ⭐️ View project at https://wandb.ai/franciscosacouto-inesc-tec/test_encoder
wandb: 🚀 View run at https://wandb.ai/franciscosacouto-inesc-tec/test_encoder/runs/19fhcea7
/nas-ctm01/homes/fmferreira/.conda/envs/ai4lungs/lib/python3.11/site-packages/pytorch_lightning/callbacks/model_checkpoint.py:881: Checkpoint directory /nas-ctm01/homes/fmferreira/AI4LUNGS/checkpoints/fold_01 exists and is not empty.
LOCAL_RANK: 0 - CUDA_VISIBLE_DEVICES: [0]
/nas-ctm01/homes/fmferreira/.conda/envs/ai4lungs/lib/python3.11/site-packages/pytorch_lightning/loops/fit_loop.py:534: Found 164 module(s) in eval mode at the start of training. This may lead to unexpected behavior during training. If this is intentional, you can ignore this warning.
Restoring states from the checkpoint path at /nas-ctm01/homes/fmferreira/AI4LUNGS/checkpoints/fold_01/bestbaseline-epoch=10-val_loss=0.69.ckpt
LOCAL_RANK: 0 - CUDA_VISIBLE_DEVICES: [0]
Loaded model weights from the checkpoint at /nas-ctm01/homes/fmferreira/AI4LUNGS/checkpoints/fold_01/bestbaseline-epoch=10-val_loss=0.69.ckpt
wandb: Waiting for W&B process to finish... (success).
wandb: 
wandb: Run history:
wandb:               epoch ▁▁▁▂▂▂▂▂▂▃▃▃▃▃▃▄▄▄▄▄▅▅▅▅▅▅▆▆▆▆▆▆▇▇▇▇▇▇██
wandb:          test_auroc ▁
wandb:   test_balanced_acc ▁
wandb:         test_cindex ▁
wandb:       test_f1_score ▁
wandb:            test_ibs ▁
wandb:      test_precision ▁
wandb:         test_recall ▁
wandb:    train_loss_epoch █▇▆▆▅▄▆▆▅▅▃▂▄▅▄▃▂▂▂▂▂▃▂▁▁▂
wandb:     train_loss_step ▇▆▇▇▆▂▆█▆▄▅▃▆▆▄▅▁▃▂▂▂▂▅▃▄▂
wandb: trainer/global_step ▁▁▁▁▂▂▂▂▂▂▃▃▃▃▄▄▄▄▄▄▅▅▅▅▅▅▆▆▆▆▇▇▇▇▇▇████
wandb:           val_auroc ▆▆▆▅▂▁▆█▅▄▅▇▅▂▁▂▅▄▄▆▄▂▂▃▃▃
wandb:    val_balanced_acc ▁▁▁▁▃▄█▆▄▃▅▇▃▁▄▆▅▅▆██▃▃▂▄▄
wandb:          val_cindex ▆▅▅▅▁▄▆█▅▅▆▆▃▄▄▄▅▅▅▆▅▄▄▅▅▄
wandb:        val_f1_score ▆▆▆▆▆▇▆▃▇▅▄▇▆▄▅▆▅▆▆▇█▂▃▁▅▅
wandb:             val_ibs ▄▄▅▅▅▃▁▂▇▄▂▂█▄▃▄▃▄▅▃▅█▇▇▅▄
wandb:            val_loss ▁▁▁▁▁▁▁▁▂▁▁▂▄▂▁▁▂▂▃▃▂█▄▅▃▂
wandb:       val_precision ▁▁▁▁█▇▇▇▇▆▇▇▇▆▇▇▇▇▇▇▇▇▆▆▇▇
wandb:          val_recall ▁▁▁▁▃▄█▆▄▃▅▇▃▁▄▆▅▅▆██▃▃▂▄▄
wandb: 
wandb: Run summary:
wandb:               epoch 26
wandb:          test_auroc 0.6287
wandb:   test_balanced_acc 0.63333
wandb:         test_cindex 0.6232
wandb:       test_f1_score 0.45455
wandb:            test_ibs 0.12475
wandb:      test_precision 0.61905
wandb:         test_recall 0.63333
wandb:    train_loss_epoch 0.20531
wandb:     train_loss_step 0.17568
wandb: trainer/global_step 260
wandb:           val_auroc 0.55652
wandb:    val_balanced_acc 0.5331
wandb:          val_cindex 0.52271
wandb:        val_f1_score 0.39175
wandb:             val_ibs 0.14733
wandb:            val_loss 0.80152
wandb:       val_precision 0.52761
wandb:          val_recall 0.5331
wandb: 
wandb: 🚀 View run baseline_Fold_2 at: https://wandb.ai/franciscosacouto-inesc-tec/test_encoder/runs/19fhcea7
wandb: Synced 6 W&B file(s), 8 media file(s), 0 artifact file(s) and 0 other file(s)
wandb: Find logs at: ./wandb/run-20260302_192558-19fhcea7/logs
/nas-ctm01/homes/fmferreira/.conda/envs/ai4lungs/lib/python3.11/site-packages/lightning_fabric/plugins/environments/slurm.py:204: The `srun` command is available on your system but is not used. HINT: If your intention is to run Lightning on SLURM, prepend your python command with `srun` like so: srun python encoder_survivalhead.py --config-name config_ws.yaml ...
GPU available: True (cuda), used: True
TPU available: False, using: 0 TPU cores
wandb: - Waiting for wandb.init()...wandb: \ Waiting for wandb.init()...wandb: wandb version 0.25.0 is available!  To upgrade, please run:
wandb:  $ pip install wandb --upgrade
wandb: Tracking run with wandb version 0.15.2
wandb: Run data is saved locally in ./wandb/run-20260302_193129-s83gtgah
wandb: Run `wandb offline` to turn off syncing.
wandb: Syncing run baseline_Fold_3
wandb: ⭐️ View project at https://wandb.ai/franciscosacouto-inesc-tec/test_encoder
wandb: 🚀 View run at https://wandb.ai/franciscosacouto-inesc-tec/test_encoder/runs/s83gtgah
/nas-ctm01/homes/fmferreira/.conda/envs/ai4lungs/lib/python3.11/site-packages/pytorch_lightning/callbacks/model_checkpoint.py:881: Checkpoint directory /nas-ctm01/homes/fmferreira/AI4LUNGS/checkpoints/fold_02 exists and is not empty.
LOCAL_RANK: 0 - CUDA_VISIBLE_DEVICES: [0]
/nas-ctm01/homes/fmferreira/.conda/envs/ai4lungs/lib/python3.11/site-packages/pytorch_lightning/loops/fit_loop.py:534: Found 164 module(s) in eval mode at the start of training. This may lead to unexpected behavior during training. If this is intentional, you can ignore this warning.
Restoring states from the checkpoint path at /nas-ctm01/homes/fmferreira/AI4LUNGS/checkpoints/fold_02/bestbaseline-epoch=04-val_loss=0.48.ckpt
LOCAL_RANK: 0 - CUDA_VISIBLE_DEVICES: [0]
Loaded model weights from the checkpoint at /nas-ctm01/homes/fmferreira/AI4LUNGS/checkpoints/fold_02/bestbaseline-epoch=04-val_loss=0.48.ckpt
wandb: Waiting for W&B process to finish... (success).
wandb: - 0.253 MB of 0.253 MB uploaded (0.000 MB deduped)wandb: \ 0.253 MB of 0.253 MB uploaded (0.000 MB deduped)wandb: | 0.253 MB of 0.253 MB uploaded (0.000 MB deduped)wandb: / 0.253 MB of 0.253 MB uploaded (0.000 MB deduped)wandb: - 0.253 MB of 0.253 MB uploaded (0.000 MB deduped)wandb: \ 0.253 MB of 0.253 MB uploaded (0.000 MB deduped)wandb: 
wandb: Run history:
wandb:               epoch ▁▁▁▁▂▂▂▂▂▂▃▃▃▃▃▃▄▄▄▄▅▅▅▅▅▅▆▆▆▆▆▆▇▇▇▇▇▇██
wandb:          test_auroc ▁
wandb:   test_balanced_acc ▁
wandb:         test_cindex ▁
wandb:       test_f1_score ▁
wandb:            test_ibs ▁
wandb:      test_precision ▁
wandb:         test_recall ▁
wandb:    train_loss_epoch ▁▁▁▁▁▁▁▁▁▁▁▁▁▁▁▁█▁▁▁
wandb:     train_loss_step ▃▃▂▂▂▂▃▃▂▂▂▂▂▁▁▁▂▂█▃
wandb: trainer/global_step ▁▁▁▁▁▂▂▂▂▂▃▃▃▃▄▄▄▄▄▄▅▅▅▅▅▅▆▆▆▆▆▆▇▇▇█████
wandb:           val_auroc █▇█▆█▆▄▁▅▇▆▆▇█▆▆▆▅▅▅
wandb:    val_balanced_acc ▃▃▃▅█▇▄▁▅▇▇▅▇▅▃▃▆▃▃▃
wandb:          val_cindex ▇▇▇▇█▆▄▁▅▇▇▇▇█▆▅▆▄▄▄
wandb:        val_f1_score ▅▅▆▇█▇▆▃▅▇▇▅▇▅▃▁▆▃▂▃
wandb:             val_ibs ▅▅▅▄▁▃▅▅▃▂▃▄▅▃▅▆█▇▅▄
wandb:            val_loss ▃▃▃▂▁▂▃▃▂▁▂▄▃▁▄██▄▂▂
wandb:       val_precision ▁▁████▇▅▇█▇▇▇▇▆▆▇▆▆▆
wandb:          val_recall ▃▃▃▅█▇▄▁▅▇▇▅▇▅▃▃▆▃▃▃
wandb: 
wandb: Run summary:
wandb:               epoch 20
wandb:          test_auroc 0.48148
wandb:   test_balanced_acc 0.44167
wandb:         test_cindex 0.48976
wandb:       test_f1_score 0.23529
wandb:            test_ibs 0.13586
wandb:      test_precision 0.45392
wandb:         test_recall 0.44167
wandb:    train_loss_epoch 0.56016
wandb:     train_loss_step 0.52357
wandb: trainer/global_step 200
wandb:           val_auroc 0.55873
wandb:    val_balanced_acc 0.51058
wandb:          val_cindex 0.53519
wandb:        val_f1_score 0.29508
wandb:             val_ibs 0.13824
wandb:            val_loss 0.61843
wandb:       val_precision 0.50885
wandb:          val_recall 0.51058
wandb: 
wandb: 🚀 View run baseline_Fold_3 at: https://wandb.ai/franciscosacouto-inesc-tec/test_encoder/runs/s83gtgah
wandb: Synced 6 W&B file(s), 6 media file(s), 0 artifact file(s) and 0 other file(s)
wandb: Find logs at: ./wandb/run-20260302_193129-s83gtgah/logs
