/nas-ctm01/homes/fmferreira/.conda/envs/ctClip/lib/python3.9/site-packages/timm/models/layers/__init__.py:49: FutureWarning: Importing from timm.models.layers is deprecated, please import via timm.layers
  warnings.warn(f"Importing from {__name__} is deprecated, please import via timm.layers", FutureWarning)
/nas-ctm01/homes/fmferreira/.conda/envs/ctClip/lib/python3.9/site-packages/torch/_dynamo/eval_frame.py:929: UserWarning: torch.utils.checkpoint: the use_reentrant parameter should be passed explicitly. In version 2.5 we will raise an exception if use_reentrant is not passed. use_reentrant=False is recommended, but if you need to preserve the current default behavior, you can pass use_reentrant=True. Refer to docs for more details on the differences between the two variants.
  return fn(*args, **kwargs)
/nas-ctm01/homes/fmferreira/.conda/envs/ctClip/lib/python3.9/site-packages/torch/utils/checkpoint.py:85: UserWarning: None of the inputs have requires_grad=True. Gradients will be None
  warnings.warn(
Token indices sequence length is longer than the specified maximum sequence length for this model (134 > 77). Running this sequence through the model will result in indexing errors
Error executing job with overrides: []
Traceback (most recent call last):
  File "/nas-ctm01/homes/fmferreira/AI4LUNGS/encoder_survivalhead.py", line 306, in main
    current_wandb_logger = WandbLogger(
  File "/nas-ctm01/homes/fmferreira/.conda/envs/ctClip/lib/python3.9/site-packages/lightning/pytorch/loggers/wandb.py", line 312, in __init__
    raise ModuleNotFoundError(str(_WANDB_AVAILABLE))
ModuleNotFoundError: Requirement 'wandb>=0.12.10' not met. HINT: Try running `pip install -U 'wandb>=0.12.10'`

Set the environment variable HYDRA_FULL_ERROR=1 for a complete stack trace.
/nas-ctm01/homes/fmferreira/.conda/envs/ctClip/lib/python3.9/site-packages/timm/models/layers/__init__.py:49: FutureWarning: Importing from timm.models.layers is deprecated, please import via timm.layers
  warnings.warn(f"Importing from {__name__} is deprecated, please import via timm.layers", FutureWarning)
/nas-ctm01/homes/fmferreira/.conda/envs/ctClip/lib/python3.9/site-packages/torch/_dynamo/eval_frame.py:929: UserWarning: torch.utils.checkpoint: the use_reentrant parameter should be passed explicitly. In version 2.5 we will raise an exception if use_reentrant is not passed. use_reentrant=False is recommended, but if you need to preserve the current default behavior, you can pass use_reentrant=True. Refer to docs for more details on the differences between the two variants.
  return fn(*args, **kwargs)
/nas-ctm01/homes/fmferreira/.conda/envs/ctClip/lib/python3.9/site-packages/torch/utils/checkpoint.py:85: UserWarning: None of the inputs have requires_grad=True. Gradients will be None
  warnings.warn(
Token indices sequence length is longer than the specified maximum sequence length for this model (206 > 77). Running this sequence through the model will result in indexing errors
Error executing job with overrides: []
Traceback (most recent call last):
  File "/nas-ctm01/homes/fmferreira/AI4LUNGS/encoder_survivalhead.py", line 306, in main
    current_wandb_logger = WandbLogger(
  File "/nas-ctm01/homes/fmferreira/.conda/envs/ctClip/lib/python3.9/site-packages/lightning/pytorch/loggers/wandb.py", line 312, in __init__
    raise ModuleNotFoundError(str(_WANDB_AVAILABLE))
ModuleNotFoundError: Requirement 'wandb>=0.12.10' not met. HINT: Try running `pip install -U 'wandb>=0.12.10'`

Set the environment variable HYDRA_FULL_ERROR=1 for a complete stack trace.
/nas-ctm01/homes/fmferreira/.conda/envs/ctClip/lib/python3.9/site-packages/timm/models/layers/__init__.py:49: FutureWarning: Importing from timm.models.layers is deprecated, please import via timm.layers
  warnings.warn(f"Importing from {__name__} is deprecated, please import via timm.layers", FutureWarning)
/nas-ctm01/homes/fmferreira/.conda/envs/ctClip/lib/python3.9/site-packages/torch/_dynamo/eval_frame.py:929: UserWarning: torch.utils.checkpoint: the use_reentrant parameter should be passed explicitly. In version 2.5 we will raise an exception if use_reentrant is not passed. use_reentrant=False is recommended, but if you need to preserve the current default behavior, you can pass use_reentrant=True. Refer to docs for more details on the differences between the two variants.
  return fn(*args, **kwargs)
/nas-ctm01/homes/fmferreira/.conda/envs/ctClip/lib/python3.9/site-packages/torch/utils/checkpoint.py:85: UserWarning: None of the inputs have requires_grad=True. Gradients will be None
  warnings.warn(
Token indices sequence length is longer than the specified maximum sequence length for this model (249 > 77). Running this sequence through the model will result in indexing errors
Error executing job with overrides: []
Traceback (most recent call last):
  File "/nas-ctm01/homes/fmferreira/AI4LUNGS/encoder_survivalhead.py", line 306, in main
    current_wandb_logger = WandbLogger(
  File "/nas-ctm01/homes/fmferreira/.conda/envs/ctClip/lib/python3.9/site-packages/lightning/pytorch/loggers/wandb.py", line 312, in __init__
    raise ModuleNotFoundError(str(_WANDB_AVAILABLE))
ModuleNotFoundError: Requirement 'wandb>=0.12.10' not met. HINT: Try running `pip install -U 'wandb>=0.12.10'`

Set the environment variable HYDRA_FULL_ERROR=1 for a complete stack trace.
